Archive member included to satisfy reference by file (symbol)

build/cooja/mtype824.a(simEnvChange.o)
                              build/cooja/mtype824.o (simDontFallAsleep)
build/cooja/mtype824.a(cooja_mt.o)
                              build/cooja/mtype824.o (cooja_mt_start)
build/cooja/mtype824.a(cooja_mtarch.o)
                              build/cooja/mtype824.a(cooja_mt.o) (cooja_mtarch_start)
build/cooja/mtype824.a(rtimer-arch.o)
                              build/cooja/mtype824.o (rtimer_arch_check)
build/cooja/mtype824.a(beep.o)
                              build/cooja/mtype824.o (beep_interface)
build/cooja/mtype824.a(leds-arch.o)
                              build/cooja/mtype824.o (leds_interface)
build/cooja/mtype824.a(moteid.o)
                              build/cooja/mtype824.o (moteid_interface)
build/cooja/mtype824.a(pir-sensor.o)
                              build/cooja/mtype824.o (pir_interface)
build/cooja/mtype824.a(rs232.o)
                              build/cooja/mtype824.o (rs232_interface)
build/cooja/mtype824.a(vib-sensor.o)
                              build/cooja/mtype824.o (vib_interface)
build/cooja/mtype824.a(clock.o)
                              build/cooja/mtype824.o (clock_interface)
build/cooja/mtype824.a(cooja-log.o)
                              build/cooja/mtype824.o (simlog_interface)
build/cooja/mtype824.a(cfs-cooja.o)
                              build/cooja/mtype824.o (cfs_interface)
build/cooja/mtype824.a(cooja-radio.o)
                              build/cooja/mtype824.o (radio_interface)
build/cooja/mtype824.a(eeprom.o)
                              build/cooja/mtype824.o (eeprom_interface)
build/cooja/mtype824.a(random.o)
                              build/cooja/mtype824.a(moteid.o) (random_init)
build/cooja/mtype824.a(sensors.o)
                              build/cooja/mtype824.a(pir-sensor.o) (sensors_changed)
build/cooja/mtype824.a(leds.o)
                              build/cooja/mtype824.a(leds-arch.o) (leds_get)
build/cooja/mtype824.a(gpio-hal-arch.o)
                              build/cooja/mtype824.a(leds-arch.o) (gpio_hal_arch_register_pin_callback)
build/cooja/mtype824.a(buttons.o)
                              build/cooja/mtype824.o (button_interface)
build/cooja/mtype824.a(contiki-main.o)
                              build/cooja/mtype824.o (main)
build/cooja/mtype824.a(autostart.o)
                              build/cooja/mtype824.a(contiki-main.o) (autostart_start)
build/cooja/mtype824.a(ctimer.o)
                              build/cooja/mtype824.a(contiki-main.o) (ctimer_init)
build/cooja/mtype824.a(energest.o)
                              build/cooja/mtype824.a(contiki-main.o) (energest_init)
build/cooja/mtype824.a(etimer.o)
                              build/cooja/mtype824.a(contiki-main.o) (etimer_process)
build/cooja/mtype824.a(log.o)
                              build/cooja/mtype824.a(contiki-main.o) (curr_log_level_main)
build/cooja/mtype824.a(rtimer.o)
                              build/cooja/mtype824.a(contiki-main.o) (rtimer_init)
build/cooja/mtype824.a(node-id.o)
                              build/cooja/mtype824.a(contiki-main.o) (node_id)
build/cooja/mtype824.a(process.o)
                              build/cooja/mtype824.a(ctimer.o) (process_current)
build/cooja/mtype824.a(timer.o)
                              build/cooja/mtype824.a(etimer.o) (timer_set)
build/cooja/mtype824.a(list.o)
                              build/cooja/mtype824.a(ctimer.o) (list_init)
build/cooja/mtype824.a(button-hal.o)
                              build/cooja/mtype824.o (button_hal_init)
build/cooja/mtype824.a(serial-line.o)
                              build/cooja/mtype824.a(rs232.o) (serial_line_input_byte)
build/cooja/mtype824.a(gpio-hal.o)
                              build/cooja/mtype824.a(button-hal.o) (gpio_hal_register_handler)
build/cooja/mtype824.a(queuebuf.o)
                              build/cooja/mtype824.a(contiki-main.o) (queuebuf_init)
build/cooja/mtype824.a(packetbuf.o)
                              build/cooja/mtype824.a(cooja-radio.o) (packetbuf_clear)
build/cooja/mtype824.a(netstack.o)
                              build/cooja/mtype824.a(contiki-main.o) (netstack_init)
build/cooja/mtype824.a(linkaddr.o)
                              build/cooja/mtype824.a(contiki-main.o) (linkaddr_node_addr)
build/cooja/mtype824.a(csma.o)
                              build/cooja/mtype824.a(cooja-radio.o) (csma_driver)
build/cooja/mtype824.a(csma-output.o)
                              build/cooja/mtype824.a(csma.o) (csma_output_packet)
build/cooja/mtype824.a(uip-ds6.o)
                              build/cooja/mtype824.a(contiki-main.o) (uip_ds6_get_link_local)
build/cooja/mtype824.a(tcpip.o)
                              build/cooja/mtype824.a(contiki-main.o) (tcpip_process)
build/cooja/mtype824.a(uip-ds6-route.o)
                              build/cooja/mtype824.a(uip-ds6.o) (uip_ds6_route_init)
[...]
Memory Configuration

Name             Origin             Length             Attributes
*default*        0x0000000000000000 0xffffffffffffffff

Linker script and memory map

LOAD /usr/lib/gcc/i686-linux-gnu/7/../../../i386-linux-gnu/crti.o
LOAD /usr/lib/gcc/i686-linux-gnu/7/crtbeginS.o
LOAD sensor-node.o
LOAD build/cooja/mtype824.o
LOAD build/cooja/mtype824.a
LOAD /usr/lib/gcc/i686-linux-gnu/7/libgcc.a
LOAD /usr/lib/gcc/i686-linux-gnu/7/libgcc_s.so
START GROUP
LOAD /usr/lib/gcc/i686-linux-gnu/7/libgcc_s.so.1
LOAD /usr/lib/gcc/i686-linux-gnu/7/libgcc.a
END GROUP
LOAD /usr/lib/gcc/i686-linux-gnu/7/../../../i386-linux-gnu/libc.so
START GROUP
LOAD /lib/i386-linux-gnu/libc.so.6
LOAD /usr/lib/i386-linux-gnu/libc_nonshared.a
LOAD /lib/i386-linux-gnu/ld-linux.so.2
END GROUP
LOAD /usr/lib/gcc/i686-linux-gnu/7/libgcc.a
LOAD /usr/lib/gcc/i686-linux-gnu/7/libgcc_s.so
START GROUP
LOAD /usr/lib/gcc/i686-linux-gnu/7/libgcc_s.so.1
LOAD /usr/lib/gcc/i686-linux-gnu/7/libgcc.a
END GROUP
LOAD /usr/lib/gcc/i686-linux-gnu/7/crtendS.o
LOAD /usr/lib/gcc/i686-linux-gnu/7/../../../i386-linux-gnu/crtn.o
                0x0000000000000114                . = (SEGMENT_START ("text-segment", 0x0) + SIZEOF_HEADERS)

.note.gnu.build-id
                0x0000000000000114       0x24
 *(.note.gnu.build-id)
 .note.gnu.build-id
                0x0000000000000114       0x24 /usr/lib/gcc/i686-linux-gnu/7/../../../i386-linux-gnu/crti.o

.hash
 *(.hash)

.gnu.hash       0x0000000000000138     0x1418
 *(.gnu.hash)
 .gnu.hash      0x0000000000000138     0x1418 /usr/lib/gcc/i686-linux-gnu/7/../../../i386-linux-gnu/crti.o

.dynsym         0x0000000000001550     0x28a0
 *(.dynsym)
 .dynsym        0x0000000000001550     0x28a0 /usr/lib/gcc/i686-linux-gnu/7/../../../i386-linux-gnu/crti.o

.dynstr         0x0000000000003df0     0x2e22
 *(.dynstr)
 .dynstr        0x0000000000003df0     0x2e22 /usr/lib/gcc/i686-linux-gnu/7/../../../i386-linux-gnu/crti.o

.gnu.version    0x0000000000006c12      0x514
 *(.gnu.version)
 .gnu.version   0x0000000000006c12      0x514 /usr/lib/gcc/i686-linux-gnu/7/../../../i386-linux-gnu/crti.o

.gnu.version_d  0x0000000000007128        0x0
 *(.gnu.version_d)
 .gnu.version_d
                0x0000000000007128        0x0 /usr/lib/gcc/i686-linux-gnu/7/../../../i386-linux-gnu/crti.o

.gnu.version_r  0x0000000000007128       0x40
 *(.gnu.version_r)
 .gnu.version_r
                0x0000000000007128       0x40 /usr/lib/gcc/i686-linux-gnu/7/../../../i386-linux-gnu/crti.o

.rel.dyn        0x0000000000007168      0xd88
 *(.rel.init)
 .rel.init      0x0000000000007168        0x0 /usr/lib/gcc/i686-linux-gnu/7/../../../i386-linux-gnu/crti.o
 *(.rel.text .rel.text.* .rel.gnu.linkonce.t.*)
 .rel.text      0x0000000000007168      0x4d8 /usr/lib/gcc/i686-linux-gnu/7/../../../i386-linux-gnu/crti.o
 *(.rel.fini)
 .rel.fini      0x0000000000007640        0x0 /usr/lib/gcc/i686-linux-gnu/7/../../../i386-linux-gnu/crti.o
 *(.rel.rodata .rel.rodata.* .rel.gnu.linkonce.r.*)
 *(.rel.data.rel.ro .rel.data.rel.ro.* .rel.gnu.linkonce.d.rel.ro.*)
 .rel.data.rel.ro.local
                0x0000000000007640      0x208 /usr/lib/gcc/i686-linux-gnu/7/../../../i386-linux-gnu/crti.o
 .rel.data.rel.ro
                0x0000000000007848       0xb0 /usr/lib/gcc/i686-linux-gnu/7/../../../i386-linux-gnu/crti.o
 *(.rel.data .rel.data.* .rel.gnu.linkonce.d.*)
 .rel.data.rel.local
                0x00000000000078f8      0x2e0 /usr/lib/gcc/i686-linux-gnu/7/../../../i386-linux-gnu/crti.o
 .rel.data.rel  0x0000000000007bd8       0x78 /usr/lib/gcc/i686-linux-gnu/7/../../../i386-linux-gnu/crti.o
 *(.rel.tdata .rel.tdata.* .rel.gnu.linkonce.td.*)
 *(.rel.tbss .rel.tbss.* .rel.gnu.linkonce.tb.*)
 *(.rel.ctors)
 *(.rel.dtors)
 *(.rel.got)
 .rel.got       0x0000000000007c50      0x290 /usr/lib/gcc/i686-linux-gnu/7/../../../i386-linux-gnu/crti.o
 *(.rel.bss .rel.bss.* .rel.gnu.linkonce.b.*)
 *(.rel.ifunc)
 .rel.ifunc     0x0000000000007ee0        0x0 /usr/lib/gcc/i686-linux-gnu/7/../../../i386-linux-gnu/crti.o
 .rel.fini_array
                0x0000000000007ee0        0x8 /usr/lib/gcc/i686-linux-gnu/7/../../../i386-linux-gnu/crti.o
 .rel.init_array
                0x0000000000007ee8        0x8 /usr/lib/gcc/i686-linux-gnu/7/../../../i386-linux-gnu/crti.o

.rel.plt        0x0000000000007ef0      0x920
 *(.rel.plt)
 .rel.plt       0x0000000000007ef0      0x920 /usr/lib/gcc/i686-linux-gnu/7/../../../i386-linux-gnu/crti.o
 *(.rel.iplt)

.init           0x0000000000008810       0x23
 *(SORT_NONE(.init))
 .init          0x0000000000008810       0x1e /usr/lib/gcc/i686-linux-gnu/7/../../../i386-linux-gnu/crti.o
                0x0000000000008810                _init
 .init          0x000000000000882e        0x5 /usr/lib/gcc/i686-linux-gnu/7/../../../i386-linux-gnu/crtn.o

.plt            0x0000000000008840     0x1250
 *(.plt)
 .plt           0x0000000000008840     0x1250 /usr/lib/gcc/i686-linux-gnu/7/../../../i386-linux-gnu/crti.o
 *(.iplt)

.plt.got        0x0000000000009a90       0x18
 *(.plt.got)
 .plt.got       0x0000000000009a90       0x18 /usr/lib/gcc/i686-linux-gnu/7/../../../i386-linux-gnu/crti.o

.plt.sec
 *(.plt.sec)

.text           0x0000000000009ab0    0x175f4
 *(.text.unlikely .text.*_unlikely .text.unlikely.*)
 *(.text.exit .text.exit.*)
 *(.text.startup .text.startup.*)
 *(.text.hot .text.hot.*)
 *(.text .stub .text.* .gnu.linkonce.t.*)
 .text          0x0000000000009ab0        0x0 /usr/lib/gcc/i686-linux-gnu/7/../../../i386-linux-gnu/crti.o
 .gnu.linkonce.t.__x86.get_pc_thunk.bx
                0x0000000000009ab0        0x4 /usr/lib/gcc/i686-linux-gnu/7/../../../i386-linux-gnu/crti.o
                0x0000000000009ab0                __x86.get_pc_thunk.bx
 *fill*         0x0000000000009ab4        0xc 
 .text          0x0000000000009ac0       0xe9 /usr/lib/gcc/i686-linux-gnu/7/crtbeginS.o
 .text.__x86.get_pc_thunk.dx
                0x0000000000009ba9        0x4 /usr/lib/gcc/i686-linux-gnu/7/crtbeginS.o
                0x0000000000009ba9                __x86.get_pc_thunk.dx
 .text          0x0000000000009bad       0xc4 sensor-node.o
 .text          0x0000000000009c71      0x36b build/cooja/mtype824.o
                0x0000000000009d23                platform_init_stage_one
                0x0000000000009d46                platform_init_stage_two
                0x0000000000009d69                platform_init_stage_three
                0x0000000000009d8c                platform_main_loop
                0x0000000000009e32                Java_org_contikios_cooja_corecomm_Lib1_init
                0x0000000000009e80                Java_org_contikios_cooja_corecomm_Lib1_getMemory
                0x0000000000009ec0                Java_org_contikios_cooja_corecomm_Lib1_setMemory
                0x0000000000009f31                Java_org_contikios_cooja_corecomm_Lib1_tick
                0x0000000000009fbb                Java_org_contikios_cooja_corecomm_Lib1_setReferenceAddress
 .text.__x86.get_pc_thunk.ax
                0x0000000000009fdc        0x4 build/cooja/mtype824.o
                0x0000000000009fdc                __x86.get_pc_thunk.ax
 .text          0x0000000000009fe0       0x8d build/cooja/mtype824.a(simEnvChange.o)
                0x0000000000009fe0                doActionsBeforeTick
                0x000000000000a026                doActionsAfterTick
 .text          0x000000000000a06d       0xb6 build/cooja/mtype824.a(cooja_mt.o)
                0x000000000000a06d                cooja_mt_start
                0x000000000000a0a7                cooja_mt_exec
                0x000000000000a0ee                cooja_mt_yield
 .text          0x000000000000a123       0xf2 build/cooja/mtype824.a(cooja_mtarch.o)
                0x000000000000a123                cooja_mtarch_start
                0x000000000000a1a7                cooja_sw
                0x000000000000a1d5                cooja_mtarch_exec
                0x000000000000a200                cooja_mtarch_yield
 .text          0x000000000000a215      0x127 build/cooja/mtype824.a(rtimer-arch.o)
                0x000000000000a215                rtimer_arch_init
                0x000000000000a244                rtimer_arch_schedule
                0x000000000000a286                rtimer_arch_next
                0x000000000000a2a0                rtimer_arch_pending
                0x000000000000a2b7                rtimer_arch_check
                0x000000000000a322                rtimer_arch_now
 .text.__x86.get_pc_thunk.cx
                0x000000000000a33c        0x4 build/cooja/mtype824.a(rtimer-arch.o)
                0x000000000000a33c                __x86.get_pc_thunk.cx
 .text          0x000000000000a340      0x101 build/cooja/mtype824.a(beep.o)
                0x000000000000a340                beep_alarm
                0x000000000000a359                beep_beep
                0x000000000000a372                beep
                0x000000000000a38b                beep_down
                0x000000000000a3a4                beep_on
                0x000000000000a3bd                beep_off
                0x000000000000a3d6                beep_spinup
                0x000000000000a3ef                beep_quick
                0x000000000000a408                beep_long
 .text          0x000000000000a441       0x9f build/cooja/mtype824.a(leds-arch.o)
                0x000000000000a465                leds_arch_init
 .text          0x000000000000a4e0       0x56 build/cooja/mtype824.a(moteid.o)
 .text          0x000000000000a536      0x101 build/cooja/mtype824.a(pir-sensor.o)
 .text          0x000000000000a637      0x1cc build/cooja/mtype824.a(rs232.o)
                0x000000000000a637                rs232_init
                0x000000000000a647                rs232_set_speed
                0x000000000000a660                rs232_set_input
                0x000000000000a679                rs232_send
                0x000000000000a6af                rs232_print
                0x000000000000a6dd                slip_arch_writeb
 .text          0x000000000000a803      0x101 build/cooja/mtype824.a(vib-sensor.o)
 .text          0x000000000000a904       0x7a build/cooja/mtype824.a(clock.o)
                0x000000000000a904                clock_init
                0x000000000000a914                clock_time
                0x000000000000a92b                clock_seconds
                0x000000000000a94e                clock_delay
 .text          0x000000000000a97e      0x2b5 build/cooja/mtype824.a(cooja-log.o)
                0x000000000000a97e                simlog_char
                0x000000000000a9e2                simlog
                0x000000000000aa7c                log_message
                0x000000000000aacb                log_set_putchar_with_slip
                0x000000000000aae4                log_putchar
                0x000000000000ab6f                log_puts
                0x000000000000aba1                log_printf
 .text          0x000000000000ac33      0x36c build/cooja/mtype824.a(cfs-cooja.o)
                0x000000000000ac33                cfs_open
                0x000000000000acab                cfs_close
                0x000000000000acc2                cfs_read
                0x000000000000ad76                cfs_write
                0x000000000000ae74                cfs_seek
                0x000000000000af11                cfs_remove
                0x000000000000af47                cfs_opendir
                0x000000000000af5b                cfs_readdir
                0x000000000000af6f                cfs_closedir
 .text          0x000000000000af9f      0x785 build/cooja/mtype824.a(cooja-radio.o)
                0x000000000000b00d                radio_set_channel
                0x000000000000b026                radio_set_txpower
                0x000000000000b049                radio_signal_strength_last
                0x000000000000b05e                radio_signal_strength_current
                0x000000000000b073                radio_LQI
 .text          0x000000000000b724      0x130 build/cooja/mtype824.a(eeprom.o)
                0x000000000000b724                eeprom_init
                0x000000000000b734                eeprom_read
                0x000000000000b7b4                eeprom_write
 .text          0x000000000000b854       0x4e build/cooja/mtype824.a(random.o)
                0x000000000000b854                random_init
                0x000000000000b884                random_rand
 .text          0x000000000000b8a2      0x332 build/cooja/mtype824.a(sensors.o)
                0x000000000000b8e9                sensors_first
                0x000000000000b900                sensors_next
                0x000000000000b92b                sensors_changed
                0x000000000000b978                sensors_find
 .text          0x000000000000bbd4      0x3fc build/cooja/mtype824.a(leds.o)
                0x000000000000bbd4                leds_init
                0x000000000000bc2c                leds_single_on
                0x000000000000bca4                leds_single_off
                0x000000000000bd1c                leds_single_toggle
                0x000000000000bd60                leds_on
                0x000000000000bdf8                leds_off
                0x000000000000be90                leds_toggle
                0x000000000000bef6                leds_set
                0x000000000000bf2c                leds_get
 .text          0x000000000000bfd0      0x401 build/cooja/mtype824.a(gpio-hal-arch.o)
                0x000000000000bfd0                gpio_hal_arch_register_pin_callback
                0x000000000000c051                gpio_hal_arch_init
                0x000000000000c0ab                gpio_hal_arch_no_port_interrupt_enable
                0x000000000000c0e5                gpio_hal_arch_no_port_interrupt_disable
                0x000000000000c11f                gpio_hal_arch_no_port_pin_cfg_set
                0x000000000000c14e                gpio_hal_arch_no_port_pin_cfg_get
                0x000000000000c17e                gpio_hal_arch_no_port_pin_set_input
                0x000000000000c19a                gpio_hal_arch_no_port_pin_set_output
                0x000000000000c1b6                gpio_hal_arch_no_port_set_pin
                0x000000000000c1e1                gpio_hal_arch_no_port_clear_pin
                0x000000000000c20c                gpio_hal_arch_no_port_read_pin
                0x000000000000c23e                gpio_hal_arch_no_port_write_pin
                0x000000000000c272                gpio_hal_arch_no_port_set_pins
                0x000000000000c2c3                gpio_hal_arch_no_port_clear_pins
                0x000000000000c314                gpio_hal_arch_no_port_read_pins
                0x000000000000c367                gpio_hal_arch_no_port_write_pins
 .text          0x000000000000c3d1       0xc6 build/cooja/mtype824.a(buttons.o)
 .text          0x000000000000c497      0x3c1 build/cooja/mtype824.a(contiki-main.o)
                0x000000000000c497                main
 .text          0x000000000000c858       0xb0 build/cooja/mtype824.a(autostart.o)
                0x000000000000c858                autostart_start
                0x000000000000c8b1                autostart_exit
 .text          0x000000000000c908      0x400 build/cooja/mtype824.a(ctimer.o)
                0x000000000000ca4b                ctimer_init
                0x000000000000ca90                ctimer_set
                0x000000000000cac3                ctimer_set_with_process
                0x000000000000cb5a                ctimer_reset
                0x000000000000cbc8                ctimer_restart
                0x000000000000cc36                ctimer_stop
                0x000000000000cc96                ctimer_expired
 .text          0x000000000000cd08       0x39 build/cooja/mtype824.a(energest.o)
                0x000000000000cd08                energest_init
                0x000000000000cd18                energest_flush
                0x000000000000cd28                energest_get_total_time
 .text          0x000000000000cd41      0x527 build/cooja/mtype824.a(etimer.o)
                0x000000000000cf96                etimer_request_poll
                0x000000000000d047                etimer_set
                0x000000000000d080                etimer_reset_with_new_interval
                0x000000000000d0bf                etimer_reset
                0x000000000000d0f5                etimer_restart
                0x000000000000d12b                etimer_adjust
                0x000000000000d152                etimer_expired
                0x000000000000d16f                etimer_expiration_time
                0x000000000000d18b                etimer_start_time
                0x000000000000d19f                etimer_pending
                0x000000000000d1bc                etimer_next_expiration_time
                0x000000000000d1e4                etimer_stop
 .text          0x000000000000d268      0x4a3 build/cooja/mtype824.a(log.o)
                0x000000000000d268                log_6addr
                0x000000000000d2cc                log_6addr_compact_snprint
                0x000000000000d38c                log_6addr_compact
                0x000000000000d3f0                log_lladdr
                0x000000000000d477                log_lladdr_compact
                0x000000000000d4f4                log_bytes
                0x000000000000d548                log_set_level
                0x000000000000d626                log_get_level
                0x000000000000d6b7                log_level_to_str
 .text          0x000000000000d70b      0x122 build/cooja/mtype824.a(rtimer.o)
                0x000000000000d70b                rtimer_init
                0x000000000000d72a                rtimer_set
                0x000000000000d7b8                rtimer_run_next
 .text          0x000000000000d82d       0x36 build/cooja/mtype824.a(node-id.o)
                0x000000000000d82d                node_id_init
 .text          0x000000000000d863      0x5cb build/cooja/mtype824.a(process.o)
                0x000000000000d863                process_alloc_event
                0x000000000000d884                process_start
                0x000000000000da89                process_exit
                0x000000000000dab1                process_init
                0x000000000000dc79                process_run
                0x000000000000dcbc                process_nevents
                0x000000000000dce1                process_post
                0x000000000000dd8e                process_post_synch
                0x000000000000ddd4                process_poll
                0x000000000000de10                process_is_running
 .text.__x86.get_pc_thunk.si
                0x000000000000de2e        0x4 build/cooja/mtype824.a(process.o)
                0x000000000000de2e                __x86.get_pc_thunk.si
 .text          0x000000000000de32       0xf6 build/cooja/mtype824.a(timer.o)
                0x000000000000de32                timer_set
                0x000000000000de61                timer_reset
                0x000000000000de98                timer_restart
                0x000000000000debe                timer_expired
                0x000000000000defc                timer_remaining
 .text          0x000000000000df28      0x311 build/cooja/mtype824.a(list.o)
                0x000000000000df28                list_init
                0x000000000000df41                list_head
                0x000000000000df55                list_copy
                0x000000000000df6f                list_tail
                0x000000000000dfaf                list_add
                0x000000000000e005                list_push
                0x000000000000e03b                list_chop
                0x000000000000e0af                list_pop
                0x000000000000e0e1                list_remove
                0x000000000000e153                list_length
                0x000000000000e18b                list_insert
                0x000000000000e1da                list_item_next
                0x000000000000e1fb                list_contains
 .text          0x000000000000e239      0x566 build/cooja/mtype824.a(button-hal.o)
                0x000000000000e42d                button_hal_get_by_id
                0x000000000000e477                button_hal_get_by_index
                0x000000000000e4b1                button_hal_get_state
                0x000000000000e513                button_hal_init
 .text          0x000000000000e79f      0x242 build/cooja/mtype824.a(serial-line.o)
                0x000000000000e79f                serial_line_input_byte
                0x000000000000e997                serial_line_init
 .text          0x000000000000e9e1      0x1d6 build/cooja/mtype824.a(gpio-hal.o)
                0x000000000000e9e1                gpio_hal_register_handler
                0x000000000000ea0f                gpio_hal_event_handler
                0x000000000000ea7c                gpio_hal_init
                0x000000000000eaab                gpio_hal_arch_port_toggle_pin
                0x000000000000eaf6                gpio_hal_arch_port_toggle_pins
                0x000000000000eb33                gpio_hal_arch_no_port_toggle_pin
                0x000000000000eb80                gpio_hal_arch_no_port_toggle_pins
 .text          0x000000000000ebb7      0x3a9 build/cooja/mtype824.a(queuebuf.o)
                0x000000000000ebcb                queuebuf_init
                0x000000000000ec07                queuebuf_numfree
                0x000000000000ec31                queuebuf_new_from_packetbuf
                0x000000000000ece5                queuebuf_update_attr_from_packetbuf
                0x000000000000ed29                queuebuf_update_from_packetbuf
                0x000000000000ed88                queuebuf_free
                0x000000000000ede6                queuebuf_to_packetbuf
                0x000000000000ee63                queuebuf_dataptr
                0x000000000000eeaf                queuebuf_datalen
                0x000000000000eedc                queuebuf_addr
                0x000000000000ef1b                queuebuf_attr
                0x000000000000ef50                queuebuf_debug_print
 .text          0x000000000000ef60      0x4dd build/cooja/mtype824.a(packetbuf.o)
                0x000000000000ef60                packetbuf_clear
                0x000000000000ef96                packetbuf_copyfrom
                0x000000000000eff6                packetbuf_copyto
                0x000000000000f094                packetbuf_hdralloc
                0x000000000000f124                packetbuf_hdrreduce
                0x000000000000f176                packetbuf_set_datalen
                0x000000000000f19b                packetbuf_dataptr
                0x000000000000f1c2                packetbuf_hdrptr
                0x000000000000f1d7                packetbuf_datalen
                0x000000000000f1ed                packetbuf_hdrlen
                0x000000000000f20c                packetbuf_totlen
                0x000000000000f22c                packetbuf_remaininglen
                0x000000000000f249                packetbuf_attr_clear
                0x000000000000f2af                packetbuf_attr_copyto
                0x000000000000f2f5                packetbuf_attr_copyfrom
                0x000000000000f33b                packetbuf_set_attr
                0x000000000000f371                packetbuf_attr
                0x000000000000f397                packetbuf_set_addr
                0x000000000000f3df                packetbuf_addr
                0x000000000000f409                packetbuf_holds_broadcast
 .text          0x000000000000f43d      0x13c build/cooja/mtype824.a(netstack.o)
                0x000000000000f43d                netstack_process_ip_callback
                0x000000000000f4de                netstack_ip_packet_processor_add
                0x000000000000f512                uip_ds6_ip_packet_processor_rm
                0x000000000000f540                netstack_init
 .text          0x000000000000f579       0x75 build/cooja/mtype824.a(linkaddr.o)
                0x000000000000f579                linkaddr_copy
                0x000000000000f599                linkaddr_cmp
                0x000000000000f5cc                linkaddr_set_node_addr
 .text          0x000000000000f5ee      0x2ae build/cooja/mtype824.a(csma.o)
 .text          0x000000000000f89c      0xa6f build/cooja/mtype824.a(csma-output.o)
                0x000000000001000e                csma_output_packet
                0x00000000000102bd                csma_output_init
 .text          0x000000000001030b      0xe47 build/cooja/mtype824.a(uip-ds6.o)
                0x000000000001030b                uip_ds6_default_prefix
                0x0000000000010320                uip_ds6_set_default_prefix
                0x0000000000010356                uip_ds6_init
                0x00000000000105f1                uip_ds6_periodic
                0x0000000000010699                uip_ds6_list_loop
                0x0000000000010768                uip_ds6_prefix_add
                0x000000000001082f                uip_ds6_prefix_rm
                0x000000000001084c                uip_ds6_prefix_lookup
                0x000000000001089f                uip_ds6_is_addr_onlink
                0x000000000001092c                uip_ds6_addr_add
                0x0000000000010a6e                uip_ds6_addr_rm
                0x0000000000010b2d                uip_ds6_addr_lookup
                0x0000000000010b7d                uip_ds6_get_link_local
                0x0000000000010c1b                uip_ds6_get_global
                0x0000000000010cb9                uip_ds6_maddr_add
                0x0000000000010d35                uip_ds6_maddr_rm
                0x0000000000010d52                uip_ds6_maddr_lookup
                0x0000000000010da5                uip_ds6_aaddr_add
                0x0000000000010e1e                uip_ds6_aaddr_rm
                0x0000000000010e3b                uip_ds6_aaddr_lookup
                0x0000000000010e8b                uip_ds6_select_src
                0x0000000000010ff9                uip_ds6_set_addr_iid
                0x000000000001102e                uip_ds6_set_lladdr_from_iid
                0x0000000000011061                get_match_length
                0x00000000000110fc                uip_ds6_compute_reachable_time
 .text          0x0000000000011152      0x870 build/cooja/mtype824.a(tcpip.o)
                0x0000000000011178                tcpip_output
                0x0000000000011227                udp_attach
                0x0000000000011249                udp_new
                0x00000000000112a3                udp_broadcast_new
                0x0000000000011443                tcpip_input
                0x0000000000011639                tcpip_ipv6_output
                0x0000000000011875                tcpip_poll_udp
                0x00000000000118a5                tcpip_uipcall
 .text          0x00000000000119c2      0x453 build/cooja/mtype824.a(uip-ds6-route.o)
                0x0000000000011a24                uip_ds6_route_init
                0x0000000000011a60                uip_ds6_route_count_nexthop_neighbors
                0x0000000000011a74                uip_ds6_route_nexthop
                0x0000000000011a88                uip_ds6_route_head
                0x0000000000011a9c                uip_ds6_route_next
                0x0000000000011ab0                uip_ds6_route_is_nexthop
                0x0000000000011ac4                uip_ds6_route_num_routes
                0x0000000000011ad8                uip_ds6_route_lookup
                0x0000000000011aec                uip_ds6_route_add
                0x0000000000011b09                uip_ds6_route_rm
                0x0000000000011b19                uip_ds6_route_rm_by_nexthop
                0x0000000000011b29                uip_ds6_defrt_head
                0x0000000000011b53                uip_ds6_defrt_add
                0x0000000000011c13                uip_ds6_defrt_rm
                0x0000000000011c8c                uip_ds6_defrt_lookup
                0x0000000000011d03                uip_ds6_defrt_choose
                0x0000000000011d89                uip_ds6_defrt_periodic
 .text          0x0000000000011e15      0x43e build/cooja/mtype824.a(uip-ds6-nbr.o)
                0x0000000000011e15                uip_ds6_neighbors_init
                0x0000000000011e4b                uip_ds6_nbr_add
                0x0000000000011ee5                uip_ds6_nbr_rm
                0x0000000000011f44                uip_ds6_nbr_update_ll
                0x0000000000012041                uip_ds6_nbr_get_ipaddr
                0x0000000000012060                uip_ds6_nbr_get_ll
                0x000000000001208d                uip_ds6_nbr_num
                0x00000000000120e7                uip_ds6_nbr_head
                0x0000000000012111                uip_ds6_nbr_next
                0x000000000001213e                uip_ds6_nbr_lookup
                0x00000000000121a5                uip_ds6_nbr_ll_lookup
                0x00000000000121d2                uip_ds6_nbr_ipaddr_from_lladdr
                0x0000000000012205                uip_ds6_nbr_lladdr_from_ipaddr
                0x0000000000012243                uip_ds6_link_callback
 .text          0x0000000000012253     0x1520 build/cooja/mtype824.a(uip6.o)
                0x000000000001230c                uip_chksum
                0x0000000000012404                uip_icmp6chksum
                0x0000000000012423                uip_udpchksum
                0x0000000000012442                uip_init
                0x00000000000124a1                uip_remove_ext_hdr
                0x000000000001259c                uip_udp_new
                0x0000000000012915                uip_process
                0x0000000000013603                uip_htons
                0x000000000001362f                uip_htonl
                0x0000000000013679                uip_send
 .text          0x0000000000013773      0x7d4 build/cooja/mtype824.a(uip-nd6.o)
                0x0000000000013f1c                uip_nd6_init
 .text          0x0000000000013f47     0x3370 build/cooja/mtype824.a(sicslowpan.o)
                0x0000000000014645                netstack_sniffer_add
                0x000000000001465e                netstack_sniffer_remove
                0x0000000000017276                sicslowpan_init
                0x00000000000172a2                sicslowpan_get_last_rssi
 .text          0x00000000000172b7      0x51a build/cooja/mtype824.a(uiplib.o)
                0x00000000000172b7                uiplib_ip6addrconv
                0x000000000001747d                uiplib_ip4addrconv
                0x000000000001754a                uiplib_ipaddr_print
                0x00000000000175ae                uiplib_ipaddr_snprint
 .text          0x00000000000177d1      0x610 build/cooja/mtype824.a(rpl.o)
                0x00000000000177d1                rpl_lollipop_greater_than
                0x0000000000017834                rpl_get_global_address
                0x000000000001796a                rpl_link_callback
                0x00000000000179cd                rpl_has_joined
                0x0000000000017a03                rpl_is_reachable
                0x0000000000017aa6                rpl_reset_prefix
                0x0000000000017b22                rpl_set_prefix_from_addr
                0x0000000000017c34                rpl_set_prefix
                0x0000000000017da8                rpl_set_leaf_only
                0x0000000000017dcb                rpl_get_leaf_only
 .text          0x0000000000017de1     0x1491 build/cooja/mtype824.a(rpl-icmp6.o)
                0x0000000000017f3e                rpl_icmp6_update_nbr_table
                0x0000000000017ff0                rpl_icmp6_dis_output
                0x0000000000018605                rpl_icmp6_dio_output
                0x0000000000018e5e                rpl_icmp6_dao_output
                0x000000000001918b                rpl_icmp6_dao_ack_output
                0x0000000000019212                rpl_icmp6_init
 .text          0x0000000000019272      0x2e4 build/cooja/mtype824.a(rpl-dag-root.o)
                0x0000000000019272                rpl_dag_root_print_links
                0x00000000000193cb                rpl_dag_root_set_prefix
                0x0000000000019406                rpl_dag_root_start
                0x0000000000019514                rpl_dag_root_is_root
 .text          0x0000000000019556       0x6b build/cooja/mtype824.a(watchdog.o)
                0x0000000000019556                watchdog_init
                0x0000000000019566                watchdog_start
                0x0000000000019576                watchdog_periodic
                0x00000000000195a1                watchdog_stop
                0x00000000000195b1                watchdog_reboot
 .text          0x00000000000195c1       0x75 build/cooja/mtype824.a(int-master.o)
                0x00000000000195c1                int_master_enable
                0x00000000000195db                int_master_read_and_disable
                0x0000000000019603                int_master_status_set
                0x000000000001961c                int_master_is_enabled
 .text          0x0000000000019636      0x11d build/cooja/mtype824.a(stimer.o)
                0x0000000000019636                stimer_set
                0x0000000000019665                stimer_reset
                0x000000000001969c                stimer_restart
                0x00000000000196c2                stimer_expired
                0x00000000000196fe                stimer_remaining
                0x000000000001972a                stimer_elapsed
 .text          0x0000000000019753      0x1ec build/cooja/mtype824.a(memb.o)
                0x0000000000019753                memb_init
                0x00000000000197b7                memb_alloc
                0x0000000000019824                memb_free
                0x00000000000198a5                memb_inmemb
                0x00000000000198ee                memb_numfree
 .text          0x000000000001993f       0x31 build/cooja/mtype824.a(assert.o)
                0x000000000001993f                _xassert
 .text          0x0000000000019970      0x188 build/cooja/mtype824.a(ringbuf.o)
                0x0000000000019970                ringbuf_init
                0x00000000000199ac                ringbuf_put
                0x0000000000019a34                ringbuf_get
                0x0000000000019aab                ringbuf_size
                0x0000000000019ac7                ringbuf_elements
 .text          0x0000000000019af8      0xb68 build/cooja/mtype824.a(nbr-table.o)
                0x0000000000019e9a                nbr_table_count_entries
                0x0000000000019f47                nbr_table_gc_get_worst
                0x0000000000019f87                nbr_table_can_accept_new
                0x000000000001a110                nbr_table_entry_is_allowed
                0x000000000001a1b0                nbr_table_register
                0x000000000001a22e                nbr_table_is_registered
                0x000000000001a273                nbr_table_head
                0x000000000001a2e0                nbr_table_next
                0x000000000001a352                nbr_table_add_lladdr
                0x000000000001a4a1                nbr_table_get_from_lladdr
                0x000000000001a4fe                nbr_table_remove
                0x000000000001a549                nbr_table_lock
                0x000000000001a56f                nbr_table_unlock
                0x000000000001a595                nbr_table_get_lladdr
                0x000000000001a5cb                nbr_table_clear
                0x000000000001a610                nbr_table_key_head
                0x000000000001a63a                nbr_table_key_next
 .text          0x000000000001a660      0x450 build/cooja/mtype824.a(link-stats.o)
                0x000000000001a660                link_stats_from_lladdr
                0x000000000001a68d                link_stats_get_lladdr
                0x000000000001a6ba                link_stats_is_fresh
                0x000000000001a707                guess_etx_from_rssi
                0x000000000001a78d                link_stats_packet_sent
                0x000000000001a8d1                link_stats_input_callback
                0x000000000001aa05                link_stats_reset
                0x000000000001aa67                link_stats_init
 .text          0x000000000001aab0      0x1a8 build/cooja/mtype824.a(mac-sequence.o)
                0x000000000001aab0                mac_sequence_is_duplicate
                0x000000000001ab70                mac_sequence_register_seqno
 .text          0x000000000001ac58       0x2d build/cooja/mtype824.a(mac.o)
                0x000000000001ac58                mac_call_sent_callback
 .text          0x000000000001ac85      0x477 build/cooja/mtype824.a(framer-802154.o)
                0x000000000001ae28                framer_802154_setup_params
 .text          0x000000000001b0fc      0xc1a build/cooja/mtype824.a(frame802154.o)
                0x000000000001b137                frame802154_get_pan_id
                0x000000000001b14d                frame802154_set_pan_id
                0x000000000001b172                frame802154_has_panid
                0x000000000001b32b                frame802154_check_dest_panid
                0x000000000001b3bd                frame802154_is_broadcast_addr
                0x000000000001b414                frame802154_extract_linkaddr
                0x000000000001b69d                frame802154_hdrlen
                0x000000000001b71a                frame802154_create_fcf
                0x000000000001b7dc                frame802154_create
                0x000000000001b967                frame802154_parse_fcf
                0x000000000001ba53                frame802154_parse
 .text          0x000000000001bd16       0x4e build/cooja/mtype824.a(csma-security.o)
                0x000000000001bd16                csma_security_create_frame
                0x000000000001bd47                csma_security_parse_frame
 .text          0x000000000001bd64      0x5be build/cooja/mtype824.a(uipbuf.o)
                0x000000000001bd64                uipbuf_clear
                0x000000000001bd9b                uipbuf_add_ext_hdr
                0x000000000001be36                uipbuf_set_len
                0x000000000001be70                uipbuf_set_len_field
                0x000000000001bea6                uipbuf_get_len_field
                0x000000000001bed0                uipbuf_get_next_header
                0x000000000001c00c                uipbuf_get_last_header
                0x000000000001c08f                uipbuf_search_header
                0x000000000001c153                uipbuf_get_attr
                0x000000000001c184                uipbuf_set_attr
                0x000000000001c1c5                uipbuf_set_default_attr
                0x000000000001c206                uipbuf_clear_attr
                0x000000000001c246                uipbuf_set_attr_flag
                0x000000000001c272                uipbuf_clr_attr_flag
                0x000000000001c2a4                uipbuf_is_attr_flag
                0x000000000001c2d2                uipbuf_init
 .text          0x000000000001c322      0x8b7 build/cooja/mtype824.a(uip-icmp6.o)
                0x000000000001c3a7                uip_icmp6_input
                0x000000000001c408                uip_icmp6_register_input_handler
                0x000000000001c5bc                uip_icmp6_error_output
                0x000000000001c8fe                uip_icmp6_send
                0x000000000001cb2c                uip_icmp6_echo_reply_callback_add
                0x000000000001cb6f                uip_icmp6_echo_reply_callback_rm
                0x000000000001cb9d                uip_icmp6_init
 .text          0x000000000001cbd9      0x772 build/cooja/mtype824.a(uip-sr.o)
                0x000000000001cbd9                uip_sr_num_nodes
                0x000000000001cc85                uip_sr_get_node
                0x000000000001ccec                uip_sr_is_addr_reachable
                0x000000000001cda9                uip_sr_expire_parent
                0x000000000001cdfc                uip_sr_update_node
                0x000000000001cf40                uip_sr_init
                0x000000000001cf86                uip_sr_node_head
                0x000000000001cfb0                uip_sr_node_next
                0x000000000001cfd6                uip_sr_periodic
                0x000000000001d0f2                uip_sr_free_all
                0x000000000001d177                uip_sr_link_snprint
 .text          0x000000000001d34b      0x1a5 build/cooja/mtype824.a(uip-packetqueue)
                0x000000000001d38b                uip_packetqueue_new
                0x000000000001d3a4                uip_packetqueue_alloc
                0x000000000001d413                uip_packetqueue_free
                0x000000000001d46b                uip_packetqueue_buf
                0x000000000001d492                uip_packetqueue_buflen
                0x000000000001d4bd                uip_packetqueue_set_buflen
 .text          0x000000000001d4f0       0x8d build/cooja/mtype824.a(rpl-nbr-policy.)
                0x000000000001d53c                rpl_nbr_gc_get_worst
 .text          0x000000000001d57d      0xaad build/cooja/mtype824.a(rpl-neighbor.o)
                0x000000000001d619                rpl_neighbor_snprint
                0x000000000001d901                rpl_neighbor_print_list
                0x000000000001d9d4                rpl_neighbor_count
                0x000000000001dab7                rpl_neighbor_get_from_lladdr
                0x000000000001dae4                rpl_neighbor_is_acceptable_parent
                0x000000000001db2a                rpl_neighbor_get_link_metric
                0x000000000001db70                rpl_neighbor_rank_via_nbr
                0x000000000001dbb6                rpl_neighbor_get_lladdr
                0x000000000001dbe3                rpl_neighbor_get_ipaddr
                0x000000000001dc19                rpl_neighbor_get_link_stats
                0x000000000001dc4f                rpl_neighbor_is_fresh
                0x000000000001dc85                rpl_neighbor_is_parent
                0x000000000001dcbc                rpl_neighbor_set_preferred_parent
                0x000000000001dd76                rpl_neighbor_remove_all
                0x000000000001dde3                rpl_neighbor_get_from_ipaddr
                0x000000000001df1d                rpl_neighbor_select_best
                0x000000000001dff8                rpl_neighbor_init
 .text          0x000000000001e02a     0x11f4 build/cooja/mtype824.a(rpl-dag.o)
                0x000000000001e02a                rpl_dag_state_to_str
                0x000000000001e078                rpl_dag_get_root_ipaddr
                0x000000000001e0c8                rpl_dag_leave
                0x000000000001e17e                rpl_dag_poison_and_leave
                0x000000000001e1aa                rpl_dag_periodic
                0x000000000001e26f                rpl_is_addr_in_our_dag
                0x000000000001e2ce                rpl_get_default_instance
                0x000000000001e2f8                rpl_get_any_dag
                0x000000000001e36e                rpl_refresh_routes
                0x000000000001e3d1                rpl_global_repair
                0x000000000001e4a2                rpl_local_repair
                0x000000000001e507                rpl_dag_ready_to_advertise
                0x000000000001e560                rpl_dag_update_state
                0x000000000001eddc                rpl_process_dio
                0x000000000001ee77                rpl_process_dis
                0x000000000001eecd                rpl_process_dao
                0x000000000001ef6e                rpl_process_dao_ack
                0x000000000001f02a                rpl_process_hbh
                0x000000000001f08a                rpl_dag_init_root
                0x000000000001f1ec                rpl_dag_init
 .text          0x000000000001f21e      0xd8d build/cooja/mtype824.a(rpl-timers.o)
                0x000000000001f21e                rpl_timers_schedule_periodic_dis
                0x000000000001f3c8                rpl_timers_dio_reset
                0x000000000001f540                rpl_timers_schedule_unicast_dio
                0x000000000001f713                rpl_timers_schedule_dao
                0x000000000001f819                rpl_timers_schedule_dao_ack
                0x000000000001f8e8                rpl_timers_notify_dao_ack
                0x000000000001f96e                get_probing_delay
                0x000000000001f9b3                get_probing_target
                0x000000000001fbe8                rpl_schedule_probing
                0x000000000001fc34                rpl_schedule_probing_now
                0x000000000001fcce                rpl_timers_unschedule_leaving
                0x000000000001fd28                rpl_timers_schedule_leaving
                0x000000000001fd8d                rpl_timers_init
                0x000000000001fe4f                rpl_timers_stop_dag_timers
                0x000000000001ff0c                rpl_timers_unschedule_state_update
                0x000000000001ff48                rpl_timers_schedule_state_update
 .text          0x000000000001ffab      0xd42 build/cooja/mtype824.a(rpl-ext-header.)
                0x000000000001ffab                rpl_ext_header_srh_get_next_hop
                0x00000000000200b6                rpl_ext_header_srh_update
                0x00000000000206e8                rpl_ext_header_hbh_update
                0x0000000000020a67                rpl_ext_header_update
                0x0000000000020b16                rpl_ext_header_remove
 .text          0x0000000000020ced      0x39b build/cooja/mtype824.a(rpl-mrhof.o)
 *fill*         0x0000000000021088        0x8 
 .text          0x0000000000021090       0x14 /usr/lib/i386-linux-gnu/libc_nonshared.a(stack_chk_fail_local.oS)
                0x0000000000021090                __stack_chk_fail_local
 .text          0x00000000000210a4        0x0 /usr/lib/gcc/i686-linux-gnu/7/crtendS.o
 .text          0x00000000000210a4        0x0 /usr/lib/gcc/i686-linux-gnu/7/../../../i386-linux-gnu/crtn.o
 *(.gnu.warning)

.fini           0x00000000000210a4       0x14
 *(SORT_NONE(.fini))
 .fini          0x00000000000210a4        0xf /usr/lib/gcc/i686-linux-gnu/7/../../../i386-linux-gnu/crti.o
                0x00000000000210a4                _fini
 .fini          0x00000000000210b3        0x5 /usr/lib/gcc/i686-linux-gnu/7/../../../i386-linux-gnu/crtn.o
                [!provide]                        PROVIDE (__etext = .)
                [!provide]                        PROVIDE (_etext = .)
                [!provide]                        PROVIDE (etext = .)

.rodata         0x00000000000210b8      0x59f
 *(.rodata .rodata.* .gnu.linkonce.r.*)
 .rodata        0x00000000000210b8       0x49 sensor-node.o
 *fill*         0x0000000000021101        0x3 
 .rodata        0x0000000000021104        0x6 build/cooja/mtype824.a(leds-arch.o)
                0x0000000000021104                leds_arch_leds
 .rodata        0x000000000002110a        0x4 build/cooja/mtype824.a(pir-sensor.o)
 .rodata        0x000000000002110e        0x6 build/cooja/mtype824.a(rs232.o)
 .rodata        0x0000000000021114        0xa build/cooja/mtype824.a(vib-sensor.o)
 *fill*         0x000000000002111e        0x2 
 .rodata        0x0000000000021120       0x27 build/cooja/mtype824.a(cfs-cooja.o)
 *fill*         0x0000000000021147        0x1 
 .rodata        0x0000000000021148       0x68 build/cooja/mtype824.a(cooja-radio.o)
 .rodata        0x00000000000211b0        0x8 build/cooja/mtype824.a(sensors.o)
 .rodata        0x00000000000211b8       0x14 build/cooja/mtype824.a(buttons.o)
                0x00000000000211c4                button_hal_button_count
 .rodata        0x00000000000211cc       0xf4 build/cooja/mtype824.a(contiki-main.o)
 .rodata        0x00000000000212c0        0xf build/cooja/mtype824.a(ctimer.o)
 .rodata        0x00000000000212cf        0xc build/cooja/mtype824.a(etimer.o)
 *fill*         0x00000000000212db        0x1 
 .rodata        0x00000000000212dc       0xc4 build/cooja/mtype824.a(log.o)
 .rodata        0x00000000000213a0       0x13 build/cooja/mtype824.a(button-hal.o)
 .rodata        0x00000000000213b3        0xe build/cooja/mtype824.a(serial-line.o)
 *fill*         0x00000000000213c1        0x3 
 .rodata        0x00000000000213c4        0x8 build/cooja/mtype824.a(linkaddr.o)
                0x00000000000213c4                linkaddr_null
 .rodata        0x00000000000213cc        0x5 build/cooja/mtype824.a(csma.o)
 *fill*         0x00000000000213d1        0x3 
 .rodata        0x00000000000213d4       0x24 build/cooja/mtype824.a(csma-output.o)
 .rodata        0x00000000000213f8        0xd build/cooja/mtype824.a(tcpip.o)
 *fill*         0x0000000000021405        0x3 
 .rodata        0x0000000000021408       0x4d build/cooja/mtype824.a(uip-ds6-route.o)
 *fill*         0x0000000000021455        0x3 
 .rodata        0x0000000000021458       0x1f build/cooja/mtype824.a(sicslowpan.o)
                0x0000000000021458                unc_llconf
                0x000000000002145c                unc_ctxconf
                0x0000000000021460                unc_mxconf
                0x0000000000021464                llprefix
 .rodata        0x0000000000021477       0x2d build/cooja/mtype824.a(uiplib.o)
 .rodata        0x00000000000214a4        0x9 build/cooja/mtype824.a(rpl.o)
 *fill*         0x00000000000214ad        0x3 
 .rodata        0x00000000000214b0       0x25 build/cooja/mtype824.a(assert.o)
 .rodata        0x00000000000214d5       0x44 build/cooja/mtype824.a(uip-sr.o)
 *fill*         0x0000000000021519        0x3 
 .rodata        0x000000000002151c       0x58 build/cooja/mtype824.a(rpl-neighbor.o)
 .rodata        0x0000000000021574       0xd7 build/cooja/mtype824.a(rpl-dag.o)
 .rodata        0x000000000002164b        0xc build/cooja/mtype824.a(rpl-timers.o)

.rodata1
 *(.rodata1)

.eh_frame_hdr   0x0000000000021658     0x162c
 *(.eh_frame_hdr)
 .eh_frame_hdr  0x0000000000021658     0x162c sensor-node.o
                0x0000000000021658                __GNU_EH_FRAME_HDR
 *(.eh_frame_entry .eh_frame_entry.*)

.eh_frame       0x0000000000022c84     0x5f7c
 *(.eh_frame)
 .eh_frame      0x0000000000022c84       0x3c /usr/lib/gcc/i686-linux-gnu/7/../../../i386-linux-gnu/crti.o
                                         0x40 (size before relaxing)
 .eh_frame      0x0000000000022cc0       0x14 /usr/lib/gcc/i686-linux-gnu/7/../../../i386-linux-gnu/crti.o
                                         0x2c (size before relaxing)
 .eh_frame      0x0000000000022cd4       0x24 sensor-node.o
                                         0x50 (size before relaxing)
 .eh_frame      0x0000000000022cf8      0x1ac build/cooja/mtype824.o
                                        0x1ec (size before relaxing)
 .eh_frame      0x0000000000022ea4       0x48 build/cooja/mtype824.a(simEnvChange.o)
                                         0x74 (size before relaxing)
 .eh_frame      0x0000000000022eec       0x6c build/cooja/mtype824.a(cooja_mt.o)
                                         0x98 (size before relaxing)
 .eh_frame      0x0000000000022f58       0x88 build/cooja/mtype824.a(cooja_mtarch.o)
                                         0xc8 (size before relaxing)
 .eh_frame      0x0000000000022fe0       0xe4 build/cooja/mtype824.a(rtimer-arch.o)
                                        0x110 (size before relaxing)
 .eh_frame      0x00000000000230c4      0x160 build/cooja/mtype824.a(beep.o)
                                        0x18c (size before relaxing)
 .eh_frame      0x0000000000023224       0x88 build/cooja/mtype824.a(leds-arch.o)
                                         0xc8 (size before relaxing)
 .eh_frame      0x00000000000232ac       0x44 build/cooja/mtype824.a(moteid.o)
                                         0x70 (size before relaxing)
 .eh_frame      0x00000000000232f0       0xa4 build/cooja/mtype824.a(pir-sensor.o)
                                         0xe4 (size before relaxing)
 .eh_frame      0x0000000000023394      0x110 build/cooja/mtype824.a(rs232.o)
                                        0x150 (size before relaxing)
 .eh_frame      0x00000000000234a4       0xa4 build/cooja/mtype824.a(vib-sensor.o)
                                         0xe4 (size before relaxing)
 .eh_frame      0x0000000000023548       0xc0 build/cooja/mtype824.a(clock.o)
                                         0xec (size before relaxing)
 .eh_frame      0x0000000000023608      0x130 build/cooja/mtype824.a(cooja-log.o)
                                        0x170 (size before relaxing)
 .eh_frame      0x0000000000023738      0x16c build/cooja/mtype824.a(cfs-cooja.o)
                                        0x1ac (size before relaxing)
 .eh_frame      0x00000000000238a4      0x354 build/cooja/mtype824.a(cooja-radio.o)
                                        0x394 (size before relaxing)
 .eh_frame      0x0000000000023bf8       0xa8 build/cooja/mtype824.a(eeprom.o)
                                         0xe8 (size before relaxing)
 .eh_frame      0x0000000000023ca0       0x48 build/cooja/mtype824.a(random.o)
                                         0x74 (size before relaxing)
 .eh_frame      0x0000000000023ce8       0xd0 build/cooja/mtype824.a(sensors.o)
                                        0x110 (size before relaxing)
 .eh_frame      0x0000000000023db8      0x140 build/cooja/mtype824.a(leds.o)
                                        0x180 (size before relaxing)
 .eh_frame      0x0000000000023ef8      0x228 build/cooja/mtype824.a(gpio-hal-arch.o)
                                        0x27c (size before relaxing)
 .eh_frame      0x0000000000024120       0xa4 build/cooja/mtype824.a(buttons.o)
                                         0xe4 (size before relaxing)
 .eh_frame      0x00000000000241c4       0x38 build/cooja/mtype824.a(contiki-main.o)
                                         0x64 (size before relaxing)
 .eh_frame      0x00000000000241fc       0x48 build/cooja/mtype824.a(autostart.o)
                                         0x74 (size before relaxing)
 .eh_frame      0x0000000000024244      0x11c build/cooja/mtype824.a(ctimer.o)
                                        0x15c (size before relaxing)
 .eh_frame      0x0000000000024360       0x60 build/cooja/mtype824.a(energest.o)
                                         0x8c (size before relaxing)
 .eh_frame      0x00000000000243c0      0x204 build/cooja/mtype824.a(etimer.o)
                                        0x244 (size before relaxing)
 .eh_frame      0x00000000000245c4      0x144 build/cooja/mtype824.a(log.o)
                                        0x184 (size before relaxing)
 .eh_frame      0x0000000000024708       0x6c build/cooja/mtype824.a(rtimer.o)
                                         0xc0 (size before relaxing)
 .eh_frame      0x0000000000024774       0x20 build/cooja/mtype824.a(node-id.o)
                                         0x4c (size before relaxing)
 .eh_frame      0x0000000000024794      0x1ec build/cooja/mtype824.a(process.o)
                                        0x22c (size before relaxing)
 .eh_frame      0x0000000000024980       0xb4 build/cooja/mtype824.a(timer.o)
                                         0xe0 (size before relaxing)
 .eh_frame      0x0000000000024a34      0x1a0 build/cooja/mtype824.a(list.o)
                                        0x1cc (size before relaxing)
 .eh_frame      0x0000000000024bd4      0x188 build/cooja/mtype824.a(button-hal.o)
                                        0x1c8 (size before relaxing)
 .eh_frame      0x0000000000024d5c       0x6c build/cooja/mtype824.a(serial-line.o)
                                         0x98 (size before relaxing)
 .eh_frame      0x0000000000024dc8       0xfc build/cooja/mtype824.a(gpio-hal.o)
                                        0x13c (size before relaxing)
 .eh_frame      0x0000000000024ec4      0x1c0 build/cooja/mtype824.a(queuebuf.o)
                                        0x200 (size before relaxing)
 .eh_frame      0x0000000000025084      0x2b0 build/cooja/mtype824.a(packetbuf.o)
                                        0x2f0 (size before relaxing)
 .eh_frame      0x0000000000025334       0x90 build/cooja/mtype824.a(netstack.o)
                                         0xd0 (size before relaxing)
 .eh_frame      0x00000000000253c4       0x64 build/cooja/mtype824.a(linkaddr.o)
                                         0x90 (size before relaxing)
 .eh_frame      0x0000000000025428       0xf0 build/cooja/mtype824.a(csma.o)
                                        0x130 (size before relaxing)
 .eh_frame      0x0000000000025518      0x1f8 build/cooja/mtype824.a(csma-output.o)
                                        0x238 (size before relaxing)
 .eh_frame      0x0000000000025710      0x364 build/cooja/mtype824.a(uip-ds6.o)
                                        0x3a4 (size before relaxing)
 .eh_frame      0x0000000000025a74      0x270 build/cooja/mtype824.a(tcpip.o)
                                        0x2b0 (size before relaxing)
 .eh_frame      0x0000000000025ce4      0x260 build/cooja/mtype824.a(uip-ds6-route.o)
                                        0x2a0 (size before relaxing)
 .eh_frame      0x0000000000025f44      0x1e8 build/cooja/mtype824.a(uip-ds6-nbr.o)
                                        0x228 (size before relaxing)
 .eh_frame      0x000000000002612c      0x20c build/cooja/mtype824.a(uip6.o)
                                        0x24c (size before relaxing)
 .eh_frame      0x0000000000026338       0x8c build/cooja/mtype824.a(uip-nd6.o)
                                         0xe0 (size before relaxing)
 .eh_frame      0x00000000000263c4      0x354 build/cooja/mtype824.a(sicslowpan.o)
                                        0x3a8 (size before relaxing)
 .eh_frame      0x0000000000026718       0x9c build/cooja/mtype824.a(uiplib.o)
                                         0xdc (size before relaxing)
 .eh_frame      0x00000000000267b4      0x1fc build/cooja/mtype824.a(rpl.o)
                                        0x23c (size before relaxing)
 .eh_frame      0x00000000000269b0      0x1f0 build/cooja/mtype824.a(rpl-icmp6.o)
                                        0x230 (size before relaxing)
 .eh_frame      0x0000000000026ba0       0xb0 build/cooja/mtype824.a(rpl-dag-root.o)
                                         0xf0 (size before relaxing)
 .eh_frame      0x0000000000026c50       0xa4 build/cooja/mtype824.a(watchdog.o)
                                         0xd0 (size before relaxing)
 .eh_frame      0x0000000000026cf4       0x80 build/cooja/mtype824.a(int-master.o)
                                         0xac (size before relaxing)
 .eh_frame      0x0000000000026d74       0xd8 build/cooja/mtype824.a(stimer.o)
                                        0x104 (size before relaxing)
 .eh_frame      0x0000000000026e4c       0xa4 build/cooja/mtype824.a(memb.o)
                                         0xe4 (size before relaxing)
 .eh_frame      0x0000000000026ef0       0x24 build/cooja/mtype824.a(assert.o)
                                         0x50 (size before relaxing)
 .eh_frame      0x0000000000026f14       0xa0 build/cooja/mtype824.a(ringbuf.o)
                                         0xcc (size before relaxing)
 .eh_frame      0x0000000000026fb4      0x428 build/cooja/mtype824.a(nbr-table.o)
                                        0x468 (size before relaxing)
 .eh_frame      0x00000000000273dc      0x140 build/cooja/mtype824.a(link-stats.o)
                                        0x180 (size before relaxing)
 .eh_frame      0x000000000002751c       0x50 build/cooja/mtype824.a(mac-sequence.o)
                                         0x7c (size before relaxing)
 .eh_frame      0x000000000002756c       0x20 build/cooja/mtype824.a(mac.o)
                                         0x4c (size before relaxing)
 .eh_frame      0x000000000002758c       0xb4 build/cooja/mtype824.a(framer-802154.o)
                                         0xf4 (size before relaxing)
 .eh_frame      0x0000000000027640      0x1b0 build/cooja/mtype824.a(frame802154.o)
                                        0x1f0 (size before relaxing)
 .eh_frame      0x00000000000277f0       0x44 build/cooja/mtype824.a(csma-security.o)
                                         0x84 (size before relaxing)
 .eh_frame      0x0000000000027834      0x204 build/cooja/mtype824.a(uipbuf.o)
                                        0x230 (size before relaxing)
 .eh_frame      0x0000000000027a38      0x170 build/cooja/mtype824.a(uip-icmp6.o)
                                        0x1b0 (size before relaxing)
 .eh_frame      0x0000000000027ba8      0x1ac build/cooja/mtype824.a(uip-sr.o)
                                        0x1ec (size before relaxing)
 .eh_frame      0x0000000000027d54       0xec build/cooja/mtype824.a(uip-packetqueue)
                                        0x12c (size before relaxing)
 .eh_frame      0x0000000000027e40       0x48 build/cooja/mtype824.a(rpl-nbr-policy.)
                                         0x88 (size before relaxing)
 .eh_frame      0x0000000000027e88      0x2ec build/cooja/mtype824.a(rpl-neighbor.o)
                                        0x340 (size before relaxing)
 .eh_frame      0x0000000000028174      0x3c0 build/cooja/mtype824.a(rpl-dag.o)
                                        0x414 (size before relaxing)
 .eh_frame      0x0000000000028534      0x418 build/cooja/mtype824.a(rpl-timers.o)
                                        0x458 (size before relaxing)
 .eh_frame      0x000000000002894c      0x144 build/cooja/mtype824.a(rpl-ext-header.)
                                        0x184 (size before relaxing)
 .eh_frame      0x0000000000028a90      0x150 build/cooja/mtype824.a(rpl-mrhof.o)
                                        0x190 (size before relaxing)
 .eh_frame      0x0000000000028be0       0x1c /usr/lib/i386-linux-gnu/libc_nonshared.a(stack_chk_fail_local.oS)
                                         0x48 (size before relaxing)
 .eh_frame      0x0000000000028bfc        0x4 /usr/lib/gcc/i686-linux-gnu/7/crtendS.o
 *(.eh_frame.*)

.gcc_except_table
 *(.gcc_except_table .gcc_except_table.*)

.gnu_extab
 *(.gnu_extab*)

.exception_ranges
 *(.exception_ranges .exception_ranges*)
                0x0000000000029c18                . = DATA_SEGMENT_ALIGN (CONSTANT (MAXPAGESIZE), CONSTANT (COMMONPAGESIZE))

.eh_frame
 *(.eh_frame)
 *(.eh_frame.*)

.gnu_extab
 *(.gnu_extab)

.gcc_except_table
 *(.gcc_except_table .gcc_except_table.*)

.exception_ranges
 *(.exception_ranges .exception_ranges*)

.tdata
 *(.tdata .tdata.* .gnu.linkonce.td.*)

.tbss
 *(.tbss .tbss.* .gnu.linkonce.tb.*)
 *(.tcommon)

.preinit_array
 *(.preinit_array)

.init_array     0x0000000000029c18        0x4
 *(SORT_BY_INIT_PRIORITY(.init_array.*) SORT_BY_INIT_PRIORITY(.ctors.*))
 *(.init_array EXCLUDE_FILE(*crtend?.o *crtend.o *crtbegin?.o *crtbegin.o) .ctors)
 .init_array    0x0000000000029c18        0x4 /usr/lib/gcc/i686-linux-gnu/7/crtbeginS.o

.fini_array     0x0000000000029c1c        0x4
 *(SORT_BY_INIT_PRIORITY(.fini_array.*) SORT_BY_INIT_PRIORITY(.dtors.*))
 *(.fini_array EXCLUDE_FILE(*crtend?.o *crtend.o *crtbegin?.o *crtbegin.o) .dtors)
 .fini_array    0x0000000000029c1c        0x4 /usr/lib/gcc/i686-linux-gnu/7/crtbeginS.o

.ctors
 *crtbegin.o(.ctors)
 *crtbegin?.o(.ctors)
 *(EXCLUDE_FILE(*crtend?.o *crtend.o) .ctors)
 *(SORT_BY_NAME(.ctors.*))
 *(.ctors)

.dtors
 *crtbegin.o(.dtors)
 *crtbegin?.o(.dtors)
 *(EXCLUDE_FILE(*crtend?.o *crtend.o) .dtors)
 *(SORT_BY_NAME(.dtors.*))
 *(.dtors)

.jcr
 *(.jcr)

.data.rel.ro    0x0000000000029c20      0x198
 *(.data.rel.ro.local* .gnu.linkonce.d.rel.ro.local.*)
 .data.rel.ro.local
                0x0000000000029c20        0x8 sensor-node.o
                0x0000000000029c20                autostart_processes
 .data.rel.ro.local
                0x0000000000029c28        0x8 build/cooja/mtype824.a(beep.o)
                0x0000000000029c28                beep_interface
 .data.rel.ro.local
                0x0000000000029c30        0x8 build/cooja/mtype824.a(leds-arch.o)
                0x0000000000029c30                leds_interface
 .data.rel.ro.local
                0x0000000000029c38        0x8 build/cooja/mtype824.a(moteid.o)
                0x0000000000029c38                moteid_interface
 .data.rel.ro.local
                0x0000000000029c40       0x18 build/cooja/mtype824.a(pir-sensor.o)
                0x0000000000029c40                pir_interface
                0x0000000000029c48                pir_sensor
 .data.rel.ro.local
                0x0000000000029c58        0x8 build/cooja/mtype824.a(rs232.o)
                0x0000000000029c58                rs232_interface
 .data.rel.ro.local
                0x0000000000029c60       0x18 build/cooja/mtype824.a(vib-sensor.o)
                0x0000000000029c60                vib_interface
                0x0000000000029c68                vib_sensor
 .data.rel.ro.local
                0x0000000000029c78        0x8 build/cooja/mtype824.a(clock.o)
                0x0000000000029c78                clock_interface
 .data.rel.ro.local
                0x0000000000029c80        0x8 build/cooja/mtype824.a(cooja-log.o)
                0x0000000000029c80                simlog_interface
 .data.rel.ro.local
                0x0000000000029c88        0x8 build/cooja/mtype824.a(cfs-cooja.o)
                0x0000000000029c88                cfs_interface
 *fill*         0x0000000000029c90       0x10 
 .data.rel.ro.local
                0x0000000000029ca0       0x58 build/cooja/mtype824.a(cooja-radio.o)
                0x0000000000029ca0                radio_interface
                0x0000000000029cc0                cooja_radio_driver
 .data.rel.ro.local
                0x0000000000029cf8        0x8 build/cooja/mtype824.a(eeprom.o)
                0x0000000000029cf8                eeprom_interface
 .data.rel.ro.local
                0x0000000000029d00       0x18 build/cooja/mtype824.a(buttons.o)
                0x0000000000029d00                button_interface
                0x0000000000029d08                button_sensor
 .data.rel.ro.local
                0x0000000000029d18       0x1c build/cooja/mtype824.a(csma.o)
                0x0000000000029d18                csma_driver
 .data.rel.ro.local
                0x0000000000029d34       0x10 build/cooja/mtype824.a(sicslowpan.o)
                0x0000000000029d34                sicslowpan_driver
 .data.rel.ro.local
                0x0000000000029d44        0xc build/cooja/mtype824.a(framer-802154.o)
                0x0000000000029d44                framer_802154
 *(.data.rel.ro .data.rel.ro.* .gnu.linkonce.d.rel.ro.*)
 .data.rel.ro   0x0000000000029d50        0x0 /usr/lib/gcc/i686-linux-gnu/7/../../../i386-linux-gnu/crti.o
 *fill*         0x0000000000029d50       0x10 
 .data.rel.ro   0x0000000000029d60       0x54 build/cooja/mtype824.a(rpl.o)
                0x0000000000029d60                rpl_lite_driver
 .data.rel.ro   0x0000000000029db4        0x4 build/cooja/mtype824.a(rpl-dag.o)

.dynamic        0x0000000000029db8       0xf0
 *(.dynamic)
 .dynamic       0x0000000000029db8       0xf0 /usr/lib/gcc/i686-linux-gnu/7/../../../i386-linux-gnu/crti.o
                0x0000000000029db8                _DYNAMIC

.got            0x0000000000029ea8      0x148
 *(.got)
 .got           0x0000000000029ea8      0x148 /usr/lib/gcc/i686-linux-gnu/7/../../../i386-linux-gnu/crti.o
 *(.igot)
                0x0000000000029ff4                . = DATA_SEGMENT_RELRO_END (., (SIZEOF (.got.plt) >= 0xc)?0xc:0x0)

.got.plt        0x000000000002a000      0x49c
 *(.got.plt)
 .got.plt       0x000000000002a000      0x49c /usr/lib/gcc/i686-linux-gnu/7/../../../i386-linux-gnu/crti.o
                0x000000000002a000                _GLOBAL_OFFSET_TABLE_
 *(.igot.plt)

.data           0x000000000002a4a0      0x364
 *(.data .data.* .gnu.linkonce.d.*)
 .data          0x000000000002a4a0        0x0 /usr/lib/gcc/i686-linux-gnu/7/../../../i386-linux-gnu/crti.o
 .data          0x000000000002a4a0        0x0 /usr/lib/gcc/i686-linux-gnu/7/crtbeginS.o
 .data.rel.local
                0x000000000002a4a0        0x4 /usr/lib/gcc/i686-linux-gnu/7/crtbeginS.o
                0x000000000002a4a0                __dso_handle
 .data          0x000000000002a4a4        0x0 sensor-node.o
 .data.rel.local
                0x000000000002a4a4       0x10 sensor-node.o
                0x000000000002a4a4                sensor_node
 .data          0x000000000002a4b4        0x0 build/cooja/mtype824.o
 *fill*         0x000000000002a4b4        0xc 
 .data.rel      0x000000000002a4c0       0x44 build/cooja/mtype824.o
                0x000000000002a4c0                simInterfaces
                0x000000000002a4f4                sensors
 .data          0x000000000002a504        0x0 build/cooja/mtype824.a(simEnvChange.o)
 .data          0x000000000002a504        0x0 build/cooja/mtype824.a(cooja_mt.o)
 .data          0x000000000002a504        0x0 build/cooja/mtype824.a(cooja_mtarch.o)
 .data          0x000000000002a504        0x0 build/cooja/mtype824.a(rtimer-arch.o)
 .data          0x000000000002a504        0x0 build/cooja/mtype824.a(beep.o)
 .data          0x000000000002a504        0x0 build/cooja/mtype824.a(leds-arch.o)
 .data          0x000000000002a504        0x0 build/cooja/mtype824.a(moteid.o)
 .data          0x000000000002a504        0x0 build/cooja/mtype824.a(pir-sensor.o)
 .data          0x000000000002a504        0x0 build/cooja/mtype824.a(rs232.o)
 .data          0x000000000002a504        0x0 build/cooja/mtype824.a(vib-sensor.o)
 .data          0x000000000002a504        0x0 build/cooja/mtype824.a(clock.o)
 .data          0x000000000002a504        0x0 build/cooja/mtype824.a(cooja-log.o)
 .data          0x000000000002a504        0x0 build/cooja/mtype824.a(cfs-cooja.o)
 .data          0x000000000002a504       0x1c build/cooja/mtype824.a(cooja-radio.o)
                0x000000000002a504                simRadioHWOn
                0x000000000002a508                simSignalStrength
                0x000000000002a50c                simLastSignalStrength
                0x000000000002a510                simPower
                0x000000000002a514                simRadioChannel
                0x000000000002a518                simLQI
 .data.rel.local
                0x000000000002a520       0x10 build/cooja/mtype824.a(cooja-radio.o)
                0x000000000002a520                cooja_radio_process
 .data          0x000000000002a530        0x0 build/cooja/mtype824.a(eeprom.o)
 .data          0x000000000002a530        0x0 build/cooja/mtype824.a(random.o)
 .data          0x000000000002a530        0x0 build/cooja/mtype824.a(sensors.o)
 .data.rel.local
                0x000000000002a530       0x10 build/cooja/mtype824.a(sensors.o)
                0x000000000002a530                sensors_process
 .data          0x000000000002a540        0x0 build/cooja/mtype824.a(leds.o)
 .data          0x000000000002a540        0x0 build/cooja/mtype824.a(gpio-hal-arch.o)
 .data          0x000000000002a540        0x1 build/cooja/mtype824.a(buttons.o)
                0x000000000002a540                simButtonIsActive
 *fill*         0x000000000002a541       0x1f 
 .data.rel.local
                0x000000000002a560       0x58 build/cooja/mtype824.a(buttons.o)
                0x000000000002a5b0                button_hal_buttons
 .data          0x000000000002a5b8        0x0 build/cooja/mtype824.a(contiki-main.o)
 .data          0x000000000002a5b8        0x0 build/cooja/mtype824.a(autostart.o)
 .data          0x000000000002a5b8        0x0 build/cooja/mtype824.a(ctimer.o)
 .data.rel.local
                0x000000000002a5b8       0x14 build/cooja/mtype824.a(ctimer.o)
                0x000000000002a5bc                ctimer_process
 .data          0x000000000002a5cc        0x0 build/cooja/mtype824.a(energest.o)
 .data          0x000000000002a5cc        0x0 build/cooja/mtype824.a(etimer.o)
 .data.rel.local
                0x000000000002a5cc       0x10 build/cooja/mtype824.a(etimer.o)
                0x000000000002a5cc                etimer_process
 .data          0x000000000002a5dc        0x4 build/cooja/mtype824.a(log.o)
                0x000000000002a5dc                curr_log_level_main
 .data.rel.local
                0x000000000002a5e0       0x9c build/cooja/mtype824.a(log.o)
                0x000000000002a5e0                all_modules
 .data          0x000000000002a67c        0x0 build/cooja/mtype824.a(rtimer.o)
 .data          0x000000000002a67c        0x0 build/cooja/mtype824.a(node-id.o)
 .data          0x000000000002a67c        0x0 build/cooja/mtype824.a(process.o)
 .data          0x000000000002a67c        0x0 build/cooja/mtype824.a(timer.o)
 .data          0x000000000002a67c        0x0 build/cooja/mtype824.a(list.o)
 .data          0x000000000002a67c        0x0 build/cooja/mtype824.a(button-hal.o)
 .data.rel.local
                0x000000000002a67c       0x10 build/cooja/mtype824.a(button-hal.o)
                0x000000000002a67c                button_hal_process
 .data          0x000000000002a68c        0x0 build/cooja/mtype824.a(serial-line.o)
 .data.rel.local
                0x000000000002a68c       0x10 build/cooja/mtype824.a(serial-line.o)
                0x000000000002a68c                serial_line_process
 .data          0x000000000002a69c        0x0 build/cooja/mtype824.a(gpio-hal.o)
 .data.rel.local
                0x000000000002a69c        0x4 build/cooja/mtype824.a(gpio-hal.o)
 .data          0x000000000002a6a0        0x0 build/cooja/mtype824.a(queuebuf.o)
 .data.rel.local
                0x000000000002a6a0       0x18 build/cooja/mtype824.a(queuebuf.o)
 .data          0x000000000002a6b8        0x0 build/cooja/mtype824.a(packetbuf.o)
 .data.rel.local
                0x000000000002a6b8        0x4 build/cooja/mtype824.a(packetbuf.o)
 .data          0x000000000002a6bc        0x0 build/cooja/mtype824.a(netstack.o)
 .data.rel.local
                0x000000000002a6bc        0x4 build/cooja/mtype824.a(netstack.o)
 .data          0x000000000002a6c0        0x0 build/cooja/mtype824.a(linkaddr.o)
 .data          0x000000000002a6c0        0x0 build/cooja/mtype824.a(csma.o)
 .data          0x000000000002a6c0        0x0 build/cooja/mtype824.a(csma-output.o)
 .data.rel.local
                0x000000000002a6c0       0x28 build/cooja/mtype824.a(csma-output.o)
 .data          0x000000000002a6e8        0x0 build/cooja/mtype824.a(uip-ds6.o)
 .data          0x000000000002a6e8        0x0 build/cooja/mtype824.a(tcpip.o)
 .data.rel.local
                0x000000000002a6e8       0x10 build/cooja/mtype824.a(tcpip.o)
                0x000000000002a6e8                tcpip_process
 .data          0x000000000002a6f8        0x0 build/cooja/mtype824.a(uip-ds6-route.o)
 .data.rel.local
                0x000000000002a6f8       0x10 build/cooja/mtype824.a(uip-ds6-route.o)
 .data          0x000000000002a708        0x0 build/cooja/mtype824.a(uip-ds6-nbr.o)
 .data.rel.local
                0x000000000002a708       0x14 build/cooja/mtype824.a(uip-ds6-nbr.o)
 .data          0x000000000002a71c        0x0 build/cooja/mtype824.a(uip6.o)
 .data          0x000000000002a71c        0x0 build/cooja/mtype824.a(uip-nd6.o)
 .data.rel.local
                0x000000000002a71c        0xc build/cooja/mtype824.a(uip-nd6.o)
 .data          0x000000000002a728        0x0 build/cooja/mtype824.a(sicslowpan.o)
 .data          0x000000000002a728        0x0 build/cooja/mtype824.a(uiplib.o)
 .data          0x000000000002a728        0x0 build/cooja/mtype824.a(rpl.o)
 .data          0x000000000002a728        0x0 build/cooja/mtype824.a(rpl-icmp6.o)
 .data.rel.local
                0x000000000002a728       0x30 build/cooja/mtype824.a(rpl-icmp6.o)
 .data          0x000000000002a758        0x0 build/cooja/mtype824.a(rpl-dag-root.o)
 .data          0x000000000002a758        0x0 build/cooja/mtype824.a(watchdog.o)
 .data          0x000000000002a758        0x0 build/cooja/mtype824.a(int-master.o)
 .data          0x000000000002a758        0x0 build/cooja/mtype824.a(stimer.o)
 .data          0x000000000002a758        0x0 build/cooja/mtype824.a(memb.o)
 .data          0x000000000002a758        0x0 build/cooja/mtype824.a(assert.o)
 .data          0x000000000002a758        0x0 build/cooja/mtype824.a(ringbuf.o)
 .data          0x000000000002a758        0x0 build/cooja/mtype824.a(nbr-table.o)
 .data.rel.local
                0x000000000002a758       0x10 build/cooja/mtype824.a(nbr-table.o)
 .data          0x000000000002a768        0x0 build/cooja/mtype824.a(link-stats.o)
 .data.rel.local
                0x000000000002a768       0x14 build/cooja/mtype824.a(link-stats.o)
 .data          0x000000000002a77c        0x0 build/cooja/mtype824.a(mac-sequence.o)
 .data          0x000000000002a77c        0x0 build/cooja/mtype824.a(mac.o)
 .data          0x000000000002a77c        0x0 build/cooja/mtype824.a(framer-802154.o)
 .data          0x000000000002a77c        0x2 build/cooja/mtype824.a(frame802154.o)
 .data          0x000000000002a77e        0x0 build/cooja/mtype824.a(csma-security.o)
 .data          0x000000000002a77e        0x0 build/cooja/mtype824.a(uipbuf.o)
 .data          0x000000000002a77e        0x0 build/cooja/mtype824.a(uip-icmp6.o)
 *fill*         0x000000000002a77e        0x2 
 .data.rel.local
                0x000000000002a780       0x20 build/cooja/mtype824.a(uip-icmp6.o)
 .data          0x000000000002a7a0        0x0 build/cooja/mtype824.a(uip-sr.o)
 .data.rel.local
                0x000000000002a7a0       0x10 build/cooja/mtype824.a(uip-sr.o)
 .data          0x000000000002a7b0        0x0 build/cooja/mtype824.a(uip-packetqueue)
 .data.rel.local
                0x000000000002a7b0        0xc build/cooja/mtype824.a(uip-packetqueue)
 .data          0x000000000002a7bc        0x0 build/cooja/mtype824.a(rpl-nbr-policy.)
 .data          0x000000000002a7bc        0x0 build/cooja/mtype824.a(rpl-neighbor.o)
 .data.rel.local
                0x000000000002a7bc       0x14 build/cooja/mtype824.a(rpl-neighbor.o)
                0x000000000002a7cc                rpl_neighbors
 .data          0x000000000002a7d0        0x0 build/cooja/mtype824.a(rpl-dag.o)
 .data          0x000000000002a7d0        0x0 build/cooja/mtype824.a(rpl-timers.o)
 .data          0x000000000002a7d0        0x0 build/cooja/mtype824.a(rpl-ext-header.)
 .data          0x000000000002a7d0        0x0 build/cooja/mtype824.a(rpl-mrhof.o)
 *fill*         0x000000000002a7d0       0x10 
 .data.rel.local
                0x000000000002a7e0       0x24 build/cooja/mtype824.a(rpl-mrhof.o)
                0x000000000002a7e0                rpl_mrhof
 .data          0x000000000002a804        0x0 /usr/lib/i386-linux-gnu/libc_nonshared.a(stack_chk_fail_local.oS)
 .data          0x000000000002a804        0x0 /usr/lib/gcc/i686-linux-gnu/7/crtendS.o
 .data          0x000000000002a804        0x0 /usr/lib/gcc/i686-linux-gnu/7/../../../i386-linux-gnu/crtn.o

.tm_clone_table
                0x000000000002a804        0x0
 .tm_clone_table
                0x000000000002a804        0x0 /usr/lib/gcc/i686-linux-gnu/7/crtbeginS.o
 .tm_clone_table
                0x000000000002a804        0x0 /usr/lib/gcc/i686-linux-gnu/7/crtendS.o

.data1
 *(.data1)
                0x000000000002a804                _edata = .
                [!provide]                        PROVIDE (edata = .)
                0x000000000002a804                . = .
                0x000000000002a804                __bss_start = .

.bss            0x000000000002a820    0x137a4
 *(.dynbss)
 .dynbss        0x000000000002a820        0x0 /usr/lib/gcc/i686-linux-gnu/7/../../../i386-linux-gnu/crti.o
 *(.bss .bss.* .gnu.linkonce.b.*)
 .bss           0x000000000002a820        0x0 /usr/lib/gcc/i686-linux-gnu/7/../../../i386-linux-gnu/crti.o
 .bss           0x000000000002a820        0x1 /usr/lib/gcc/i686-linux-gnu/7/crtbeginS.o
 *fill*         0x000000000002a821        0x3 
 .bss           0x000000000002a824       0x10 sensor-node.o
 *fill*         0x000000000002a834        0xc 
 .bss           0x000000000002a840     0x2040 build/cooja/mtype824.o
 .bss           0x000000000002c880        0x1 build/cooja/mtype824.a(simEnvChange.o)
                0x000000000002c880                simDontFallAsleep
 *fill*         0x000000000002c881        0x3 
 .bss           0x000000000002c884        0x4 build/cooja/mtype824.a(cooja_mt.o)
 .bss           0x000000000002c888        0x4 build/cooja/mtype824.a(cooja_mtarch.o)
 .bss           0x000000000002c88c        0x0 build/cooja/mtype824.a(rtimer-arch.o)
 .bss           0x000000000002c88c        0x0 build/cooja/mtype824.a(beep.o)
 .bss           0x000000000002c88c        0x1 build/cooja/mtype824.a(leds-arch.o)
                0x000000000002c88c                simLedsValue
 .bss           0x000000000002c88d        0x0 build/cooja/mtype824.a(moteid.o)
 .bss           0x000000000002c88d        0x1 build/cooja/mtype824.a(pir-sensor.o)
                0x000000000002c88d                simPirValue
 *fill*         0x000000000002c88e        0x2 
 .bss           0x000000000002c890        0x4 build/cooja/mtype824.a(rs232.o)
 .bss           0x000000000002c894        0x1 build/cooja/mtype824.a(vib-sensor.o)
                0x000000000002c894                simVibValue
 .bss           0x000000000002c895        0x0 build/cooja/mtype824.a(clock.o)
 *fill*         0x000000000002c895        0xb 
 .bss           0x000000000002c8a0     0x2020 build/cooja/mtype824.a(cooja-log.o)
 .bss           0x000000000002e8c0      0xfc0 build/cooja/mtype824.a(cfs-cooja.o)
                0x000000000002e8c0                simCFSData
                0x000000000002f860                simCFSSize
                0x000000000002f864                simCFSChanged
                0x000000000002f868                simCFSRead
                0x000000000002f86c                simCFSWritten
 .bss           0x000000000002f880       0x24 build/cooja/mtype824.a(cooja-radio.o)
                0x000000000002f880                simReceiving
                0x000000000002f884                simInSize
                0x000000000002f888                simLastPacketTimestamp
                0x000000000002f890                simOutSize
 .bss           0x000000000002f8a4        0xc build/cooja/mtype824.a(eeprom.o)
                0x000000000002f8a4                simEEPROMChanged
                0x000000000002f8a8                simEEPROMRead
                0x000000000002f8ac                simEEPROMWritten
 .bss           0x000000000002f8b0        0x0 build/cooja/mtype824.a(random.o)
 .bss           0x000000000002f8b0        0xc build/cooja/mtype824.a(sensors.o)
 .bss           0x000000000002f8bc        0x0 build/cooja/mtype824.a(leds.o)
 .bss           0x000000000002f8bc       0x24 build/cooja/mtype824.a(gpio-hal-arch.o)
 .bss           0x000000000002f8e0        0x0 build/cooja/mtype824.a(buttons.o)
 .bss           0x000000000002f8e0        0x0 build/cooja/mtype824.a(contiki-main.o)
 .bss           0x000000000002f8e0        0x0 build/cooja/mtype824.a(autostart.o)
 .bss           0x000000000002f8e0        0x5 build/cooja/mtype824.a(ctimer.o)
 .bss           0x000000000002f8e5        0x0 build/cooja/mtype824.a(energest.o)
 *fill*         0x000000000002f8e5        0x3 
 .bss           0x000000000002f8e8        0x8 build/cooja/mtype824.a(etimer.o)
 .bss           0x000000000002f8f0       0x2c build/cooja/mtype824.a(log.o)
                0x000000000002f8f0                curr_log_level_rpl
                0x000000000002f8f4                curr_log_level_tcpip
                0x000000000002f8f8                curr_log_level_ipv6
                0x000000000002f8fc                curr_log_level_6lowpan
                0x000000000002f900                curr_log_level_nullnet
                0x000000000002f904                curr_log_level_mac
                0x000000000002f908                curr_log_level_framer
                0x000000000002f90c                curr_log_level_6top
                0x000000000002f910                curr_log_level_coap
                0x000000000002f914                curr_log_level_snmp
                0x000000000002f918                curr_log_level_lwm2m
 .bss           0x000000000002f91c        0x4 build/cooja/mtype824.a(rtimer.o)
 .bss           0x000000000002f920        0x2 build/cooja/mtype824.a(node-id.o)
                0x000000000002f920                node_id
 *fill*         0x000000000002f922       0x1e 
 .bss           0x000000000002f940      0x1a1 build/cooja/mtype824.a(process.o)
                0x000000000002f940                process_list
                0x000000000002f944                process_current
 .bss           0x000000000002fae1        0x0 build/cooja/mtype824.a(timer.o)
 .bss           0x000000000002fae1        0x0 build/cooja/mtype824.a(list.o)
 *fill*         0x000000000002fae1        0x3 
 .bss           0x000000000002fae4       0x10 build/cooja/mtype824.a(button-hal.o)
 *fill*         0x000000000002faf4        0xc 
 .bss           0x000000000002fb00      0x140 build/cooja/mtype824.a(serial-line.o)
 .bss           0x000000000002fc40        0x4 build/cooja/mtype824.a(gpio-hal.o)
 *fill*         0x000000000002fc44       0x1c 
 .bss           0x000000000002fc60     0x2c80 build/cooja/mtype824.a(queuebuf.o)
 .bss           0x00000000000328e0       0xa0 build/cooja/mtype824.a(packetbuf.o)
 .bss           0x0000000000032980        0x4 build/cooja/mtype824.a(netstack.o)
 .bss           0x0000000000032984        0x0 build/cooja/mtype824.a(linkaddr.o)
 .bss           0x0000000000032984        0x0 build/cooja/mtype824.a(csma.o)
 *fill*         0x0000000000032984       0x1c 
 .bss           0x00000000000329a0      0x726 build/cooja/mtype824.a(csma-output.o)
 *fill*         0x00000000000330c6        0x2 
 .bss           0x00000000000330c8       0x30 build/cooja/mtype824.a(uip-ds6.o)
 .bss           0x00000000000330f8       0x10 build/cooja/mtype824.a(tcpip.o)
 *fill*         0x0000000000033108       0x18 
 .bss           0x0000000000033120       0x60 build/cooja/mtype824.a(uip-ds6-route.o)
 .bss           0x0000000000033180     0x1c20 build/cooja/mtype824.a(uip-ds6-nbr.o)
 .bss           0x0000000000034da0        0x8 build/cooja/mtype824.a(uip6.o)
                0x0000000000034da0                uip_ext_bitmap
                0x0000000000034da2                uip_ext_len
                0x0000000000034da4                uip_last_proto
 .bss           0x0000000000034da8       0x10 build/cooja/mtype824.a(uip-nd6.o)
 *fill*         0x0000000000034db8        0x8 
 .bss           0x0000000000034dc0      0x724 build/cooja/mtype824.a(sicslowpan.o)
 .bss           0x00000000000354e4        0x0 build/cooja/mtype824.a(uiplib.o)
 .bss           0x00000000000354e4        0x1 build/cooja/mtype824.a(rpl.o)
 .bss           0x00000000000354e5        0x0 build/cooja/mtype824.a(rpl-icmp6.o)
 *fill*         0x00000000000354e5        0x3 
 .bss           0x00000000000354e8       0x11 build/cooja/mtype824.a(rpl-dag-root.o)
 .bss           0x00000000000354f9        0x0 build/cooja/mtype824.a(watchdog.o)
 *fill*         0x00000000000354f9        0x3 
 .bss           0x00000000000354fc        0x4 build/cooja/mtype824.a(int-master.o)
 .bss           0x0000000000035500        0x0 build/cooja/mtype824.a(stimer.o)
 .bss           0x0000000000035500        0x0 build/cooja/mtype824.a(memb.o)
 .bss           0x0000000000035500        0x0 build/cooja/mtype824.a(assert.o)
 .bss           0x0000000000035500        0x0 build/cooja/mtype824.a(ringbuf.o)
 .bss           0x0000000000035500     0x1214 build/cooja/mtype824.a(nbr-table.o)
 *fill*         0x0000000000036714        0xc 
 .bss           0x0000000000036720      0xe10 build/cooja/mtype824.a(link-stats.o)
 *fill*         0x0000000000037530       0x10 
 .bss           0x0000000000037540      0x100 build/cooja/mtype824.a(mac-sequence.o)
 .bss           0x0000000000037640        0x0 build/cooja/mtype824.a(mac.o)
 .bss           0x0000000000037640        0x2 build/cooja/mtype824.a(framer-802154.o)
 .bss           0x0000000000037642        0x0 build/cooja/mtype824.a(frame802154.o)
 .bss           0x0000000000037642        0x0 build/cooja/mtype824.a(csma-security.o)
 *fill*         0x0000000000037642        0x2 
 .bss           0x0000000000037644       0x20 build/cooja/mtype824.a(uipbuf.o)
 .bss           0x0000000000037664       0x18 build/cooja/mtype824.a(uip-icmp6.o)
 *fill*         0x000000000003767c        0x4 
 .bss           0x0000000000037680     0x1d80 build/cooja/mtype824.a(uip-sr.o)
 .bss           0x0000000000039400      0xa78 build/cooja/mtype824.a(uip-packetqueue)
 .bss           0x0000000000039e78        0x0 build/cooja/mtype824.a(rpl-nbr-policy.)
 *fill*         0x0000000000039e78        0x8 
 .bss           0x0000000000039e80      0x960 build/cooja/mtype824.a(rpl-neighbor.o)
 .bss           0x000000000003a7e0        0x0 build/cooja/mtype824.a(rpl-dag.o)
 .bss           0x000000000003a7e0       0x40 build/cooja/mtype824.a(rpl-timers.o)
 .bss           0x000000000003a820        0x0 build/cooja/mtype824.a(rpl-ext-header.)
 .bss           0x000000000003a820        0x0 build/cooja/mtype824.a(rpl-mrhof.o)
 .bss           0x000000000003a820        0x0 /usr/lib/i386-linux-gnu/libc_nonshared.a(stack_chk_fail_local.oS)
 .bss           0x000000000003a820        0x0 /usr/lib/gcc/i686-linux-gnu/7/crtendS.o
 .bss           0x000000000003a820        0x0 /usr/lib/gcc/i686-linux-gnu/7/../../../i386-linux-gnu/crtn.o
 *(COMMON)
 COMMON         0x000000000003a820        0x8 build/cooja/mtype824.o
                0x000000000003a820                referenceVar
                0x000000000003a824                sensors_flags
 COMMON         0x000000000003a828        0xc build/cooja/mtype824.a(simEnvChange.o)
                0x000000000003a828                simEtimerPending
                0x000000000003a82c                simProcessRunValue
                0x000000000003a830                simEtimerNextExpirationTime
 *fill*         0x000000000003a834        0x4 
 COMMON         0x000000000003a838       0x18 build/cooja/mtype824.a(rtimer-arch.o)
                0x000000000003a838                simRtimerPending
                0x000000000003a840                simRtimerCurrentTicks
                0x000000000003a848                simRtimerNextExpirationTime
 COMMON         0x000000000003a850        0x1 build/cooja/mtype824.a(beep.o)
                0x000000000003a850                simBeeped
 *fill*         0x000000000003a851        0x3 
 COMMON         0x000000000003a854        0xc build/cooja/mtype824.a(moteid.o)
                0x000000000003a854                simRandomSeed
                0x000000000003a858                simMoteIDChanged
                0x000000000003a85c                simMoteID
 COMMON         0x000000000003a860        0x2 build/cooja/mtype824.a(pir-sensor.o)
                0x000000000003a860                simPirIsActive
                0x000000000003a861                simPirChanged
 *fill*         0x000000000003a862       0x1e 
 COMMON         0x000000000003a880      0x820 build/cooja/mtype824.a(rs232.o)
                0x000000000003a880                simSerialReceivingFlag
                0x000000000003a884                simSerialReceivingLength
                0x000000000003a8a0                simSerialReceivingData
 COMMON         0x000000000003b0a0        0x2 build/cooja/mtype824.a(vib-sensor.o)
                0x000000000003b0a0                simVibChanged
                0x000000000003b0a1                simVibIsActive
 *fill*         0x000000000003b0a2        0x2 
 COMMON         0x000000000003b0a4        0x4 build/cooja/mtype824.a(clock.o)
                0x000000000003b0a4                simCurrentTime
 *fill*         0x000000000003b0a8       0x18 
 COMMON         0x000000000003b0c0     0x2020 build/cooja/mtype824.a(cooja-log.o)
                0x000000000003b0c0                simLoggedLength
                0x000000000003b0c4                simLoggedFlag
                0x000000000003b0e0                simLoggedData
 COMMON         0x000000000003d0e0       0xfd build/cooja/mtype824.a(cooja-radio.o)
                0x000000000003d0e0                simOutDataBuffer
                0x000000000003d160                simInDataBuffer
 *fill*         0x000000000003d1dd        0x3 
 COMMON         0x000000000003d1e0      0x400 build/cooja/mtype824.a(eeprom.o)
                0x000000000003d1e0                simEEPROMData
 COMMON         0x000000000003d5e0        0x1 build/cooja/mtype824.a(sensors.o)
                0x000000000003d5e0                sensors_event
 COMMON         0x000000000003d5e1        0x2 build/cooja/mtype824.a(buttons.o)
                0x000000000003d5e1                simButtonIsDown
                0x000000000003d5e2                simButtonChanged
 COMMON         0x000000000003d5e3        0x3 build/cooja/mtype824.a(button-hal.o)
                0x000000000003d5e3                button_hal_periodic_event
                0x000000000003d5e4                button_hal_press_event
                0x000000000003d5e5                button_hal_release_event
 COMMON         0x000000000003d5e6        0x1 build/cooja/mtype824.a(serial-line.o)
                0x000000000003d5e6                serial_line_event_message
 *fill*         0x000000000003d5e7        0x1 
 COMMON         0x000000000003d5e8       0x2c build/cooja/mtype824.a(packetbuf.o)
                0x000000000003d5e8                packetbuf_attrs
                0x000000000003d604                packetbuf_addrs
 COMMON         0x000000000003d614        0x8 build/cooja/mtype824.a(linkaddr.o)
                0x000000000003d614                linkaddr_node_addr
 *fill*         0x000000000003d61c        0x4 
 COMMON         0x000000000003d620      0x1a5 build/cooja/mtype824.a(uip-ds6.o)
                0x000000000003d620                uip_ds6_prefix_list