Archive member included to satisfy reference by file (symbol)

build/native/contiki-ng-native.a(res-battery.o)
                              coap-server.o (res_battery)
build/native/contiki-ng-native.a(coap-engine.o)
                              coap-server.o (coap_activate_resource)
build/native/contiki-ng-native.a(coap-observe.o)
                              build/native/contiki-ng-native.a(coap-engine.o) (coap_remove_observer_by_mid)
build/native/contiki-ng-native.a(coap-transactio)
                              build/native/contiki-ng-native.a(coap-engine.o) (coap_new_transaction)
build/native/contiki-ng-native.a(coap-res-well-k)
                              build/native/contiki-ng-native.a(coap-engine.o) (res_well_known_core)
build/native/contiki-ng-native.a(coap.o)
                              build/native/contiki-ng-native.a(coap-engine.o) (coap_init_connection)
build/native/contiki-ng-native.a(coap-uip.o)
                              build/native/contiki-ng-native.a(coap-observe.o) (coap_endpoint_copy)
build/native/contiki-ng-native.a(coap-timer.o)
                              build/native/contiki-ng-native.a(coap-transactio) (coap_timer_stop)
build/native/contiki-ng-native.a(contiki-main.o)
                              /usr/lib/gcc/i686-linux-gnu/7/../../../i386-linux-gnu/Scrt1.o (main)
build/native/contiki-ng-native.a(autostart.o)
                              build/native/contiki-ng-native.a(contiki-main.o) (autostart_start)
build/native/contiki-ng-native.a(ctimer.o)
                              build/native/contiki-ng-native.a(contiki-main.o) (ctimer_init)
build/native/contiki-ng-native.a(energest.o)
                              build/native/contiki-ng-native.a(contiki-main.o) (energest_init)
build/native/contiki-ng-native.a(etimer.o)
                              build/native/contiki-ng-native.a(contiki-main.o) (etimer_process)
build/native/contiki-ng-native.a(log.o)
                              build/native/contiki-ng-native.a(coap-uip.o) (log_6addr)
build/native/contiki-ng-native.a(rtimer.o)
                              build/native/contiki-ng-native.a(contiki-main.o) (rtimer_init)
build/native/contiki-ng-native.a(node-id.o)
                              build/native/contiki-ng-native.a(contiki-main.o) (node_id_init)
build/native/contiki-ng-native.a(process.o)
                              coap-server.o (process_current)
build/native/contiki-ng-native.a(timer.o)
                              build/native/contiki-ng-native.a(etimer.o) (timer_set)
build/native/contiki-ng-native.a(list.o)
                              build/native/contiki-ng-native.a(coap-engine.o) (list_init)
build/native/contiki-ng-native.a(memb.o)
                              build/native/contiki-ng-native.a(coap-observe.o) (memb_alloc)
build/native/contiki-ng-native.a(random.o)
                              build/native/contiki-ng-native.a(res-battery.o) (random_rand)
build/native/contiki-ng-native.a(queuebuf.o)
                              build/native/contiki-ng-native.a(contiki-main.o) (queuebuf_init)
build/native/contiki-ng-native.a(packetbuf.o)
                              build/native/contiki-ng-native.a(queuebuf.o) (packetbuf_copyto)
build/native/contiki-ng-native.a(netstack.o)
                              build/native/contiki-ng-native.a(contiki-main.o) (netstack_init)
build/native/contiki-ng-native.a(linkaddr.o)
                              build/native/contiki-ng-native.a(packetbuf.o) (linkaddr_copy)
build/native/contiki-ng-native.a(nullmac.o)
                              build/native/contiki-ng-native.a(contiki-main.o) (nullmac_driver)
build/native/contiki-ng-native.a(uip-ds6.o)
                              build/native/contiki-ng-native.a(contiki-main.o) (uip_ds6_get_link_local)
build/native/contiki-ng-native.a(tcpip.o)
                              build/native/contiki-ng-native.a(coap-uip.o) (udp_new)
build/native/contiki-ng-native.a(uip-udp-packet.)
                              build/native/contiki-ng-native.a(coap-uip.o) (uip_udp_packet_sendto)
build/native/contiki-ng-native.a(uip-ds6-route.o)
                              build/native/contiki-ng-native.a(uip-ds6.o) (uip_ds6_route_init)
build/native/contiki-ng-native.a(uip-ds6-nbr.o)
                              build/native/contiki-ng-native.a(uip-ds6.o) (uip_ds6_neighbors_init)
build/native/contiki-ng-native.a(uip6.o)
                              build/native/contiki-ng-native.a(coap-uip.o) (uip_aligned_buf)
build/native/contiki-ng-native.a(uip-nd6.o)
                              build/native/contiki-ng-native.a(uip6.o) (uip_nd6_init)
build/native/contiki-ng-native.a(uiplib.o)
                              build/native/contiki-ng-native.a(coap-uip.o) (uiplib_ip6addrconv)
build/native/contiki-ng-native.a(rpl.o)
                              build/native/contiki-ng-native.a(contiki-main.o) (rpl_lite_driver)
build/native/contiki-ng-native.a(rpl-icmp6.o)
[...]
Memory Configuration

Name             Origin             Length             Attributes
*default*        0x0000000000000000 0xffffffffffffffff

Linker script and memory map

LOAD /usr/lib/gcc/i686-linux-gnu/7/../../../i386-linux-gnu/Scrt1.o
LOAD /usr/lib/gcc/i686-linux-gnu/7/../../../i386-linux-gnu/crti.o
LOAD /usr/lib/gcc/i686-linux-gnu/7/crtbeginS.o
LOAD coap-server.o
LOAD build/native/contiki-ng-native.a
LOAD /usr/lib/gcc/i686-linux-gnu/7/../../../i386-linux-gnu/librt.so
LOAD /usr/lib/gcc/i686-linux-gnu/7/libgcc.a
LOAD /usr/lib/gcc/i686-linux-gnu/7/libgcc_s.so
START GROUP
LOAD /usr/lib/gcc/i686-linux-gnu/7/libgcc_s.so.1
LOAD /usr/lib/gcc/i686-linux-gnu/7/libgcc.a
END GROUP
LOAD /usr/lib/gcc/i686-linux-gnu/7/../../../i386-linux-gnu/libc.so
START GROUP
LOAD /lib/i386-linux-gnu/libc.so.6
LOAD /usr/lib/i386-linux-gnu/libc_nonshared.a
LOAD /lib/i386-linux-gnu/ld-linux.so.2
END GROUP
LOAD /usr/lib/gcc/i686-linux-gnu/7/libgcc.a
LOAD /usr/lib/gcc/i686-linux-gnu/7/libgcc_s.so
START GROUP
LOAD /usr/lib/gcc/i686-linux-gnu/7/libgcc_s.so.1
LOAD /usr/lib/gcc/i686-linux-gnu/7/libgcc.a
END GROUP
LOAD /usr/lib/gcc/i686-linux-gnu/7/crtendS.o
LOAD /usr/lib/gcc/i686-linux-gnu/7/../../../i386-linux-gnu/crtn.o
                [!provide]                        PROVIDE (__executable_start = SEGMENT_START ("text-segment", 0x0))
                0x0000000000000154                . = (SEGMENT_START ("text-segment", 0x0) + SIZEOF_HEADERS)

.interp         0x0000000000000154       0x13
 *(.interp)
 .interp        0x0000000000000154       0x13 /usr/lib/gcc/i686-linux-gnu/7/../../../i386-linux-gnu/Scrt1.o

.note.ABI-tag   0x0000000000000168       0x20
 .note.ABI-tag  0x0000000000000168       0x20 /usr/lib/gcc/i686-linux-gnu/7/../../../i386-linux-gnu/Scrt1.o

.note.gnu.build-id
                0x0000000000000188       0x24
 *(.note.gnu.build-id)
 .note.gnu.build-id
                0x0000000000000188       0x24 /usr/lib/gcc/i686-linux-gnu/7/../../../i386-linux-gnu/Scrt1.o

.hash
 *(.hash)

.gnu.hash       0x00000000000001ac     0x1338
 *(.gnu.hash)
 .gnu.hash      0x00000000000001ac     0x1338 /usr/lib/gcc/i686-linux-gnu/7/../../../i386-linux-gnu/Scrt1.o

.dynsym         0x00000000000014e4     0x2710
 *(.dynsym)
 .dynsym        0x00000000000014e4     0x2710 /usr/lib/gcc/i686-linux-gnu/7/../../../i386-linux-gnu/Scrt1.o

.dynstr         0x0000000000003bf4     0x2d6d
 *(.dynstr)
 .dynstr        0x0000000000003bf4     0x2d6d /usr/lib/gcc/i686-linux-gnu/7/../../../i386-linux-gnu/Scrt1.o

.gnu.version    0x0000000000006962      0x4e2
 *(.gnu.version)
 .gnu.version   0x0000000000006962      0x4e2 /usr/lib/gcc/i686-linux-gnu/7/../../../i386-linux-gnu/Scrt1.o

.gnu.version_d  0x0000000000006e44        0x0
 *(.gnu.version_d)
 .gnu.version_d
                0x0000000000006e44        0x0 /usr/lib/gcc/i686-linux-gnu/7/../../../i386-linux-gnu/Scrt1.o

.gnu.version_r  0x0000000000006e44       0x80
 *(.gnu.version_r)
 .gnu.version_r
                0x0000000000006e44       0x80 /usr/lib/gcc/i686-linux-gnu/7/../../../i386-linux-gnu/Scrt1.o

.rel.dyn        0x0000000000006ec4      0x4d8
 *(.rel.init)
 *(.rel.text .rel.text.* .rel.gnu.linkonce.t.*)
 *(.rel.fini)
 *(.rel.rodata .rel.rodata.* .rel.gnu.linkonce.r.*)
 *(.rel.data.rel.ro .rel.data.rel.ro.* .rel.gnu.linkonce.d.rel.ro.*)
 .rel.data.rel.ro
                0x0000000000006ec4       0xa8 /usr/lib/gcc/i686-linux-gnu/7/../../../i386-linux-gnu/Scrt1.o
 .rel.data.rel.ro.local
                0x0000000000006f6c      0x108 /usr/lib/gcc/i686-linux-gnu/7/../../../i386-linux-gnu/Scrt1.o
 *(.rel.data .rel.data.* .rel.gnu.linkonce.d.*)
 .rel.data.rel.local
                0x0000000000007074      0x288 /usr/lib/gcc/i686-linux-gnu/7/../../../i386-linux-gnu/Scrt1.o
 *(.rel.tdata .rel.tdata.* .rel.gnu.linkonce.td.*)
 *(.rel.tbss .rel.tbss.* .rel.gnu.linkonce.tb.*)
 *(.rel.ctors)
 *(.rel.dtors)
 *(.rel.got)
 .rel.got       0x00000000000072fc       0x90 /usr/lib/gcc/i686-linux-gnu/7/../../../i386-linux-gnu/Scrt1.o
 *(.rel.bss .rel.bss.* .rel.gnu.linkonce.b.*)
 .rel.bss       0x000000000000738c        0x0 /usr/lib/gcc/i686-linux-gnu/7/../../../i386-linux-gnu/Scrt1.o
 *(.rel.ifunc)
 .rel.ifunc     0x000000000000738c        0x0 /usr/lib/gcc/i686-linux-gnu/7/../../../i386-linux-gnu/Scrt1.o
 .rel.fini_array
                0x000000000000738c        0x8 /usr/lib/gcc/i686-linux-gnu/7/../../../i386-linux-gnu/Scrt1.o
 .rel.init_array
                0x0000000000007394        0x8 /usr/lib/gcc/i686-linux-gnu/7/../../../i386-linux-gnu/Scrt1.o

.rel.plt        0x000000000000739c      0x148
 *(.rel.plt)
 .rel.plt       0x000000000000739c      0x148 /usr/lib/gcc/i686-linux-gnu/7/../../../i386-linux-gnu/Scrt1.o
                [!provide]                        PROVIDE (__rel_iplt_start = .)
 *(.rel.iplt)
                [!provide]                        PROVIDE (__rel_iplt_end = .)

.init           0x00000000000074e4       0x23
 *(SORT_NONE(.init))
 .init          0x00000000000074e4       0x1e /usr/lib/gcc/i686-linux-gnu/7/../../../i386-linux-gnu/crti.o
                0x00000000000074e4                _init
 .init          0x0000000000007502        0x5 /usr/lib/gcc/i686-linux-gnu/7/../../../i386-linux-gnu/crtn.o

.plt            0x0000000000007510      0x2a0
 *(.plt)
 .plt           0x0000000000007510      0x2a0 /usr/lib/gcc/i686-linux-gnu/7/../../../i386-linux-gnu/Scrt1.o
 *(.iplt)

.plt.got        0x00000000000077b0       0x10
 *(.plt.got)
 .plt.got       0x00000000000077b0       0x10 /usr/lib/gcc/i686-linux-gnu/7/../../../i386-linux-gnu/Scrt1.o

.plt.sec
 *(.plt.sec)

.text           0x00000000000077c0    0x11ea4
 *(.text.unlikely .text.*_unlikely .text.unlikely.*)
 .text.unlikely
                0x00000000000077c0       0xcb build/native/contiki-ng-native.a(uip6.o)
 *(.text.exit .text.exit.*)
 *(.text.startup .text.startup.*)
 *fill*         0x000000000000788b        0x5 
 .text.startup  0x0000000000007890      0x33d build/native/contiki-ng-native.a(contiki-main.o)
                0x0000000000007890                main
 *(.text.hot .text.hot.*)
 *(.text .stub .text.* .gnu.linkonce.t.*)
 .text          0x0000000000007bcd       0x36 /usr/lib/gcc/i686-linux-gnu/7/../../../i386-linux-gnu/Scrt1.o
                0x0000000000007bcd                _start
 .text          0x0000000000007c03        0x0 /usr/lib/gcc/i686-linux-gnu/7/../../../i386-linux-gnu/crti.o
 *fill*         0x0000000000007c03        0xd 
 .gnu.linkonce.t.__x86.get_pc_thunk.bx
                0x0000000000007c10        0x4 /usr/lib/gcc/i686-linux-gnu/7/../../../i386-linux-gnu/crti.o
                0x0000000000007c10                __x86.get_pc_thunk.bx
 *fill*         0x0000000000007c14        0xc 
 .text          0x0000000000007c20       0xe9 /usr/lib/gcc/i686-linux-gnu/7/crtbeginS.o
 .text.__x86.get_pc_thunk.dx
                0x0000000000007d09        0x4 /usr/lib/gcc/i686-linux-gnu/7/crtbeginS.o
                0x0000000000007d09                __x86.get_pc_thunk.dx
 *fill*         0x0000000000007d0d        0x3 
 .text          0x0000000000007d10       0xce coap-server.o
 *fill*         0x0000000000007dde        0x2 
 .text          0x0000000000007de0      0x114 build/native/contiki-ng-native.a(res-battery.o)
 *fill*         0x0000000000007ef4        0xc 
 .text          0x0000000000007f00      0xa3d build/native/contiki-ng-native.a(coap-engine.o)
                0x0000000000007f60                coap_add_handler
                0x0000000000007f90                coap_remove_handler
                0x0000000000007fc0                coap_call_handlers
                0x0000000000008060                coap_receive
                0x0000000000008810                coap_activate_resource
                0x0000000000008890                coap_engine_init
                0x0000000000008900                coap_get_first_resource
                0x0000000000008920                coap_get_next_resource
 *fill*         0x000000000000893d        0x3 
 .text          0x0000000000008940      0x9fa build/native/contiki-ng-native.a(coap-observe.o)
                0x0000000000008940                coap_remove_observer
                0x0000000000008980                coap_remove_observer_by_client
                0x0000000000008a00                coap_remove_observer_by_token
                0x0000000000008aa0                coap_remove_observer_by_uri
                0x0000000000008b60                coap_remove_observer_by_mid
                0x0000000000008c00                coap_notify_observers_sub
                0x0000000000009040                coap_notify_observers
                0x0000000000009060                coap_observe_handler
                0x00000000000092c0                coap_has_observers
 *fill*         0x000000000000933a        0x6 
 .text          0x0000000000009340      0x238 build/native/contiki-ng-native.a(coap-transactio)
                0x0000000000009380                coap_new_transaction
                0x00000000000093e0                coap_send_transaction
                0x0000000000009510                coap_clear_transaction
                0x0000000000009530                coap_get_transaction_by_mid
 *fill*         0x0000000000009578        0x8 
 .text          0x0000000000009580      0x2aa build/native/contiki-ng-native.a(coap-res-well-k)
 *fill*         0x000000000000982a        0x6 
 .text          0x0000000000009830     0x1ae5 build/native/contiki-ng-native.a(coap.o)
                0x0000000000009c30                coap_init_connection
                0x0000000000009c50                coap_get_mid
                0x0000000000009c70                coap_init_message
                0x0000000000009cc0                coap_serialize_message
                0x000000000000a2c0                coap_parse_message
                0x000000000000aa70                coap_get_query_variable
                0x000000000000aab0                coap_get_post_variable
                0x000000000000aae0                coap_set_status_code
                0x000000000000ab00                coap_set_token
                0x000000000000ab90                coap_get_header_content_format
                0x000000000000abb0                coap_set_header_content_format
                0x000000000000abd0                coap_get_header_accept
                0x000000000000abf0                coap_set_header_accept
                0x000000000000ac10                coap_get_header_max_age
                0x000000000000ac40                coap_set_header_max_age
                0x000000000000ac60                coap_get_header_etag
                0x000000000000ac80                coap_set_header_etag
                0x000000000000ad10                coap_get_header_if_match
                0x000000000000ad30                coap_set_header_if_match
                0x000000000000adc0                coap_get_header_if_none_match
                0x000000000000add0                coap_set_header_if_none_match
                0x000000000000ade0                coap_get_header_proxy_uri
                0x000000000000ae00                coap_set_header_proxy_uri
                0x000000000000ae30                coap_get_header_uri_host
                0x000000000000ae50                coap_set_header_uri_host
                0x000000000000ae80                coap_get_header_uri_path
                0x000000000000aea0                coap_set_header_uri_path
                0x000000000000aef0                coap_get_header_uri_query
                0x000000000000af20                coap_set_header_uri_query
                0x000000000000af70                coap_get_header_location_path
                0x000000000000af90                coap_get_header_location_query
                0x000000000000afb0                coap_set_header_location_query
                0x000000000000b000                coap_set_header_location_path
                0x000000000000b090                coap_get_header_observe
                0x000000000000b0b0                coap_set_header_observe
                0x000000000000b0d0                coap_get_header_block2
                0x000000000000b130                coap_set_header_block2
                0x000000000000b180                coap_get_header_block1
                0x000000000000b1f0                coap_set_header_block1
                0x000000000000b240                coap_get_header_size2
                0x000000000000b260                coap_set_header_size2
                0x000000000000b280                coap_get_header_size1
                0x000000000000b2a0                coap_set_header_size1
                0x000000000000b2c0                coap_get_payload
                0x000000000000b2f0                coap_set_payload
 .text.__x86.get_pc_thunk.ax
                0x000000000000b315        0x4 build/native/contiki-ng-native.a(coap.o)
                0x000000000000b315                __x86.get_pc_thunk.ax
 .text.__x86.get_pc_thunk.di
                0x000000000000b319        0x4 build/native/contiki-ng-native.a(coap.o)
                0x000000000000b319                __x86.get_pc_thunk.di
 *fill*         0x000000000000b31d        0x3 
 .text          0x000000000000b320      0x6bf build/native/contiki-ng-native.a(coap-uip.o)
                0x000000000000b420                coap_endpoint_log
                0x000000000000b4c0                coap_endpoint_print
                0x000000000000b560                coap_endpoint_snprint
                0x000000000000b690                coap_endpoint_copy
                0x000000000000b6c0                coap_endpoint_cmp
                0x000000000000b710                coap_endpoint_parse
                0x000000000000b900                coap_endpoint_is_secure
                0x000000000000b910                coap_endpoint_is_connected
                0x000000000000b920                coap_endpoint_connect
                0x000000000000b930                coap_endpoint_disconnect
                0x000000000000b940                coap_databuf
                0x000000000000b960                coap_transport_init
                0x000000000000b990                coap_sendto
 *fill*         0x000000000000b9df        0x1 
 .text          0x000000000000b9e0      0x34d build/native/contiki-ng-native.a(coap-timer.o)
                0x000000000000bb30                coap_timer_stop
                0x000000000000bb70                coap_timer_set
                0x000000000000bbb0                coap_timer_reset
                0x000000000000bbd0                coap_timer_time_to_next_expiration
                0x000000000000bc40                coap_timer_run
                0x000000000000bd10                coap_timer_init
 .text          0x000000000000bd2d        0x0 build/native/contiki-ng-native.a(contiki-main.o)
 *fill*         0x000000000000bd2d        0x3 
 .text          0x000000000000bd30       0x7c build/native/contiki-ng-native.a(autostart.o)
                0x000000000000bd30                autostart_start
                0x000000000000bd70                autostart_exit
 *fill*         0x000000000000bdac        0x4 
 .text          0x000000000000bdb0      0x398 build/native/contiki-ng-native.a(ctimer.o)
                0x000000000000bec0                ctimer_init
                0x000000000000bf00                ctimer_set_with_process
                0x000000000000bf80                ctimer_set
                0x000000000000bfb0                ctimer_reset
                0x000000000000c010                ctimer_restart
                0x000000000000c070                ctimer_stop
                0x000000000000c0d0                ctimer_expired
 *fill*         0x000000000000c148        0x8 
 .text          0x000000000000c150       0x25 build/native/contiki-ng-native.a(energest.o)
                0x000000000000c150                energest_init
                0x000000000000c160                energest_flush
                0x000000000000c170                energest_get_total_time
 *fill*         0x000000000000c175        0xb 
 .text          0x000000000000c180      0x4b1 build/native/contiki-ng-native.a(etimer.o)
                0x000000000000c420                etimer_request_poll
                0x000000000000c440                etimer_set
                0x000000000000c470                etimer_reset_with_new_interval
                0x000000000000c4a0                etimer_reset
                0x000000000000c4d0                etimer_restart
                0x000000000000c500                etimer_adjust
                0x000000000000c540                etimer_expired
                0x000000000000c550                etimer_expiration_time
                0x000000000000c560                etimer_start_time
                0x000000000000c570                etimer_pending
                0x000000000000c590                etimer_next_expiration_time
                0x000000000000c5b0                etimer_stop
 *fill*         0x000000000000c631        0xf 
 .text          0x000000000000c640      0x447 build/native/contiki-ng-native.a(log.o)
                0x000000000000c640                log_6addr
                0x000000000000c6a0                log_6addr_compact_snprint
                0x000000000000c740                log_6addr_compact
                0x000000000000c7a0                log_lladdr
                0x000000000000c840                log_lladdr_compact
                0x000000000000c8c0                log_bytes
                0x000000000000c920                log_set_level
                0x000000000000c9a0                log_get_level
                0x000000000000ca10                log_level_to_str
 *fill*         0x000000000000ca87        0x9 
 .text          0x000000000000ca90       0xcc build/native/contiki-ng-native.a(rtimer.o)
                0x000000000000ca90                rtimer_init
                0x000000000000cab0                rtimer_set
                0x000000000000cb10                rtimer_run_next
 *fill*         0x000000000000cb5c        0x4 
 .text          0x000000000000cb60       0x26 build/native/contiki-ng-native.a(node-id.o)
                0x000000000000cb60                node_id_init
 *fill*         0x000000000000cb86        0xa 
 .text          0x000000000000cb90      0x4cf build/native/contiki-ng-native.a(process.o)
                0x000000000000cd60                process_alloc_event
                0x000000000000cd80                process_start
                0x000000000000cdf0                process_exit
                0x000000000000ce10                process_init
                0x000000000000ce50                process_run
                0x000000000000cf50                process_nevents
                0x000000000000cf70                process_post
                0x000000000000cfd0                process_post_synch
                0x000000000000d010                process_poll
                0x000000000000d050                process_is_running
 .text.__x86.get_pc_thunk.cx
                0x000000000000d05f        0x4 build/native/contiki-ng-native.a(process.o)
                0x000000000000d05f                __x86.get_pc_thunk.cx
 *fill*         0x000000000000d063        0xd 
 .text          0x000000000000d070       0xe8 build/native/contiki-ng-native.a(timer.o)
                0x000000000000d070                timer_set
                0x000000000000d0a0                timer_reset
                0x000000000000d0e0                timer_restart
                0x000000000000d100                timer_expired
                0x000000000000d130                timer_remaining
 *fill*         0x000000000000d158        0x8 
 .text          0x000000000000d160      0x303 build/native/contiki-ng-native.a(list.o)
                0x000000000000d160                list_init
                0x000000000000d170                list_head
                0x000000000000d180                list_copy
                0x000000000000d190                list_tail
                0x000000000000d1b0                list_add
                0x000000000000d220                list_push
                0x000000000000d280                list_chop
                0x000000000000d2c0                list_pop
                0x000000000000d2d0                list_remove
                0x000000000000d330                list_length
                0x000000000000d360                list_insert
                0x000000000000d410                list_item_next
                0x000000000000d430                list_contains
 *fill*         0x000000000000d463        0xd 
 .text          0x000000000000d470      0x163 build/native/contiki-ng-native.a(memb.o)
                0x000000000000d470                memb_init
                0x000000000000d4c0                memb_alloc
                0x000000000000d510                memb_free
                0x000000000000d570                memb_inmemb
                0x000000000000d5a0                memb_numfree
 *fill*         0x000000000000d5d3        0xd 
 .text          0x000000000000d5e0       0x39 build/native/contiki-ng-native.a(random.o)
                0x000000000000d5e0                random_init
                0x000000000000d600                random_rand
 *fill*         0x000000000000d619        0x7 
 .text          0x000000000000d620      0x282 build/native/contiki-ng-native.a(queuebuf.o)
                0x000000000000d620                queuebuf_init
                0x000000000000d650                queuebuf_numfree
                0x000000000000d670                queuebuf_new_from_packetbuf
                0x000000000000d700                queuebuf_update_attr_from_packetbuf
                0x000000000000d730                queuebuf_update_from_packetbuf
                0x000000000000d770                queuebuf_free
                0x000000000000d7c0                queuebuf_to_packetbuf
                0x000000000000d820                queuebuf_dataptr
                0x000000000000d860                queuebuf_datalen
                0x000000000000d870                queuebuf_addr
                0x000000000000d880                queuebuf_attr
                0x000000000000d8a0                queuebuf_debug_print
 *fill*         0x000000000000d8a2        0xe 
 .text          0x000000000000d8b0      0x589 build/native/contiki-ng-native.a(packetbuf.o)
                0x000000000000d8b0                packetbuf_copyto
                0x000000000000d9a0                packetbuf_hdralloc
                0x000000000000da20                packetbuf_hdrreduce
                0x000000000000da60                packetbuf_set_datalen
                0x000000000000da80                packetbuf_dataptr
                0x000000000000dab0                packetbuf_hdrptr
                0x000000000000dad0                packetbuf_datalen
                0x000000000000daf0                packetbuf_hdrlen
                0x000000000000db10                packetbuf_totlen
                0x000000000000db40                packetbuf_remaininglen
                0x000000000000db70                packetbuf_attr_clear
                0x000000000000dbe0                packetbuf_clear
                0x000000000000dc10                packetbuf_copyfrom
                0x000000000000dc80                packetbuf_attr_copyto
                0x000000000000dcf0                packetbuf_attr_copyfrom
                0x000000000000dd60                packetbuf_set_attr
                0x000000000000dd90                packetbuf_attr
                0x000000000000ddb0                packetbuf_set_addr
                0x000000000000ddf0                packetbuf_addr
                0x000000000000de10                packetbuf_holds_broadcast
 *fill*         0x000000000000de39        0x7 
 .text          0x000000000000de40      0x11f build/native/contiki-ng-native.a(netstack.o)
                0x000000000000de40                netstack_process_ip_callback
                0x000000000000ded0                netstack_ip_packet_processor_add
                0x000000000000df00                uip_ds6_ip_packet_processor_rm
                0x000000000000df30                netstack_init
 *fill*         0x000000000000df5f        0x1 
 .text          0x000000000000df60       0x71 build/native/contiki-ng-native.a(linkaddr.o)
                0x000000000000df60                linkaddr_copy
                0x000000000000df80                linkaddr_cmp
                0x000000000000dfb0                linkaddr_set_node_addr
 *fill*         0x000000000000dfd1        0xf 
 .text          0x000000000000dfe0       0x52 build/native/contiki-ng-native.a(nullmac.o)
 *fill*         0x000000000000e032        0xe 
 .text          0x000000000000e040      0xce9 build/native/contiki-ng-native.a(uip-ds6.o)
                0x000000000000e100                uip_ds6_default_prefix
                0x000000000000e120                uip_ds6_set_default_prefix
                0x000000000000e160                uip_ds6_list_loop
                0x000000000000e1e0                uip_ds6_prefix_add
                0x000000000000e290                uip_ds6_prefix_rm
                0x000000000000e2a0                uip_ds6_prefix_lookup
                0x000000000000e300                uip_ds6_is_addr_onlink
                0x000000000000e380                uip_ds6_addr_lookup
                0x000000000000e3e0                uip_ds6_get_link_local
                0x000000000000e460                uip_ds6_get_global
                0x000000000000e4e0                uip_ds6_maddr_add
                0x000000000000e560                uip_ds6_addr_add
                0x000000000000e680                uip_ds6_maddr_rm
                0x000000000000e690                uip_ds6_maddr_lookup
                0x000000000000e770                uip_ds6_addr_rm
                0x000000000000e790                uip_ds6_periodic
                0x000000000000e820                uip_ds6_aaddr_add
                0x000000000000e8a0                uip_ds6_aaddr_rm
                0x000000000000e8b0                uip_ds6_aaddr_lookup
                0x000000000000e910                uip_ds6_select_src
                0x000000000000ea90                uip_ds6_set_addr_iid
                0x000000000000eab0                uip_ds6_set_lladdr_from_iid
                0x000000000000ead0                get_match_length
                0x000000000000eb20                uip_ds6_compute_reachable_time
                0x000000000000eb70                uip_ds6_init
 .text.__x86.get_pc_thunk.si
                0x000000000000ed29        0x4 build/native/contiki-ng-native.a(uip-ds6.o)
                0x000000000000ed29                __x86.get_pc_thunk.si
 .text.__x86.get_pc_thunk.bp
                0x000000000000ed2d        0x4 build/native/contiki-ng-native.a(uip-ds6.o)
                0x000000000000ed2d                __x86.get_pc_thunk.bp
 *fill*         0x000000000000ed31        0xf 
 .text          0x000000000000ed40      0x665 build/native/contiki-ng-native.a(tcpip.o)
                0x000000000000ed40                tcpip_output
                0x000000000000ed90                udp_attach
                0x000000000000edc0                udp_new
                0x000000000000ee00                udp_broadcast_new
                0x000000000000ee90                tcpip_input
                0x000000000000eed0                tcpip_ipv6_output
                0x000000000000f320                tcpip_poll_udp
                0x000000000000f350                tcpip_uipcall
 *fill*         0x000000000000f3a5        0xb 
 .text          0x000000000000f3b0      0x139 build/native/contiki-ng-native.a(uip-udp-packet.)
                0x000000000000f3b0                uip_udp_packet_send
                0x000000000000f440                uip_udp_packet_sendto
 *fill*         0x000000000000f4e9        0x7 
 .text          0x000000000000f4f0      0x399 build/native/contiki-ng-native.a(uip-ds6-route.o)
                0x000000000000f4f0                uip_ds6_route_init
                0x000000000000f520                uip_ds6_route_count_nexthop_neighbors
                0x000000000000f530                uip_ds6_route_nexthop
                0x000000000000f540                uip_ds6_route_head
                0x000000000000f550                uip_ds6_route_next
                0x000000000000f560                uip_ds6_route_is_nexthop
                0x000000000000f570                uip_ds6_route_num_routes
                0x000000000000f580                uip_ds6_route_lookup
                0x000000000000f590                uip_ds6_route_add
                0x000000000000f5a0                uip_ds6_route_rm
                0x000000000000f5b0                uip_ds6_route_rm_by_nexthop
                0x000000000000f5c0                uip_ds6_defrt_head
                0x000000000000f5e0                uip_ds6_defrt_rm
                0x000000000000f650                uip_ds6_defrt_lookup
                0x000000000000f6d0                uip_ds6_defrt_add
                0x000000000000f7a0                uip_ds6_defrt_choose
                0x000000000000f810                uip_ds6_defrt_periodic
 *fill*         0x000000000000f889        0x7 
 .text          0x000000000000f890      0x412 build/native/contiki-ng-native.a(uip-ds6-nbr.o)
                0x000000000000f8d0                uip_ds6_nbr_rm
                0x000000000000f8f0                uip_ds6_neighbors_init
                0x000000000000f920                uip_ds6_nbr_add
                0x000000000000f9a0                uip_ds6_nbr_update_ll
                0x000000000000faa0                uip_ds6_nbr_get_ipaddr
                0x000000000000fab0                uip_ds6_nbr_get_ll
                0x000000000000fae0                uip_ds6_nbr_num
                0x000000000000fb30                uip_ds6_nbr_head
                0x000000000000fb50                uip_ds6_nbr_next
                0x000000000000fb80                uip_ds6_nbr_lookup
                0x000000000000fbf0                uip_ds6_nbr_ll_lookup
                0x000000000000fc20                uip_ds6_nbr_ipaddr_from_lladdr
                0x000000000000fc50                uip_ds6_nbr_lladdr_from_ipaddr
                0x000000000000fca0                uip_ds6_link_callback
 *fill*         0x000000000000fca2        0xe 
 .text          0x000000000000fcb0      0xca3 build/native/contiki-ng-native.a(uip6.o)
                0x000000000000fdb0                uip_chksum
                0x000000000000fdd0                uip_icmp6chksum
                0x000000000000fde0                uip_udpchksum
                0x000000000000fdf0                uip_init
                0x000000000000fe70                uip_remove_ext_hdr
                0x000000000000ff30                uip_udp_new
                0x0000000000010030                uip_process
                0x0000000000010890                uip_htons
                0x00000000000108a0                uip_htonl
                0x00000000000108c0                uip_send
 *fill*         0x0000000000010953        0xd 
 .text          0x0000000000010960      0x470 build/native/contiki-ng-native.a(uip-nd6.o)
                0x0000000000010db0                uip_nd6_init
 .text          0x0000000000010dd0      0x519 build/native/contiki-ng-native.a(uiplib.o)
                0x0000000000010dd0                uiplib_ip6addrconv
                0x0000000000010f90                uiplib_ip4addrconv
                0x0000000000011050                uiplib_ipaddr_snprint
                0x0000000000011290                uiplib_ipaddr_print
 *fill*         0x00000000000112e9        0x7 
 .text          0x00000000000112f0      0x575 build/native/contiki-ng-native.a(rpl.o)
                0x00000000000112f0                rpl_has_joined
                0x0000000000011320                rpl_is_reachable
                0x0000000000011360                rpl_get_leaf_only
                0x00000000000114f0                rpl_link_callback
                0x0000000000011560                rpl_lollipop_greater_than
                0x00000000000115b0                rpl_get_global_address
                0x0000000000011690                rpl_reset_prefix
                0x0000000000011700                rpl_set_prefix_from_addr
                0x00000000000117f0                rpl_set_prefix
                0x0000000000011850                rpl_set_leaf_only
 *fill*         0x0000000000011865        0xb 
 .text          0x0000000000011870      0xcda build/native/contiki-ng-native.a(rpl-icmp6.o)
                0x0000000000011f00                rpl_icmp6_update_nbr_table
                0x0000000000011f60                rpl_icmp6_dis_output
                0x0000000000011fb0                rpl_icmp6_dio_output
                0x0000000000012380                rpl_icmp6_dao_output
                0x0000000000012490                rpl_icmp6_dao_ack_output
                0x0000000000012500                rpl_icmp6_init
 *fill*         0x000000000001254a        0x6 
 .text          0x0000000000012550      0x268 build/native/contiki-ng-native.a(rpl-dag-root.o)
                0x0000000000012600                rpl_dag_root_print_links
                0x00000000000126a0                rpl_dag_root_set_prefix
                0x00000000000126e0                rpl_dag_root_start
                0x0000000000012790                rpl_dag_root_is_root
 *fill*         0x00000000000127b8        0x8 
 .text          0x00000000000127c0      0x52e build/native/contiki-ng-native.a(platform.o)
                0x0000000000012850                select_set_callback
                0x00000000000128f0                native_uart_set_input
                0x0000000000012910                platform_process_args
                0x0000000000012940                platform_init_stage_one
                0x0000000000012970                platform_init_stage_two
                0x00000000000129e0                platform_init_stage_three
                0x0000000000012b10                platform_main_loop
                0x0000000000012c80                log_message
                0x0000000000012cc0                uip_log
 *fill*         0x0000000000012cee        0x2 
 .text          0x0000000000012cf0       0xd2 build/native/contiki-ng-native.a(clock.o)
                0x0000000000012cf0                clock_time
                0x0000000000012d60                clock_seconds
                0x0000000000012db0                clock_delay
                0x0000000000012dc0                clock_init
 *fill*         0x0000000000012dc2        0xe 
 .text          0x0000000000012dd0      0x494 build/native/contiki-ng-native.a(tun6-net.o)
 *fill*         0x0000000000013264        0xc 
 .text          0x0000000000013270       0xe3 build/native/contiki-ng-native.a(rtimer-arch.o)
                0x00000000000132a0                rtimer_arch_init
                0x00000000000132d0                rtimer_arch_schedule
 *fill*         0x0000000000013353        0xd 
 .text          0x0000000000013360       0x56 build/native/contiki-ng-native.a(watchdog.o)
                0x0000000000013360                watchdog_init
                0x0000000000013370                watchdog_start
                0x0000000000013380                watchdog_periodic
                0x0000000000013390                watchdog_stop
                0x00000000000133a0                watchdog_reboot
 *fill*         0x00000000000133b6        0xa 
 .text          0x00000000000133c0      0x1c2 build/native/contiki-ng-native.a(coap-timer-defa)
 *fill*         0x0000000000013582        0xe 
 .text          0x0000000000013590       0xff build/native/contiki-ng-native.a(stimer.o)
                0x0000000000013590                stimer_set
                0x00000000000135c0                stimer_reset
                0x00000000000135f0                stimer_restart
                0x0000000000013610                stimer_expired
                0x0000000000013640                stimer_remaining
                0x0000000000013670                stimer_elapsed
 *fill*         0x000000000001368f        0x1 
 .text          0x0000000000013690      0x3d3 build/native/contiki-ng-native.a(button-hal.o)
                0x0000000000013800                button_hal_get_by_id
                0x0000000000013840                button_hal_get_by_index
                0x0000000000013880                button_hal_get_state
                0x0000000000013980                button_hal_init
 *fill*         0x0000000000013a63        0xd 
 .text          0x0000000000013a70      0x20c build/native/contiki-ng-native.a(serial-line.o)
                0x0000000000013bb0                serial_line_input_byte
                0x0000000000013c40                serial_line_init
 *fill*         0x0000000000013c7c        0x4 
 .text          0x0000000000013c80       0x83 build/native/contiki-ng-native.a(leds.o)
                0x0000000000013c80                leds_init
                0x0000000000013c90                leds_single_on
                0x0000000000013ca0                leds_single_off
                0x0000000000013cb0                leds_single_toggle
                0x0000000000013cc0                leds_on
                0x0000000000013cd0                leds_off
                0x0000000000013ce0                leds_toggle
                0x0000000000013cf0                leds_set
                0x0000000000013d00                leds_get
 *fill*         0x0000000000013d03        0xd 
 .text          0x0000000000013d10      0x103 build/native/contiki-ng-native.a(nullradio.o)
 *fill*         0x0000000000013e13        0xd 
 .text          0x0000000000013e20      0x18b build/native/contiki-ng-native.a(gpio-hal.o)
                0x0000000000013e20                gpio_hal_register_handler
                0x0000000000013e50                gpio_hal_event_handler
                0x0000000000013eb0                gpio_hal_init
                0x0000000000013ee0                gpio_hal_arch_port_toggle_pin
                0x0000000000013f10                gpio_hal_arch_port_toggle_pins
                0x0000000000013f40                gpio_hal_arch_no_port_toggle_pin
                0x0000000000013f80                gpio_hal_arch_no_port_toggle_pins
 *fill*         0x0000000000013fab        0x5 
 .text          0x0000000000013fb0      0x8dd build/native/contiki-ng-native.a(nbr-table.o)
                0x0000000000014180                nbr_table_count_entries
                0x00000000000141b0                nbr_table_gc_get_worst
                0x00000000000141e0                nbr_table_can_accept_new
                0x00000000000141f0                nbr_table_register
                0x0000000000014260                nbr_table_is_registered
                0x0000000000014290                nbr_table_next
                0x0000000000014340                nbr_table_head
                0x00000000000143c0                nbr_table_get_from_lladdr
                0x0000000000014510                nbr_table_entry_is_allowed
                0x0000000000014520                nbr_table_add_lladdr
                0x00000000000146a0                nbr_table_remove
                0x0000000000014720                nbr_table_lock
                0x0000000000014770                nbr_table_unlock
                0x00000000000147c0                nbr_table_get_lladdr
                0x0000000000014810                nbr_table_clear
                0x0000000000014850                nbr_table_key_head
                0x0000000000014870                nbr_table_key_next
 *fill*         0x000000000001488d        0x3 
 .text          0x0000000000014890      0x42b build/native/contiki-ng-native.a(link-stats.o)
                0x00000000000148e0                link_stats_from_lladdr
                0x0000000000014910                link_stats_get_lladdr
                0x0000000000014940                link_stats_is_fresh
                0x0000000000014980                guess_etx_from_rssi
                0x00000000000149e0                link_stats_packet_sent
                0x0000000000014b60                link_stats_input_callback
                0x0000000000014c30                link_stats_reset
                0x0000000000014c80                link_stats_init
 *fill*         0x0000000000014cbb        0x5 
 .text          0x0000000000014cc0      0x4be build/native/contiki-ng-native.a(uipbuf.o)
                0x0000000000014cc0                uipbuf_clear
                0x0000000000014d20                uipbuf_add_ext_hdr
                0x0000000000014d80                uipbuf_set_len
                0x0000000000014db0                uipbuf_set_len_field
                0x0000000000014dc0                uipbuf_get_len_field
                0x0000000000014de0                uipbuf_get_next_header
                0x0000000000014e90                uipbuf_get_last_header
                0x0000000000014f30                uipbuf_search_header
                0x0000000000015000                uipbuf_get_attr
                0x0000000000015030                uipbuf_set_attr
                0x0000000000015060                uipbuf_set_default_attr
                0x0000000000015090                uipbuf_clear_attr
                0x00000000000150d0                uipbuf_set_attr_flag
                0x00000000000150f0                uipbuf_clr_attr_flag
                0x0000000000015110                uipbuf_is_attr_flag
                0x0000000000015140                uipbuf_init
 *fill*         0x000000000001517e        0x2 
 .text          0x0000000000015180      0x598 build/native/contiki-ng-native.a(uip-icmp6.o)
                0x0000000000015330                uip_icmp6_input
                0x00000000000153a0                uip_icmp6_register_input_handler
                0x00000000000153d0                uip_icmp6_error_output
                0x00000000000155b0                uip_icmp6_send
                0x0000000000015670                uip_icmp6_echo_reply_callback_add
                0x00000000000156b0                uip_icmp6_echo_reply_callback_rm
                0x00000000000156e0                uip_icmp6_init
 *fill*         0x0000000000015718        0x8 
 .text          0x0000000000015720      0x695 build/native/contiki-ng-native.a(uip-sr.o)
                0x00000000000157a0                uip_sr_num_nodes
                0x00000000000157c0                uip_sr_get_node
                0x0000000000015840                uip_sr_is_addr_reachable
                0x00000000000158e0                uip_sr_expire_parent
                0x0000000000015940                uip_sr_update_node
                0x0000000000015a60                uip_sr_init
                0x0000000000015aa0                uip_sr_node_head
                0x0000000000015ac0                uip_sr_node_next
                0x0000000000015ae0                uip_sr_periodic
                0x0000000000015bc0                uip_sr_free_all
                0x0000000000015c30                uip_sr_link_snprint
 *fill*         0x0000000000015db5        0xb 
 .text          0x0000000000015dc0      0x147 build/native/contiki-ng-native.a(uip-packetqueue)
                0x0000000000015df0                uip_packetqueue_new
                0x0000000000015e00                uip_packetqueue_alloc
                0x0000000000015e60                uip_packetqueue_free
                0x0000000000015eb0                uip_packetqueue_buf
                0x0000000000015ed0                uip_packetqueue_buflen
                0x0000000000015ef0                uip_packetqueue_set_buflen
 *fill*         0x0000000000015f07        0x9 
 .text          0x0000000000015f10       0x67 build/native/contiki-ng-native.a(rpl-nbr-policy.)
                0x0000000000015f50                rpl_nbr_gc_get_worst
 *fill*         0x0000000000015f77        0x9 
 .text          0x0000000000015f80      0x986 build/native/contiki-ng-native.a(rpl-neighbor.o)
                0x0000000000015fe0                rpl_neighbor_count
                0x0000000000016040                rpl_neighbor_get_from_lladdr
                0x0000000000016070                rpl_neighbor_is_acceptable_parent
                0x00000000000160a0                rpl_neighbor_get_link_metric
                0x00000000000160d0                rpl_neighbor_rank_via_nbr
                0x0000000000016100                rpl_neighbor_get_lladdr
                0x0000000000016130                rpl_neighbor_get_ipaddr
                0x0000000000016160                rpl_neighbor_get_link_stats
                0x0000000000016290                rpl_neighbor_snprint
                0x0000000000016620                rpl_neighbor_print_list
                0x00000000000166b0                rpl_neighbor_is_fresh
                0x00000000000166e0                rpl_neighbor_is_parent
                0x0000000000016710                rpl_neighbor_set_preferred_parent
                0x0000000000016790                rpl_neighbor_remove_all
                0x00000000000167f0                rpl_neighbor_get_from_ipaddr
                0x0000000000016830                rpl_neighbor_select_best
                0x00000000000168e0                rpl_neighbor_init
 *fill*         0x0000000000016906        0xa 
 .text          0x0000000000016910      0xdce build/native/contiki-ng-native.a(rpl-dag.o)
                0x0000000000016d80                rpl_dag_state_to_str
                0x0000000000016dd0                rpl_dag_get_root_ipaddr
                0x0000000000016e20                rpl_dag_leave
                0x0000000000016ea0                rpl_dag_poison_and_leave
                0x0000000000016ed0                rpl_dag_periodic
                0x0000000000016f50                rpl_is_addr_in_our_dag
                0x0000000000016fa0                rpl_get_default_instance
                0x0000000000016fc0                rpl_get_any_dag
                0x0000000000016fe0                rpl_refresh_routes
                0x0000000000017020                rpl_global_repair
                0x0000000000017050                rpl_local_repair
                0x0000000000017080                rpl_dag_ready_to_advertise
                0x00000000000170c0                rpl_dag_update_state
                0x00000000000170f0                rpl_process_dio
                0x00000000000173b0                rpl_process_dis
                0x0000000000017410                rpl_process_dao
                0x0000000000017490                rpl_process_dao_ack
                0x0000000000017530                rpl_process_hbh
                0x00000000000175a0                rpl_dag_init_root
                0x00000000000176c0                rpl_dag_init
 *fill*         0x00000000000176de        0x2 
 .text          0x00000000000176e0      0xae7 build/native/contiki-ng-native.a(rpl-timers.o)
                0x0000000000017a10                rpl_timers_schedule_periodic_dis
                0x0000000000017b50                rpl_timers_dio_reset
                0x0000000000017bb0                rpl_timers_schedule_unicast_dio
                0x0000000000017bf0                rpl_timers_schedule_dao
                0x0000000000017c70                rpl_timers_schedule_dao_ack
                0x0000000000017cd0                rpl_timers_notify_dao_ack
                0x0000000000017d50                get_probing_delay
                0x0000000000017d80                get_probing_target
                0x0000000000017f60                rpl_schedule_probing
                0x0000000000017f90                rpl_schedule_probing_now
                0x0000000000017ff0                rpl_timers_unschedule_leaving
                0x0000000000018040                rpl_timers_schedule_leaving
                0x00000000000180a0                rpl_timers_init
                0x00000000000180e0                rpl_timers_stop_dag_timers
                0x0000000000018160                rpl_timers_unschedule_state_update
                0x0000000000018190                rpl_timers_schedule_state_update
 *fill*         0x00000000000181c7        0x9 
 .text          0x00000000000181d0      0xaac build/native/contiki-ng-native.a(rpl-ext-header.)
                0x0000000000018240                rpl_ext_header_srh_get_next_hop
                0x0000000000018310                rpl_ext_header_srh_update
                0x0000000000018520                rpl_ext_header_hbh_update
                0x0000000000018600                rpl_ext_header_remove
                0x0000000000018770                rpl_ext_header_update
 *fill*         0x0000000000018c7c        0x4 
 .text          0x0000000000018c80      0x327 build/native/contiki-ng-native.a(rpl-mrhof.o)
 .text          0x0000000000018fa7        0x0 build/native/contiki-ng-native.a(buttons.o)
 *fill*         0x0000000000018fa7        0x9 
 .text          0x0000000000018fb0       0x76 build/native/contiki-ng-native.a(int-master.o)
                0x0000000000018fb0                int_master_enable
                0x0000000000018fd0                int_master_read_and_disable
                0x0000000000018ff0                int_master_status_set
                0x0000000000019010                int_master_is_enabled
 *fill*         0x0000000000019026        0xa 
 .text          0x0000000000019030      0x23e build/native/contiki-ng-native.a(gpio-hal-arch.o)
                0x0000000000019030                gpio_hal_arch_init
                0x0000000000019040                gpio_hal_arch_no_port_interrupt_enable
                0x0000000000019050                gpio_hal_arch_no_port_interrupt_disable
                0x0000000000019060                gpio_hal_arch_no_port_pin_cfg_set
                0x0000000000019090                gpio_hal_arch_no_port_pin_cfg_get
                0x00000000000190c0                gpio_hal_arch_no_port_pin_set_input
                0x00000000000190d0                gpio_hal_arch_no_port_pin_set_output
                0x00000000000190e0                gpio_hal_arch_no_port_set_pin
                0x0000000000019100                gpio_hal_arch_no_port_clear_pin
                0x0000000000019120                gpio_hal_arch_no_port_read_pin
                0x0000000000019150                gpio_hal_arch_no_port_write_pin
                0x0000000000019180                gpio_hal_arch_no_port_set_pins
                0x00000000000191c0                gpio_hal_arch_no_port_clear_pins
                0x0000000000019200                gpio_hal_arch_no_port_read_pins
                0x0000000000019230                gpio_hal_arch_no_port_write_pins
 *fill*         0x000000000001926e        0x2 
 .text          0x0000000000019270       0xc5 build/native/contiki-ng-native.a(ringbuf.o)
                0x0000000000019270                ringbuf_init
                0x0000000000019290                ringbuf_put
                0x00000000000192d0                ringbuf_get
                0x0000000000019310                ringbuf_size
                0x0000000000019320                ringbuf_elements
 *fill*         0x0000000000019335        0xb 
 .text          0x0000000000019340      0x14a /usr/lib/gcc/i686-linux-gnu/7/libgcc.a(_divdi3.o)
                0x0000000000019340                __divdi3
 *fill*         0x000000000001948a        0x6 
 .text          0x0000000000019490      0x116 /usr/lib/gcc/i686-linux-gnu/7/libgcc.a(_udivdi3.o)
                0x0000000000019490                __udivdi3
 *fill*         0x00000000000195a6        0xa 
 .text          0x00000000000195b0       0x62 /usr/lib/i386-linux-gnu/libc_nonshared.a(elf-init.oS)
                0x00000000000195b0                __libc_csu_init
                0x0000000000019610                __libc_csu_fini
 *fill*         0x0000000000019612        0xe 
 .text          0x0000000000019620       0x25 /usr/lib/i386-linux-gnu/libc_nonshared.a(atexit.oS)
                0x0000000000019620                atexit
 *fill*         0x0000000000019645        0xb 
 .text          0x0000000000019650       0x14 /usr/lib/i386-linux-gnu/libc_nonshared.a(stack_chk_fail_local.oS)
                0x0000000000019650                __stack_chk_fail_local
 .text          0x0000000000019664        0x0 /usr/lib/gcc/i686-linux-gnu/7/crtendS.o
 .text          0x0000000000019664        0x0 /usr/lib/gcc/i686-linux-gnu/7/../../../i386-linux-gnu/crtn.o
 *(.gnu.warning)

.fini           0x0000000000019664       0x14
 *(SORT_NONE(.fini))
 .fini          0x0000000000019664        0xf /usr/lib/gcc/i686-linux-gnu/7/../../../i386-linux-gnu/crti.o
                0x0000000000019664                _fini
 .fini          0x0000000000019673        0x5 /usr/lib/gcc/i686-linux-gnu/7/../../../i386-linux-gnu/crtn.o
                [!provide]                        PROVIDE (__etext = .)
                [!provide]                        PROVIDE (_etext = .)
                [!provide]                        PROVIDE (etext = .)

.rodata         0x0000000000019678      0x819
 *(.rodata .rodata.* .gnu.linkonce.r.*)
 .rodata        0x0000000000019678        0x4 /usr/lib/gcc/i686-linux-gnu/7/../../../i386-linux-gnu/Scrt1.o
                0x0000000000019678                _fp_hw
 .rodata.cst4   0x000000000001967c        0x4 /usr/lib/gcc/i686-linux-gnu/7/../../../i386-linux-gnu/Scrt1.o
                0x000000000001967c                _IO_stdin_used
 .rodata.str1.1
                0x0000000000019680       0x3c coap-server.o
                                         0x48 (size before relaxing)
 .rodata.str1.1
                0x00000000000196bc        0xf build/native/contiki-ng-native.a(res-battery.o)
 *fill*         0x00000000000196cb        0x1 
 .rodata.str1.4
                0x00000000000196cc       0x58 build/native/contiki-ng-native.a(res-battery.o)
 *fill*         0x0000000000019724        0x4 
 .rodata.cst8   0x0000000000019728        0x8 build/native/contiki-ng-native.a(res-battery.o)
 .rodata.str1.1
                0x0000000000019730       0x41 build/native/contiki-ng-native.a(coap-engine.o)
 .rodata.str1.1
                0x0000000000019771       0x11 build/native/contiki-ng-native.a(coap-observe.o)
 .rodata.str1.1
                0x0000000000019782        0x6 build/native/contiki-ng-native.a(coap-res-well-k)
                                         0x19 (size before relaxing)
 .rodata.str1.4
                0x0000000000019788       0x7f build/native/contiki-ng-native.a(coap.o)
 .rodata.str1.1
                0x0000000000019807       0x33 build/native/contiki-ng-native.a(coap.o)
                                         0x34 (size before relaxing)
 *fill*         0x000000000001983a        0x2 
 .rodata        0x000000000001983c       0xf4 build/native/contiki-ng-native.a(coap.o)
 .rodata.str1.1
                0x0000000000019930       0x35 build/native/contiki-ng-native.a(coap-uip.o)
 .rodata.str1.1
                0x0000000000019965       0x66 build/native/contiki-ng-native.a(contiki-main.o)
                                         0x7a (size before relaxing)
 *fill*         0x00000000000199cb        0x1 
 .rodata.str1.4
                0x00000000000199cc       0x74 build/native/contiki-ng-native.a(contiki-main.o)
 .rodata.str1.1
                0x0000000000019a40        0xf build/native/contiki-ng-native.a(ctimer.o)
 .rodata.str1.1
                0x0000000000019a4f        0xc build/native/contiki-ng-native.a(etimer.o)
 .rodata.str1.1
                0x0000000000019a5b       0xa5 build/native/contiki-ng-native.a(log.o)
                                         0xac (size before relaxing)
 .rodata        0x0000000000019b00       0x14 build/native/contiki-ng-native.a(log.o)
 .rodata        0x0000000000019b14        0x8 build/native/contiki-ng-native.a(linkaddr.o)
                0x0000000000019b14                linkaddr_null
 .rodata.str1.1
                0x0000000000019b1c        0x8 build/native/contiki-ng-native.a(nullmac.o)
 .rodata.str1.1
                0x0000000000019b24        0xd build/native/contiki-ng-native.a(tcpip.o)
 .rodata.str1.1
                0x0000000000019b31       0x28 build/native/contiki-ng-native.a(uiplib.o)
                                         0x2d (size before relaxing)
 .rodata.str1.1
                0x0000000000019b59        0x9 build/native/contiki-ng-native.a(rpl.o)
 .rodata.str1.1
                0x0000000000019b62       0x2f build/native/contiki-ng-native.a(platform.o)
                                         0x47 (size before relaxing)
 *fill*         0x0000000000019b91        0x3 
 .rodata        0x0000000000019b94        0x8 build/native/contiki-ng-native.a(platform.o)
 .rodata.str1.1
                0x0000000000019b9c       0xa6 build/native/contiki-ng-native.a(tun6-net.o)
                                         0xb9 (size before relaxing)
 *fill*         0x0000000000019c42        0x2 
 .rodata.str1.4
                0x0000000000019c44       0xbf build/native/contiki-ng-native.a(tun6-net.o)
 .rodata.str1.1
                0x0000000000019d03       0x13 build/native/contiki-ng-native.a(coap-timer-defa)
 .rodata.str1.1
                0x0000000000019d16       0x13 build/native/contiki-ng-native.a(button-hal.o)
 .rodata.str1.1
                0x0000000000019d29        0xe build/native/contiki-ng-native.a(serial-line.o)
 .rodata.str1.1
                0x0000000000019d37       0x44 build/native/contiki-ng-native.a(uip-sr.o)
 *fill*         0x0000000000019d7b        0x1 
 .rodata.str1.4
                0x0000000000019d7c       0x24 build/native/contiki-ng-native.a(rpl-neighbor.o)
                                         0x22 (size before relaxing)
 .rodata.str1.1
                0x0000000000019da0       0x34 build/native/contiki-ng-native.a(rpl-neighbor.o)
                                         0x36 (size before relaxing)
 .rodata.str1.1
                0x0000000000019dd4       0xb0 build/native/contiki-ng-native.a(rpl-dag.o)
 .rodata.str1.1
                0x0000000000019e84        0xc build/native/contiki-ng-native.a(rpl-timers.o)
 .rodata        0x0000000000019e90        0x1 build/native/contiki-ng-native.a(buttons.o)
                0x0000000000019e90                button_hal_button_count

.rodata1
 *(.rodata1)

.eh_frame_hdr   0x0000000000019e94     0x13a4
 *(.eh_frame_hdr)
 .eh_frame_hdr  0x0000000000019e94     0x13a4 coap-server.o
                0x0000000000019e94                __GNU_EH_FRAME_HDR
 *(.eh_frame_entry .eh_frame_entry.*)

.eh_frame       0x000000000001b238     0x82c4
 *(.eh_frame)
 .eh_frame      0x000000000001b238       0x3c /usr/lib/gcc/i686-linux-gnu/7/../../../i386-linux-gnu/Scrt1.o
                                         0x40 (size before relaxing)
 .eh_frame      0x000000000001b274       0x14 /usr/lib/gcc/i686-linux-gnu/7/../../../i386-linux-gnu/Scrt1.o
                                         0x2c (size before relaxing)
 .eh_frame      0x000000000001b288       0x70 coap-server.o
                                         0x9c (size before relaxing)
 .eh_frame      0x000000000001b2f8       0x98 build/native/contiki-ng-native.a(res-battery.o)
                                         0xc4 (size before relaxing)
 .eh_frame      0x000000000001b390      0x41c build/native/contiki-ng-native.a(coap-engine.o)
                                        0x448 (size before relaxing)
 .eh_frame      0x000000000001b7ac      0x310 build/native/contiki-ng-native.a(coap-observe.o)
                                        0x33c (size before relaxing)
 .eh_frame      0x000000000001babc      0x1a8 build/native/contiki-ng-native.a(coap-transactio)
                                        0x1d4 (size before relaxing)
 .eh_frame      0x000000000001bc64       0xc4 build/native/contiki-ng-native.a(coap-res-well-k)
                                         0xf0 (size before relaxing)
 .eh_frame      0x000000000001bd28      0x898 build/native/contiki-ng-native.a(coap.o)
                                        0x8d8 (size before relaxing)
 .eh_frame      0x000000000001c5c0      0x374 build/native/contiki-ng-native.a(coap-uip.o)
                                        0x3b4 (size before relaxing)
 .eh_frame      0x000000000001c934      0x1f4 build/native/contiki-ng-native.a(coap-timer.o)
                                        0x234 (size before relaxing)
 .eh_frame      0x000000000001cb28       0x48 build/native/contiki-ng-native.a(contiki-main.o)
                                         0x74 (size before relaxing)
 .eh_frame      0x000000000001cb70       0x6c build/native/contiki-ng-native.a(autostart.o)
                                         0x98 (size before relaxing)
 .eh_frame      0x000000000001cbdc      0x274 build/native/contiki-ng-native.a(ctimer.o)
                                        0x2b4 (size before relaxing)
 .eh_frame      0x000000000001ce50       0x3c build/native/contiki-ng-native.a(energest.o)
                                         0x54 (size before relaxing)
 .eh_frame      0x000000000001ce8c      0x264 build/native/contiki-ng-native.a(etimer.o)
                                        0x2b8 (size before relaxing)
 .eh_frame      0x000000000001d0f0      0x2a0 build/native/contiki-ng-native.a(log.o)
                                        0x2e0 (size before relaxing)
 .eh_frame      0x000000000001d390       0x98 build/native/contiki-ng-native.a(rtimer.o)
                                         0xc4 (size before relaxing)
 .eh_frame      0x000000000001d428       0x14 build/native/contiki-ng-native.a(node-id.o)
                                         0x40 (size before relaxing)
 .eh_frame      0x000000000001d43c      0x214 build/native/contiki-ng-native.a(process.o)
                                        0x27c (size before relaxing)
 .eh_frame      0x000000000001d650       0xd0 build/native/contiki-ng-native.a(timer.o)
                                         0xfc (size before relaxing)
 .eh_frame      0x000000000001d720      0x19c build/native/contiki-ng-native.a(list.o)
                                        0x1b4 (size before relaxing)
 .eh_frame      0x000000000001d8bc       0xdc build/native/contiki-ng-native.a(memb.o)
                                        0x108 (size before relaxing)
 .eh_frame      0x000000000001d998       0x44 build/native/contiki-ng-native.a(random.o)
                                         0x70 (size before relaxing)
 .eh_frame      0x000000000001d9dc      0x234 build/native/contiki-ng-native.a(queuebuf.o)
                                        0x260 (size before relaxing)
 .eh_frame      0x000000000001dc10      0x2bc build/native/contiki-ng-native.a(packetbuf.o)
                                        0x324 (size before relaxing)
 .eh_frame      0x000000000001decc       0xe0 build/native/contiki-ng-native.a(netstack.o)
                                        0x10c (size before relaxing)
 .eh_frame      0x000000000001dfac       0x4c build/native/contiki-ng-native.a(linkaddr.o)
                                         0x78 (size before relaxing)
 .eh_frame      0x000000000001dff8       0x78 build/native/contiki-ng-native.a(nullmac.o)
                                         0x90 (size before relaxing)
 .eh_frame      0x000000000001e070      0x644 build/native/contiki-ng-native.a(uip-ds6.o)
                                        0x698 (size before relaxing)
 .eh_frame      0x000000000001e6b4      0x2bc build/native/contiki-ng-native.a(tcpip.o)
                                        0x2fc (size before relaxing)
 .eh_frame      0x000000000001e970       0x8c build/native/contiki-ng-native.a(uip-udp-packet.)
                                         0xb8 (size before relaxing)
 .eh_frame      0x000000000001e9fc      0x2cc build/native/contiki-ng-native.a(uip-ds6-route.o)
                                        0x2f8 (size before relaxing)
 .eh_frame      0x000000000001ecc8      0x2d4 build/native/contiki-ng-native.a(uip-ds6-nbr.o)
                                        0x300 (size before relaxing)
 .eh_frame      0x000000000001ef9c      0x3b8 build/native/contiki-ng-native.a(uip6.o)
                                        0x3f8 (size before relaxing)
 .eh_frame      0x000000000001f354       0xc8 build/native/contiki-ng-native.a(uip-nd6.o)
                                         0xf4 (size before relaxing)
 .eh_frame      0x000000000001f41c      0x19c build/native/contiki-ng-native.a(uiplib.o)
                                        0x1dc (size before relaxing)
 .eh_frame      0x000000000001f5b8      0x29c build/native/contiki-ng-native.a(rpl.o)
                                        0x304 (size before relaxing)
 .eh_frame      0x000000000001f854      0x2c8 build/native/contiki-ng-native.a(rpl-icmp6.o)
                                        0x2f4 (size before relaxing)
 .eh_frame      0x000000000001fb1c      0x118 build/native/contiki-ng-native.a(rpl-dag-root.o)
                                        0x158 (size before relaxing)
 .eh_frame      0x000000000001fc34      0x26c build/native/contiki-ng-native.a(platform.o)
                                        0x2c0 (size before relaxing)
 .eh_frame      0x000000000001fea0       0x80 build/native/contiki-ng-native.a(clock.o)
                                         0xac (size before relaxing)
 .eh_frame      0x000000000001ff20      0x2a4 build/native/contiki-ng-native.a(tun6-net.o)
                                        0x2d0 (size before relaxing)
 .eh_frame      0x00000000000201c4       0x84 build/native/contiki-ng-native.a(rtimer-arch.o)
                                         0xb0 (size before relaxing)
 .eh_frame      0x0000000000020248       0x6c build/native/contiki-ng-native.a(watchdog.o)
                                         0x98 (size before relaxing)
 .eh_frame      0x00000000000202b4      0x100 build/native/contiki-ng-native.a(coap-timer-defa)
                                        0x12c (size before relaxing)
 .eh_frame      0x00000000000203b4       0xf0 build/native/contiki-ng-native.a(stimer.o)
                                        0x11c (size before relaxing)
 .eh_frame      0x00000000000204a4      0x234 build/native/contiki-ng-native.a(button-hal.o)
                                        0x288 (size before relaxing)
 .eh_frame      0x00000000000206d8       0xf0 build/native/contiki-ng-native.a(serial-line.o)
                                        0x11c (size before relaxing)
 .eh_frame      0x00000000000207c8       0xb4 build/native/contiki-ng-native.a(leds.o)
                                         0xcc (size before relaxing)
 .eh_frame      0x000000000002087c      0x118 build/native/contiki-ng-native.a(nullradio.o)
                                        0x130 (size before relaxing)
 .eh_frame      0x0000000000020994      0x16c build/native/contiki-ng-native.a(gpio-hal.o)
                                        0x198 (size before relaxing)
 .eh_frame      0x0000000000020b00      0x474 build/native/contiki-ng-native.a(nbr-table.o)
                                        0x4f0 (size before relaxing)
 .eh_frame      0x0000000000020f74      0x240 build/native/contiki-ng-native.a(link-stats.o)
                                        0x26c (size before relaxing)
 .eh_frame      0x00000000000211b4      0x240 build/native/contiki-ng-native.a(uipbuf.o)
                                        0x2a8 (size before relaxing)
 .eh_frame      0x00000000000213f4      0x288 build/native/contiki-ng-native.a(uip-icmp6.o)
                                        0x2b4 (size before relaxing)
 .eh_frame      0x000000000002167c      0x3dc build/native/contiki-ng-native.a(uip-sr.o)
                                        0x430 (size before relaxing)
 .eh_frame      0x0000000000021a58      0x104 build/native/contiki-ng-native.a(uip-packetqueue)
                                        0x130 (size before relaxing)
 .eh_frame      0x0000000000021b5c       0x60 build/native/contiki-ng-native.a(rpl-nbr-policy.)
                                         0x8c (size before relaxing)
 .eh_frame      0x0000000000021bbc      0x4c4 build/native/contiki-ng-native.a(rpl-neighbor.o)
                                        0x518 (size before relaxing)
 .eh_frame      0x0000000000022080      0x60c build/native/contiki-ng-native.a(rpl-dag.o)
                                        0x660 (size before relaxing)
 .eh_frame      0x000000000002268c      0x684 build/native/contiki-ng-native.a(rpl-timers.o)
                                        0x6c4 (size before relaxing)
 .eh_frame      0x0000000000022d10      0x200 build/native/contiki-ng-native.a(rpl-ext-header.)
                                        0x240 (size before relaxing)
 .eh_frame      0x0000000000022f10      0x220 build/native/contiki-ng-native.a(rpl-mrhof.o)
                                        0x288 (size before relaxing)
 .eh_frame      0x0000000000023130       0x50 build/native/contiki-ng-native.a(int-master.o)
                                         0x90 (size before relaxing)
 .eh_frame      0x0000000000023180      0x16c build/native/contiki-ng-native.a(gpio-hal-arch.o)
                                        0x1e8 (size before relaxing)
 .eh_frame      0x00000000000232ec       0xa0 build/native/contiki-ng-native.a(ringbuf.o)
                                         0xb8 (size before relaxing)
 .eh_frame      0x000000000002338c       0x40 /usr/lib/gcc/i686-linux-gnu/7/libgcc.a(_divdi3.o)
                                         0x58 (size before relaxing)
 .eh_frame      0x00000000000233cc       0x84 /usr/lib/gcc/i686-linux-gnu/7/libgcc.a(_udivdi3.o)
                                         0x9c (size before relaxing)
 .eh_frame      0x0000000000023450       0x60 /usr/lib/i386-linux-gnu/libc_nonshared.a(elf-init.oS)
                                         0x8c (size before relaxing)
 .eh_frame      0x00000000000234b0       0x2c /usr/lib/i386-linux-gnu/libc_nonshared.a(atexit.oS)
                                         0x58 (size before relaxing)
 .eh_frame      0x00000000000234dc       0x1c /usr/lib/i386-linux-gnu/libc_nonshared.a(stack_chk_fail_local.oS)
                                         0x48 (size before relaxing)
 .eh_frame      0x00000000000234f8        0x4 /usr/lib/gcc/i686-linux-gnu/7/crtendS.o
 *(.eh_frame.*)

.gcc_except_table
 *(.gcc_except_table .gcc_except_table.*)

.gnu_extab
 *(.gnu_extab*)

.exception_ranges
 *(.exception_ranges .exception_ranges*)
                0x0000000000024cf8                . = DATA_SEGMENT_ALIGN (CONSTANT (MAXPAGESIZE), CONSTANT (COMMONPAGESIZE))

.eh_frame
 *(.eh_frame)
 *(.eh_frame.*)

.gnu_extab
 *(.gnu_extab)

.gcc_except_table
 *(.gcc_except_table .gcc_except_table.*)

.exception_ranges
 *(.exception_ranges .exception_ranges*)

.tdata
 *(.tdata .tdata.* .gnu.linkonce.td.*)

.tbss
 *(.tbss .tbss.* .gnu.linkonce.tb.*)
 *(.tcommon)

.preinit_array  0x0000000000024cf8        0x0
                [!provide]                        PROVIDE (__preinit_array_start = .)
 *(.preinit_array)
                [!provide]                        PROVIDE (__preinit_array_end = .)

.init_array     0x0000000000024cf8        0x4
                0x0000000000024cf8                PROVIDE (__init_array_start = .)
 *(SORT_BY_INIT_PRIORITY(.init_array.*) SORT_BY_INIT_PRIORITY(.ctors.*))
 *(.init_array EXCLUDE_FILE(*crtend?.o *crtend.o *crtbegin?.o *crtbegin.o) .ctors)
 .init_array    0x0000000000024cf8        0x4 /usr/lib/gcc/i686-linux-gnu/7/crtbeginS.o
                0x0000000000024cfc                PROVIDE (__init_array_end = .)

.fini_array     0x0000000000024cfc        0x4
                [!provide]                        PROVIDE (__fini_array_start = .)
 *(SORT_BY_INIT_PRIORITY(.fini_array.*) SORT_BY_INIT_PRIORITY(.dtors.*))
 *(.fini_array EXCLUDE_FILE(*crtend?.o *crtend.o *crtbegin?.o *crtbegin.o) .dtors)
 .fini_array    0x0000000000024cfc        0x4 /usr/lib/gcc/i686-linux-gnu/7/crtbeginS.o
                [!provide]                        PROVIDE (__fini_array_end = .)

.ctors
 *crtbegin.o(.ctors)
 *crtbegin?.o(.ctors)
 *(EXCLUDE_FILE(*crtend?.o *crtend.o) .ctors)
 *(SORT_BY_NAME(.ctors.*))
 *(.ctors)

.dtors
 *crtbegin.o(.dtors)
 *crtbegin?.o(.dtors)
 *(EXCLUDE_FILE(*crtend?.o *crtend.o) .dtors)
 *(SORT_BY_NAME(.dtors.*))
 *(.dtors)

.jcr
 *(.jcr)

.data.rel.ro    0x0000000000024d00       0xf4
 *(.data.rel.ro.local* .gnu.linkonce.d.rel.ro.local.*)
 .data.rel.ro.local
                0x0000000000024d00        0x8 coap-server.o
                0x0000000000024d00                autostart_processes
 .data.rel.ro.local
                0x0000000000024d08       0x1c build/native/contiki-ng-native.a(nullmac.o)
                0x0000000000024d08                nullmac_driver
 .data.rel.ro.local
                0x0000000000024d24        0x8 build/native/contiki-ng-native.a(platform.o)
 .data.rel.ro.local
                0x0000000000024d2c       0x18 build/native/contiki-ng-native.a(tun6-net.o)
                0x0000000000024d2c                tun6_net_driver
 .data.rel.ro.local
                0x0000000000024d44        0xc build/native/contiki-ng-native.a(coap-timer-defa)
                0x0000000000024d44                coap_timer_default_driver
 *fill*         0x0000000000024d50       0x10 
 .data.rel.ro.local
                0x0000000000024d60       0x38 build/native/contiki-ng-native.a(nullradio.o)
                0x0000000000024d60                nullradio_driver
 *(.data.rel.ro .data.rel.ro.* .gnu.linkonce.d.rel.ro.*)
 .data.rel.ro   0x0000000000024d98        0x0 /usr/lib/gcc/i686-linux-gnu/7/../../../i386-linux-gnu/Scrt1.o
 *fill*         0x0000000000024d98        0x8 
 .data.rel.ro   0x0000000000024da0       0x54 build/native/contiki-ng-native.a(rpl.o)
                0x0000000000024da0                rpl_lite_driver

.dynamic        0x0000000000024df4      0x100
 *(.dynamic)
 .dynamic       0x0000000000024df4      0x100 /usr/lib/gcc/i686-linux-gnu/7/../../../i386-linux-gnu/Scrt1.o
                0x0000000000024df4                _DYNAMIC

.got            0x0000000000024ef4       0xf8
 *(.got.plt)
 .got.plt       0x0000000000024ef4       0xb0 /usr/lib/gcc/i686-linux-gnu/7/../../../i386-linux-gnu/Scrt1.o
                0x0000000000024ef4                _GLOBAL_OFFSET_TABLE_
 *(.igot.plt)
 *(.got)
 .got           0x0000000000024fa4       0x48 /usr/lib/gcc/i686-linux-gnu/7/../../../i386-linux-gnu/Scrt1.o
 *(.igot)
                0x0000000000025000                . = DATA_SEGMENT_RELRO_END (., 0x0)

.data           0x0000000000025000      0x2c4
 *(.data .data.* .gnu.linkonce.d.*)
 .data          0x0000000000025000        0x4 /usr/lib/gcc/i686-linux-gnu/7/../../../i386-linux-gnu/Scrt1.o
                0x0000000000025000                data_start
                0x0000000000025000                __data_start
 .data          0x0000000000025004        0x0 /usr/lib/gcc/i686-linux-gnu/7/../../../i386-linux-gnu/crti.o
 .data          0x0000000000025004        0x0 /usr/lib/gcc/i686-linux-gnu/7/crtbeginS.o
 .data.rel.local
                0x0000000000025004        0x4 /usr/lib/gcc/i686-linux-gnu/7/crtbeginS.o
                0x0000000000025004                __dso_handle
 .data          0x0000000000025008        0x0 coap-server.o
 .data.rel.local
                0x0000000000025008       0x10 coap-server.o
                0x0000000000025008                coap_server
 .data          0x0000000000025018        0x0 build/native/contiki-ng-native.a(res-battery.o)
 *fill*         0x0000000000025018        0x8 
 .data.rel.local
                0x0000000000025020       0x24 build/native/contiki-ng-native.a(res-battery.o)
                0x0000000000025020                res_battery
 .data          0x0000000000025044        0x0 build/native/contiki-ng-native.a(coap-engine.o)
 .data          0x0000000000025044        0x0 build/native/contiki-ng-native.a(coap-observe.o)
 .data.rel.local
                0x0000000000025044        0xc build/native/contiki-ng-native.a(coap-observe.o)
 .data          0x0000000000025050        0x0 build/native/contiki-ng-native.a(coap-transactio)
 .data.rel.local
                0x0000000000025050        0xc build/native/contiki-ng-native.a(coap-transactio)
 .data          0x000000000002505c        0x0 build/native/contiki-ng-native.a(coap-res-well-k)
 *fill*         0x000000000002505c        0x4 
 .data.rel.local
                0x0000000000025060       0x24 build/native/contiki-ng-native.a(coap-res-well-k)
                0x0000000000025060                res_well_known_core
 .data          0x0000000000025084        0x0 build/native/contiki-ng-native.a(coap.o)
 .data.rel.local
                0x0000000000025084        0x4 build/native/contiki-ng-native.a(coap.o)
                0x0000000000025084                coap_error_message
 .data          0x0000000000025088        0x0 build/native/contiki-ng-native.a(coap-uip.o)
 .data.rel.local
                0x0000000000025088       0x10 build/native/contiki-ng-native.a(coap-uip.o)
                0x0000000000025088                coap_engine
 .data          0x0000000000025098        0x0 build/native/contiki-ng-native.a(coap-timer.o)
 .data          0x0000000000025098        0x0 build/native/contiki-ng-native.a(contiki-main.o)
 .data          0x0000000000025098        0x0 build/native/contiki-ng-native.a(autostart.o)
 .data          0x0000000000025098        0x0 build/native/contiki-ng-native.a(ctimer.o)
 .data.rel.local
                0x0000000000025098       0x10 build/native/contiki-ng-native.a(ctimer.o)
                0x0000000000025098                ctimer_process
 .data          0x00000000000250a8        0x0 build/native/contiki-ng-native.a(energest.o)
 .data          0x00000000000250a8        0x0 build/native/contiki-ng-native.a(etimer.o)
 .data.rel.local
                0x00000000000250a8       0x10 build/native/contiki-ng-native.a(etimer.o)
                0x00000000000250a8                etimer_process
 .data          0x00000000000250b8        0x4 build/native/contiki-ng-native.a(log.o)
                0x00000000000250b8                curr_log_level_main
 *fill*         0x00000000000250bc        0x4 
 .data.rel.local
                0x00000000000250c0       0x9c build/native/contiki-ng-native.a(log.o)
                0x00000000000250c0                all_modules
 .data          0x000000000002515c        0x0 build/native/contiki-ng-native.a(rtimer.o)
 .data          0x000000000002515c        0x0 build/native/contiki-ng-native.a(node-id.o)
 .data          0x000000000002515c        0x0 build/native/contiki-ng-native.a(process.o)
 .data          0x000000000002515c        0x0 build/native/contiki-ng-native.a(timer.o)
 .data          0x000000000002515c        0x0 build/native/contiki-ng-native.a(list.o)
 .data          0x000000000002515c        0x0 build/native/contiki-ng-native.a(memb.o)
 .data          0x000000000002515c        0x0 build/native/contiki-ng-native.a(random.o)
 .data          0x000000000002515c        0x0 build/native/contiki-ng-native.a(queuebuf.o)
 .data.rel.local
                0x000000000002515c       0x18 build/native/contiki-ng-native.a(queuebuf.o)
 .data          0x0000000000025174        0x0 build/native/contiki-ng-native.a(packetbuf.o)
 .data          0x0000000000025174        0x0 build/native/contiki-ng-native.a(netstack.o)
 .data          0x0000000000025174        0x0 build/native/contiki-ng-native.a(linkaddr.o)
 .data          0x0000000000025174        0x0 build/native/contiki-ng-native.a(nullmac.o)
 .data          0x0000000000025174        0x0 build/native/contiki-ng-native.a(uip-ds6.o)
 .data          0x0000000000025174        0x0 build/native/contiki-ng-native.a(tcpip.o)
 .data.rel.local
                0x0000000000025174       0x10 build/native/contiki-ng-native.a(tcpip.o)
                0x0000000000025174                tcpip_process
 .data          0x0000000000025184        0x0 build/native/contiki-ng-native.a(uip-udp-packet.)
 .data          0x0000000000025184        0x0 build/native/contiki-ng-native.a(uip-ds6-route.o)
 .data.rel.local
                0x0000000000025184        0xc build/native/contiki-ng-native.a(uip-ds6-route.o)
 .data          0x0000000000025190        0x0 build/native/contiki-ng-native.a(uip-ds6-nbr.o)
 .data.rel.local
                0x0000000000025190       0x10 build/native/contiki-ng-native.a(uip-ds6-nbr.o)
 .data          0x00000000000251a0        0x0 build/native/contiki-ng-native.a(uip6.o)
 .data          0x00000000000251a0        0x0 build/native/contiki-ng-native.a(uip-nd6.o)
 .data.rel.local
                0x00000000000251a0        0xc build/native/contiki-ng-native.a(uip-nd6.o)
 .data          0x00000000000251ac        0x0 build/native/contiki-ng-native.a(uiplib.o)
 .data          0x00000000000251ac        0x0 build/native/contiki-ng-native.a(rpl.o)
 .data          0x00000000000251ac        0x0 build/native/contiki-ng-native.a(rpl-icmp6.o)
 .data.rel.local
                0x00000000000251ac       0x30 build/native/contiki-ng-native.a(rpl-icmp6.o)
 .data          0x00000000000251dc        0x0 build/native/contiki-ng-native.a(rpl-dag-root.o)
 .data          0x00000000000251dc        0x0 build/native/contiki-ng-native.a(platform.o)
 .data          0x00000000000251dc        0x0 build/native/contiki-ng-native.a(clock.o)
 .data          0x00000000000251dc       0x15 build/native/contiki-ng-native.a(tun6-net.o)
 .data          0x00000000000251f1        0x0 build/native/contiki-ng-native.a(rtimer-arch.o)
 .data          0x00000000000251f1        0x0 build/native/contiki-ng-native.a(watchdog.o)
 .data          0x00000000000251f1        0x0 build/native/contiki-ng-native.a(coap-timer-defa)
 *fill*         0x00000000000251f1        0x3 
 .data.rel.local
                0x00000000000251f4       0x10 build/native/contiki-ng-native.a(coap-timer-defa)
                0x00000000000251f4                coap_timer_process
 .data          0x0000000000025204        0x0 build/native/contiki-ng-native.a(stimer.o)
 .data          0x0000000000025204        0x0 build/native/contiki-ng-native.a(button-hal.o)
 .data.rel.local
                0x0000000000025204       0x10 build/native/contiki-ng-native.a(button-hal.o)
                0x0000000000025204                button_hal_process
 .data          0x0000000000025214        0x0 build/native/contiki-ng-native.a(serial-line.o)
 .data.rel.local
                0x0000000000025214       0x10 build/native/contiki-ng-native.a(serial-line.o)
                0x0000000000025214                serial_line_process
 .data          0x0000000000025224        0x0 build/native/contiki-ng-native.a(leds.o)
 .data          0x0000000000025224        0x0 build/native/contiki-ng-native.a(nullradio.o)
 .data          0x0000000000025224        0x0 build/native/contiki-ng-native.a(gpio-hal.o)
 .data          0x0000000000025224        0x0 build/native/contiki-ng-native.a(nbr-table.o)
 .data.rel.local
                0x0000000000025224        0xc build/native/contiki-ng-native.a(nbr-table.o)
 .data          0x0000000000025230        0x0 build/native/contiki-ng-native.a(link-stats.o)
 .data.rel.local
                0x0000000000025230       0x10 build/native/contiki-ng-native.a(link-stats.o)
 .data          0x0000000000025240        0x0 build/native/contiki-ng-native.a(uipbuf.o)
 .data          0x0000000000025240        0x0 build/native/contiki-ng-native.a(uip-icmp6.o)
 .data.rel.local
                0x0000000000025240       0x18 build/native/contiki-ng-native.a(uip-icmp6.o)
 .data          0x0000000000025258        0x0 build/native/contiki-ng-native.a(uip-sr.o)
 .data.rel.local
                0x0000000000025258        0xc build/native/contiki-ng-native.a(uip-sr.o)
 .data          0x0000000000025264        0x0 build/native/contiki-ng-native.a(uip-packetqueue)
 .data.rel.local
                0x0000000000025264        0xc build/native/contiki-ng-native.a(uip-packetqueue)
 .data          0x0000000000025270        0x0 build/native/contiki-ng-native.a(rpl-nbr-policy.)
 .data          0x0000000000025270        0x0 build/native/contiki-ng-native.a(rpl-neighbor.o)
 .data.rel.local
                0x0000000000025270       0x14 build/native/contiki-ng-native.a(rpl-neighbor.o)
                0x0000000000025270                rpl_neighbors
 .data          0x0000000000025284        0x0 build/native/contiki-ng-native.a(rpl-dag.o)
 .data          0x0000000000025284        0x0 build/native/contiki-ng-native.a(rpl-timers.o)
 .data          0x0000000000025284        0x0 build/native/contiki-ng-native.a(rpl-ext-header.)
 .data          0x0000000000025284        0x0 build/native/contiki-ng-native.a(rpl-mrhof.o)
 *fill*         0x0000000000025284       0x1c 
 .data.rel.local
                0x00000000000252a0       0x24 build/native/contiki-ng-native.a(rpl-mrhof.o)
                0x00000000000252a0                rpl_mrhof
 .data          0x00000000000252c4        0x0 build/native/contiki-ng-native.a(buttons.o)
 .data          0x00000000000252c4        0x0 build/native/contiki-ng-native.a(int-master.o)
 .data          0x00000000000252c4        0x0 build/native/contiki-ng-native.a(gpio-hal-arch.o)
 .data          0x00000000000252c4        0x0 build/native/contiki-ng-native.a(ringbuf.o)
 .data          0x00000000000252c4        0x0 /usr/lib/gcc/i686-linux-gnu/7/libgcc.a(_divdi3.o)
 .data          0x00000000000252c4        0x0 /usr/lib/gcc/i686-linux-gnu/7/libgcc.a(_udivdi3.o)
 .data          0x00000000000252c4        0x0 /usr/lib/i386-linux-gnu/libc_nonshared.a(elf-init.oS)
 .data          0x00000000000252c4        0x0 /usr/lib/i386-linux-gnu/libc_nonshared.a(atexit.oS)
 .data          0x00000000000252c4        0x0 /usr/lib/i386-linux-gnu/libc_nonshared.a(stack_chk_fail_local.oS)
 .data          0x00000000000252c4        0x0 /usr/lib/gcc/i686-linux-gnu/7/crtendS.o
 .data          0x00000000000252c4        0x0 /usr/lib/gcc/i686-linux-gnu/7/../../../i386-linux-gnu/crtn.o

.tm_clone_table
                0x00000000000252c4        0x0
 .tm_clone_table
                0x00000000000252c4        0x0 /usr/lib/gcc/i686-linux-gnu/7/crtbeginS.o
 .tm_clone_table
                0x00000000000252c4        0x0 /usr/lib/gcc/i686-linux-gnu/7/crtendS.o

.data1
 *(.data1)
                0x00000000000252c4                _edata = .
                [!provide]                        PROVIDE (edata = .)
                0x00000000000252c4                . = .
                0x00000000000252c4                __bss_start = .

.bss            0x00000000000252e0     0xb0a4
 *(.dynbss)
 .dynbss        0x00000000000252e0        0x0 /usr/lib/gcc/i686-linux-gnu/7/../../../i386-linux-gnu/Scrt1.o
 *(.bss .bss.* .gnu.linkonce.b.*)
 .bss           0x00000000000252e0        0x0 /usr/lib/gcc/i686-linux-gnu/7/../../../i386-linux-gnu/Scrt1.o
 .bss           0x00000000000252e0        0x0 /usr/lib/gcc/i686-linux-gnu/7/../../../i386-linux-gnu/crti.o
 .bss           0x00000000000252e0        0x1 /usr/lib/gcc/i686-linux-gnu/7/crtbeginS.o
 .bss           0x00000000000252e1        0x0 coap-server.o
 .bss           0x00000000000252e1        0x0 build/native/contiki-ng-native.a(res-battery.o)
 *fill*         0x00000000000252e1       0x1f 
 .bss           0x0000000000025300      0x17c build/native/contiki-ng-native.a(coap-engine.o)
 *fill*         0x000000000002547c        0x4 
 .bss           0x0000000000025480      0x11f build/native/contiki-ng-native.a(coap-observe.o)
 *fill*         0x000000000002559f        0x1 
 .bss           0x00000000000255a0      0x334 build/native/contiki-ng-native.a(coap-transactio)
 .bss           0x00000000000258d4        0x0 build/native/contiki-ng-native.a(coap-res-well-k)
 .bss           0x00000000000258d4        0x6 build/native/contiki-ng-native.a(coap.o)
                0x00000000000258d4                coap_status_code
 *fill*         0x00000000000258da        0x2 
 .bss           0x00000000000258dc       0x18 build/native/contiki-ng-native.a(coap-uip.o)
 .bss           0x00000000000258f4        0x8 build/native/contiki-ng-native.a(coap-timer.o)
 .bss           0x00000000000258fc        0x0 build/native/contiki-ng-native.a(contiki-main.o)
 .bss           0x00000000000258fc        0x0 build/native/contiki-ng-native.a(autostart.o)
 .bss           0x00000000000258fc        0x8 build/native/contiki-ng-native.a(ctimer.o)
 .bss           0x0000000000025904        0x0 build/native/contiki-ng-native.a(energest.o)
 .bss           0x0000000000025904        0x8 build/native/contiki-ng-native.a(etimer.o)
 .bss           0x000000000002590c       0x2c build/native/contiki-ng-native.a(log.o)
                0x000000000002590c                curr_log_level_lwm2m
                0x0000000000025910                curr_log_level_snmp
                0x0000000000025914                curr_log_level_coap
                0x0000000000025918                curr_log_level_6top
                0x000000000002591c                curr_log_level_framer
                0x0000000000025920                curr_log_level_mac
                0x0000000000025924                curr_log_level_nullnet
                0x0000000000025928                curr_log_level_6lowpan
                0x000000000002592c                curr_log_level_ipv6
                0x0000000000025930                curr_log_level_tcpip
                0x0000000000025934                curr_log_level_rpl
 .bss           0x0000000000025938        0x4 build/native/contiki-ng-native.a(rtimer.o)
 .bss           0x000000000002593c        0x2 build/native/contiki-ng-native.a(node-id.o)
                0x000000000002593c                node_id
 *fill*         0x000000000002593e        0x2 
 .bss           0x0000000000025940      0x1a3 build/native/contiki-ng-native.a(process.o)
                0x0000000000025940                process_current
                0x0000000000025944                process_list
 .bss           0x0000000000025ae3        0x0 build/native/contiki-ng-native.a(timer.o)
 .bss           0x0000000000025ae3        0x0 build/native/contiki-ng-native.a(list.o)
 .bss           0x0000000000025ae3        0x0 build/native/contiki-ng-native.a(memb.o)
 .bss           0x0000000000025ae3        0x0 build/native/contiki-ng-native.a(random.o)
 *fill*         0x0000000000025ae3       0x1d 
 .bss           0x0000000000025b00     0x2c80 build/native/contiki-ng-native.a(queuebuf.o)
 .bss           0x0000000000028780       0x86 build/native/contiki-ng-native.a(packetbuf.o)
 *fill*         0x0000000000028806        0x2 
 .bss           0x0000000000028808        0x4 build/native/contiki-ng-native.a(netstack.o)
 .bss           0x000000000002880c        0x0 build/native/contiki-ng-native.a(linkaddr.o)
 .bss           0x000000000002880c        0x0 build/native/contiki-ng-native.a(nullmac.o)
 .bss           0x000000000002880c       0x30 build/native/contiki-ng-native.a(uip-ds6.o)
 .bss           0x000000000002883c       0x10 build/native/contiki-ng-native.a(tcpip.o)
 .bss           0x000000000002884c        0x0 build/native/contiki-ng-native.a(uip-udp-packet.)
 *fill*         0x000000000002884c       0x14 
 .bss           0x0000000000028860       0x48 build/native/contiki-ng-native.a(uip-ds6-route.o)
 *fill*         0x00000000000288a8       0x18 
 .bss           0x00000000000288c0     0x1c20 build/native/contiki-ng-native.a(uip-ds6-nbr.o)
 .bss           0x000000000002a4e0        0x8 build/native/contiki-ng-native.a(uip6.o)
                0x000000000002a4e0                uip_last_proto
                0x000000000002a4e2                uip_ext_len
                0x000000000002a4e4                uip_ext_bitmap
 .bss           0x000000000002a4e8        0xe build/native/contiki-ng-native.a(uip-nd6.o)
 .bss           0x000000000002a4f6        0x0 build/native/contiki-ng-native.a(uiplib.o)
 .bss           0x000000000002a4f6        0x1 build/native/contiki-ng-native.a(rpl.o)
 .bss           0x000000000002a4f7        0x0 build/native/contiki-ng-native.a(rpl-icmp6.o)
 *fill*         0x000000000002a4f7        0x1 
 .bss           0x000000000002a4f8       0x11 build/native/contiki-ng-native.a(rpl-dag-root.o)
 *fill*         0x000000000002a509       0x17 
 .bss           0x000000000002a520       0x40 build/native/contiki-ng-native.a(platform.o)
                0x000000000002a520                contiki_argc
 .bss           0x000000000002a560        0x0 build/native/contiki-ng-native.a(clock.o)
 .bss           0x000000000002a560        0x0 build/native/contiki-ng-native.a(tun6-net.o)
 .bss           0x000000000002a560        0x0 build/native/contiki-ng-native.a(rtimer-arch.o)
 .bss           0x000000000002a560        0x0 build/native/contiki-ng-native.a(watchdog.o)
 .bss           0x000000000002a560       0x20 build/native/contiki-ng-native.a(coap-timer-defa)
 .bss           0x000000000002a580        0x0 build/native/contiki-ng-native.a(stimer.o)
 .bss           0x000000000002a580       0x10 build/native/contiki-ng-native.a(button-hal.o)
 *fill*         0x000000000002a590       0x10 
 .bss           0x000000000002a5a0      0x148 build/native/contiki-ng-native.a(serial-line.o)
 .bss           0x000000000002a6e8        0x0 build/native/contiki-ng-native.a(leds.o)
 .bss           0x000000000002a6e8        0x0 build/native/contiki-ng-native.a(nullradio.o)
 .bss           0x000000000002a6e8        0x4 build/native/contiki-ng-native.a(gpio-hal.o)
 *fill*         0x000000000002a6ec       0x14 
 .bss           0x000000000002a700     0x120c build/native/contiki-ng-native.a(nbr-table.o)
 *fill*         0x000000000002b90c       0x14 
 .bss           0x000000000002b920      0xe10 build/native/contiki-ng-native.a(link-stats.o)
 .bss           0x000000000002c730       0x20 build/native/contiki-ng-native.a(uipbuf.o)
 .bss           0x000000000002c750       0x18 build/native/contiki-ng-native.a(uip-icmp6.o)
 *fill*         0x000000000002c768       0x18 
 .bss           0x000000000002c780     0x1d54 build/native/contiki-ng-native.a(uip-sr.o)
 *fill*         0x000000000002e4d4        0xc 
 .bss           0x000000000002e4e0      0xa5a build/native/contiki-ng-native.a(uip-packetqueue)
 .bss           0x000000000002ef3a        0x0 build/native/contiki-ng-native.a(rpl-nbr-policy.)
 *fill*         0x000000000002ef3a        0x6 
 .bss           0x000000000002ef40      0x960 build/native/contiki-ng-native.a(rpl-neighbor.o)
 .bss           0x000000000002f8a0        0x0 build/native/contiki-ng-native.a(rpl-dag.o)
 .bss           0x000000000002f8a0       0x40 build/native/contiki-ng-native.a(rpl-timers.o)
 .bss           0x000000000002f8e0        0x0 build/native/contiki-ng-native.a(rpl-ext-header.)
 .bss           0x000000000002f8e0        0x0 build/native/contiki-ng-native.a(rpl-mrhof.o)
 .bss           0x000000000002f8e0        0x4 build/native/contiki-ng-native.a(buttons.o)