Archive member included to satisfy reference by file (symbol)

build/cooja/mtype791.a(simEnvChange.o)
                              build/cooja/mtype791.o (simDontFallAsleep)
build/cooja/mtype791.a(cooja_mt.o)
                              build/cooja/mtype791.o (cooja_mt_start)
build/cooja/mtype791.a(cooja_mtarch.o)
                              build/cooja/mtype791.a(cooja_mt.o) (cooja_mtarch_start)
build/cooja/mtype791.a(rtimer-arch.o)
                              build/cooja/mtype791.o (rtimer_arch_check)
build/cooja/mtype791.a(beep.o)
                              build/cooja/mtype791.o (beep_interface)
build/cooja/mtype791.a(leds-arch.o)
                              build/cooja/mtype791.o (leds_interface)
build/cooja/mtype791.a(moteid.o)
                              build/cooja/mtype791.o (moteid_interface)
build/cooja/mtype791.a(pir-sensor.o)
                              build/cooja/mtype791.o (pir_interface)
build/cooja/mtype791.a(rs232.o)
                              build/cooja/mtype791.o (rs232_interface)
build/cooja/mtype791.a(vib-sensor.o)
                              build/cooja/mtype791.o (vib_interface)
build/cooja/mtype791.a(clock.o)
                              build/cooja/mtype791.o (clock_interface)
build/cooja/mtype791.a(cooja-log.o)
                              build/cooja/mtype791.o (simlog_interface)
build/cooja/mtype791.a(cfs-cooja.o)
                              build/cooja/mtype791.o (cfs_interface)
build/cooja/mtype791.a(cooja-radio.o)
                              build/cooja/mtype791.o (radio_interface)
build/cooja/mtype791.a(eeprom.o)
                              build/cooja/mtype791.o (eeprom_interface)
build/cooja/mtype791.a(random.o)
                              build/cooja/mtype791.a(moteid.o) (random_init)
build/cooja/mtype791.a(sensors.o)
                              build/cooja/mtype791.a(pir-sensor.o) (sensors_changed)
build/cooja/mtype791.a(leds.o)
                              build/cooja/mtype791.a(leds-arch.o) (leds_get)
build/cooja/mtype791.a(gpio-hal-arch.o)
                              build/cooja/mtype791.a(leds-arch.o) (gpio_hal_arch_register_pin_callback)
build/cooja/mtype791.a(buttons.o)
                              build/cooja/mtype791.o (button_interface)
build/cooja/mtype791.a(contiki-main.o)
                              build/cooja/mtype791.o (main)
build/cooja/mtype791.a(autostart.o)
                              build/cooja/mtype791.a(contiki-main.o) (autostart_start)
build/cooja/mtype791.a(ctimer.o)
                              build/cooja/mtype791.a(contiki-main.o) (ctimer_init)
build/cooja/mtype791.a(energest.o)
                              build/cooja/mtype791.a(contiki-main.o) (energest_init)
build/cooja/mtype791.a(etimer.o)
                              build/cooja/mtype791.a(contiki-main.o) (etimer_process)
build/cooja/mtype791.a(log.o)
                              build/cooja/mtype791.a(contiki-main.o) (curr_log_level_main)
build/cooja/mtype791.a(rtimer.o)
                              build/cooja/mtype791.a(contiki-main.o) (rtimer_init)
build/cooja/mtype791.a(node-id.o)
                              build/cooja/mtype791.a(contiki-main.o) (node_id)
build/cooja/mtype791.a(process.o)
                              build/cooja/mtype791.a(ctimer.o) (process_current)
build/cooja/mtype791.a(timer.o)
                              build/cooja/mtype791.a(etimer.o) (timer_set)
build/cooja/mtype791.a(list.o)
                              build/cooja/mtype791.a(ctimer.o) (list_init)
build/cooja/mtype791.a(button-hal.o)
                              build/cooja/mtype791.o (button_hal_init)
build/cooja/mtype791.a(serial-line.o)
                              build/cooja/mtype791.a(rs232.o) (serial_line_input_byte)
build/cooja/mtype791.a(gpio-hal.o)
                              build/cooja/mtype791.a(button-hal.o) (gpio_hal_register_handler)
build/cooja/mtype791.a(queuebuf.o)
                              build/cooja/mtype791.a(contiki-main.o) (queuebuf_init)
build/cooja/mtype791.a(packetbuf.o)
                              build/cooja/mtype791.a(cooja-radio.o) (packetbuf_clear)
build/cooja/mtype791.a(netstack.o)
                              build/cooja/mtype791.a(contiki-main.o) (netstack_init)
build/cooja/mtype791.a(linkaddr.o)
                              build/cooja/mtype791.a(contiki-main.o) (linkaddr_node_addr)
build/cooja/mtype791.a(csma.o)
                              build/cooja/mtype791.a(cooja-radio.o) (csma_driver)
build/cooja/mtype791.a(csma-output.o)
                              build/cooja/mtype791.a(csma.o) (csma_output_packet)
build/cooja/mtype791.a(uip-ds6.o)
                              build/cooja/mtype791.a(contiki-main.o) (uip_ds6_get_link_local)
build/cooja/mtype791.a(tcpip.o)
                              build/cooja/mtype791.a(contiki-main.o) (tcpip_process)
build/cooja/mtype791.a(uip-ds6-route.o)
                              build/cooja/mtype791.a(uip-ds6.o) (uip_ds6_route_init)
[...]
Memory Configuration

Name             Origin             Length             Attributes
*default*        0x0000000000000000 0xffffffffffffffff

Linker script and memory map

LOAD /usr/lib/gcc/i686-linux-gnu/7/../../../i386-linux-gnu/crti.o
LOAD /usr/lib/gcc/i686-linux-gnu/7/crtbeginS.o
LOAD sensor-node.o
LOAD build/cooja/mtype791.o
LOAD build/cooja/mtype791.a
LOAD /usr/lib/gcc/i686-linux-gnu/7/libgcc.a
LOAD /usr/lib/gcc/i686-linux-gnu/7/libgcc_s.so
START GROUP
LOAD /usr/lib/gcc/i686-linux-gnu/7/libgcc_s.so.1
LOAD /usr/lib/gcc/i686-linux-gnu/7/libgcc.a
END GROUP
LOAD /usr/lib/gcc/i686-linux-gnu/7/../../../i386-linux-gnu/libc.so
START GROUP
LOAD /lib/i386-linux-gnu/libc.so.6
LOAD /usr/lib/i386-linux-gnu/libc_nonshared.a
LOAD /lib/i386-linux-gnu/ld-linux.so.2
END GROUP
LOAD /usr/lib/gcc/i686-linux-gnu/7/libgcc.a
LOAD /usr/lib/gcc/i686-linux-gnu/7/libgcc_s.so
START GROUP
LOAD /usr/lib/gcc/i686-linux-gnu/7/libgcc_s.so.1
LOAD /usr/lib/gcc/i686-linux-gnu/7/libgcc.a
END GROUP
LOAD /usr/lib/gcc/i686-linux-gnu/7/crtendS.o
LOAD /usr/lib/gcc/i686-linux-gnu/7/../../../i386-linux-gnu/crtn.o
                0x0000000000000114                . = (SEGMENT_START ("text-segment", 0x0) + SIZEOF_HEADERS)

.note.gnu.build-id
                0x0000000000000114       0x24
 *(.note.gnu.build-id)
 .note.gnu.build-id
                0x0000000000000114       0x24 /usr/lib/gcc/i686-linux-gnu/7/../../../i386-linux-gnu/crti.o

.hash
 *(.hash)

.gnu.hash       0x0000000000000138     0x1434
 *(.gnu.hash)
 .gnu.hash      0x0000000000000138     0x1434 /usr/lib/gcc/i686-linux-gnu/7/../../../i386-linux-gnu/crti.o

.dynsym         0x000000000000156c     0x2910
 *(.dynsym)
 .dynsym        0x000000000000156c     0x2910 /usr/lib/gcc/i686-linux-gnu/7/../../../i386-linux-gnu/crti.o

.dynstr         0x0000000000003e7c     0x2eac
 *(.dynstr)
 .dynstr        0x0000000000003e7c     0x2eac /usr/lib/gcc/i686-linux-gnu/7/../../../i386-linux-gnu/crti.o

.gnu.version    0x0000000000006d28      0x522
 *(.gnu.version)
 .gnu.version   0x0000000000006d28      0x522 /usr/lib/gcc/i686-linux-gnu/7/../../../i386-linux-gnu/crti.o

.gnu.version_d  0x000000000000724c        0x0
 *(.gnu.version_d)
 .gnu.version_d
                0x000000000000724c        0x0 /usr/lib/gcc/i686-linux-gnu/7/../../../i386-linux-gnu/crti.o

.gnu.version_r  0x000000000000724c       0x40
 *(.gnu.version_r)
 .gnu.version_r
                0x000000000000724c       0x40 /usr/lib/gcc/i686-linux-gnu/7/../../../i386-linux-gnu/crti.o

.rel.dyn        0x000000000000728c      0xdc8
 *(.rel.init)
 .rel.init      0x000000000000728c        0x0 /usr/lib/gcc/i686-linux-gnu/7/../../../i386-linux-gnu/crti.o
 *(.rel.text .rel.text.* .rel.gnu.linkonce.t.*)
 .rel.text      0x000000000000728c      0x500 /usr/lib/gcc/i686-linux-gnu/7/../../../i386-linux-gnu/crti.o
 *(.rel.fini)
 .rel.fini      0x000000000000778c        0x0 /usr/lib/gcc/i686-linux-gnu/7/../../../i386-linux-gnu/crti.o
 *(.rel.rodata .rel.rodata.* .rel.gnu.linkonce.r.*)
 *(.rel.data.rel.ro .rel.data.rel.ro.* .rel.gnu.linkonce.d.rel.ro.*)
 .rel.data.rel.ro.local
                0x000000000000778c      0x208 /usr/lib/gcc/i686-linux-gnu/7/../../../i386-linux-gnu/crti.o
 .rel.data.rel.ro
                0x0000000000007994       0xb0 /usr/lib/gcc/i686-linux-gnu/7/../../../i386-linux-gnu/crti.o
 *(.rel.data .rel.data.* .rel.gnu.linkonce.d.*)
 .rel.data.rel.local
                0x0000000000007a44      0x2f0 /usr/lib/gcc/i686-linux-gnu/7/../../../i386-linux-gnu/crti.o
 .rel.data.rel  0x0000000000007d34       0x78 /usr/lib/gcc/i686-linux-gnu/7/../../../i386-linux-gnu/crti.o
 *(.rel.tdata .rel.tdata.* .rel.gnu.linkonce.td.*)
 *(.rel.tbss .rel.tbss.* .rel.gnu.linkonce.tb.*)
 *(.rel.ctors)
 *(.rel.dtors)
 *(.rel.got)
 .rel.got       0x0000000000007dac      0x298 /usr/lib/gcc/i686-linux-gnu/7/../../../i386-linux-gnu/crti.o
 *(.rel.bss .rel.bss.* .rel.gnu.linkonce.b.*)
 *(.rel.ifunc)
 .rel.ifunc     0x0000000000008044        0x0 /usr/lib/gcc/i686-linux-gnu/7/../../../i386-linux-gnu/crti.o
 .rel.fini_array
                0x0000000000008044        0x8 /usr/lib/gcc/i686-linux-gnu/7/../../../i386-linux-gnu/crti.o
 .rel.init_array
                0x000000000000804c        0x8 /usr/lib/gcc/i686-linux-gnu/7/../../../i386-linux-gnu/crti.o

.rel.plt        0x0000000000008054      0x960
 *(.rel.plt)
 .rel.plt       0x0000000000008054      0x960 /usr/lib/gcc/i686-linux-gnu/7/../../../i386-linux-gnu/crti.o
 *(.rel.iplt)

.init           0x00000000000089b4       0x23
 *(SORT_NONE(.init))
 .init          0x00000000000089b4       0x1e /usr/lib/gcc/i686-linux-gnu/7/../../../i386-linux-gnu/crti.o
                0x00000000000089b4                _init
 .init          0x00000000000089d2        0x5 /usr/lib/gcc/i686-linux-gnu/7/../../../i386-linux-gnu/crtn.o

.plt            0x00000000000089e0     0x12d0
 *(.plt)
 .plt           0x00000000000089e0     0x12d0 /usr/lib/gcc/i686-linux-gnu/7/../../../i386-linux-gnu/crti.o
 *(.iplt)

.plt.got        0x0000000000009cb0       0x18
 *(.plt.got)
 .plt.got       0x0000000000009cb0       0x18 /usr/lib/gcc/i686-linux-gnu/7/../../../i386-linux-gnu/crti.o

.plt.sec
 *(.plt.sec)

.text           0x0000000000009cd0    0x1a3f4
 *(.text.unlikely .text.*_unlikely .text.unlikely.*)
 *(.text.exit .text.exit.*)
 *(.text.startup .text.startup.*)
 *(.text.hot .text.hot.*)
 *(.text .stub .text.* .gnu.linkonce.t.*)
 .text          0x0000000000009cd0        0x0 /usr/lib/gcc/i686-linux-gnu/7/../../../i386-linux-gnu/crti.o
 .gnu.linkonce.t.__x86.get_pc_thunk.bx
                0x0000000000009cd0        0x4 /usr/lib/gcc/i686-linux-gnu/7/../../../i386-linux-gnu/crti.o
                0x0000000000009cd0                __x86.get_pc_thunk.bx
 *fill*         0x0000000000009cd4        0xc 
 .text          0x0000000000009ce0       0xe9 /usr/lib/gcc/i686-linux-gnu/7/crtbeginS.o
 .text.__x86.get_pc_thunk.dx
                0x0000000000009dc9        0x4 /usr/lib/gcc/i686-linux-gnu/7/crtbeginS.o
                0x0000000000009dc9                __x86.get_pc_thunk.dx
 .text          0x0000000000009dcd      0x213 sensor-node.o
 .text          0x0000000000009fe0      0x36b build/cooja/mtype791.o
                0x000000000000a092                platform_init_stage_one
                0x000000000000a0b5                platform_init_stage_two
                0x000000000000a0d8                platform_init_stage_three
                0x000000000000a0fb                platform_main_loop
                0x000000000000a1a1                Java_org_contikios_cooja_corecomm_Lib2_init
                0x000000000000a1ef                Java_org_contikios_cooja_corecomm_Lib2_getMemory
                0x000000000000a22f                Java_org_contikios_cooja_corecomm_Lib2_setMemory
                0x000000000000a2a0                Java_org_contikios_cooja_corecomm_Lib2_tick
                0x000000000000a32a                Java_org_contikios_cooja_corecomm_Lib2_setReferenceAddress
 .text.__x86.get_pc_thunk.ax
                0x000000000000a34b        0x4 build/cooja/mtype791.o
                0x000000000000a34b                __x86.get_pc_thunk.ax
 .text          0x000000000000a34f       0x8d build/cooja/mtype791.a(simEnvChange.o)
                0x000000000000a34f                doActionsBeforeTick
                0x000000000000a395                doActionsAfterTick
 .text          0x000000000000a3dc       0xb6 build/cooja/mtype791.a(cooja_mt.o)
                0x000000000000a3dc                cooja_mt_start
                0x000000000000a416                cooja_mt_exec
                0x000000000000a45d                cooja_mt_yield
 .text          0x000000000000a492       0xf2 build/cooja/mtype791.a(cooja_mtarch.o)
                0x000000000000a492                cooja_mtarch_start
                0x000000000000a516                cooja_sw
                0x000000000000a544                cooja_mtarch_exec
                0x000000000000a56f                cooja_mtarch_yield
 .text          0x000000000000a584      0x127 build/cooja/mtype791.a(rtimer-arch.o)
                0x000000000000a584                rtimer_arch_init
                0x000000000000a5b3                rtimer_arch_schedule
                0x000000000000a5f5                rtimer_arch_next
                0x000000000000a60f                rtimer_arch_pending
                0x000000000000a626                rtimer_arch_check
                0x000000000000a691                rtimer_arch_now
 .text.__x86.get_pc_thunk.cx
                0x000000000000a6ab        0x4 build/cooja/mtype791.a(rtimer-arch.o)
                0x000000000000a6ab                __x86.get_pc_thunk.cx
 .text          0x000000000000a6af      0x101 build/cooja/mtype791.a(beep.o)
                0x000000000000a6af                beep_alarm
                0x000000000000a6c8                beep_beep
                0x000000000000a6e1                beep
                0x000000000000a6fa                beep_down
                0x000000000000a713                beep_on
                0x000000000000a72c                beep_off
                0x000000000000a745                beep_spinup
                0x000000000000a75e                beep_quick
                0x000000000000a777                beep_long
 .text          0x000000000000a7b0       0x9f build/cooja/mtype791.a(leds-arch.o)
                0x000000000000a7d4                leds_arch_init
 .text          0x000000000000a84f       0x56 build/cooja/mtype791.a(moteid.o)
 .text          0x000000000000a8a5      0x101 build/cooja/mtype791.a(pir-sensor.o)
 .text          0x000000000000a9a6      0x1cc build/cooja/mtype791.a(rs232.o)
                0x000000000000a9a6                rs232_init
                0x000000000000a9b6                rs232_set_speed
                0x000000000000a9cf                rs232_set_input
                0x000000000000a9e8                rs232_send
                0x000000000000aa1e                rs232_print
                0x000000000000aa4c                slip_arch_writeb
 .text          0x000000000000ab72      0x101 build/cooja/mtype791.a(vib-sensor.o)
 .text          0x000000000000ac73       0x7a build/cooja/mtype791.a(clock.o)
                0x000000000000ac73                clock_init
                0x000000000000ac83                clock_time
                0x000000000000ac9a                clock_seconds
                0x000000000000acbd                clock_delay
 .text          0x000000000000aced      0x2b5 build/cooja/mtype791.a(cooja-log.o)
                0x000000000000aced                simlog_char
                0x000000000000ad51                simlog
                0x000000000000adeb                log_message
                0x000000000000ae3a                log_set_putchar_with_slip
                0x000000000000ae53                log_putchar
                0x000000000000aede                log_puts
                0x000000000000af10                log_printf
 .text          0x000000000000afa2      0x36c build/cooja/mtype791.a(cfs-cooja.o)
                0x000000000000afa2                cfs_open
                0x000000000000b01a                cfs_close
                0x000000000000b031                cfs_read
                0x000000000000b0e5                cfs_write
                0x000000000000b1e3                cfs_seek
                0x000000000000b280                cfs_remove
                0x000000000000b2b6                cfs_opendir
                0x000000000000b2ca                cfs_readdir
                0x000000000000b2de                cfs_closedir
 .text          0x000000000000b30e      0x785 build/cooja/mtype791.a(cooja-radio.o)
                0x000000000000b37c                radio_set_channel
                0x000000000000b395                radio_set_txpower
                0x000000000000b3b8                radio_signal_strength_last
                0x000000000000b3cd                radio_signal_strength_current
                0x000000000000b3e2                radio_LQI
 .text          0x000000000000ba93      0x130 build/cooja/mtype791.a(eeprom.o)
                0x000000000000ba93                eeprom_init
                0x000000000000baa3                eeprom_read
                0x000000000000bb23                eeprom_write
 .text          0x000000000000bbc3       0x4e build/cooja/mtype791.a(random.o)
                0x000000000000bbc3                random_init
                0x000000000000bbf3                random_rand
 .text          0x000000000000bc11      0x332 build/cooja/mtype791.a(sensors.o)
                0x000000000000bc58                sensors_first
                0x000000000000bc6f                sensors_next
                0x000000000000bc9a                sensors_changed
                0x000000000000bce7                sensors_find
 .text          0x000000000000bf43      0x3fc build/cooja/mtype791.a(leds.o)
                0x000000000000bf43                leds_init
                0x000000000000bf9b                leds_single_on
                0x000000000000c013                leds_single_off
                0x000000000000c08b                leds_single_toggle
                0x000000000000c0cf                leds_on
                0x000000000000c167                leds_off
                0x000000000000c1ff                leds_toggle
                0x000000000000c265                leds_set
                0x000000000000c29b                leds_get
 .text          0x000000000000c33f      0x401 build/cooja/mtype791.a(gpio-hal-arch.o)
                0x000000000000c33f                gpio_hal_arch_register_pin_callback
                0x000000000000c3c0                gpio_hal_arch_init
                0x000000000000c41a                gpio_hal_arch_no_port_interrupt_enable
                0x000000000000c454                gpio_hal_arch_no_port_interrupt_disable
                0x000000000000c48e                gpio_hal_arch_no_port_pin_cfg_set
                0x000000000000c4bd                gpio_hal_arch_no_port_pin_cfg_get
                0x000000000000c4ed                gpio_hal_arch_no_port_pin_set_input
                0x000000000000c509                gpio_hal_arch_no_port_pin_set_output
                0x000000000000c525                gpio_hal_arch_no_port_set_pin
                0x000000000000c550                gpio_hal_arch_no_port_clear_pin
                0x000000000000c57b                gpio_hal_arch_no_port_read_pin
                0x000000000000c5ad                gpio_hal_arch_no_port_write_pin
                0x000000000000c5e1                gpio_hal_arch_no_port_set_pins
                0x000000000000c632                gpio_hal_arch_no_port_clear_pins
                0x000000000000c683                gpio_hal_arch_no_port_read_pins
                0x000000000000c6d6                gpio_hal_arch_no_port_write_pins
 .text          0x000000000000c740       0xc6 build/cooja/mtype791.a(buttons.o)
 .text          0x000000000000c806      0x3c1 build/cooja/mtype791.a(contiki-main.o)
                0x000000000000c806                main
 .text          0x000000000000cbc7       0xb0 build/cooja/mtype791.a(autostart.o)
                0x000000000000cbc7                autostart_start
                0x000000000000cc20                autostart_exit
 .text          0x000000000000cc77      0x400 build/cooja/mtype791.a(ctimer.o)
                0x000000000000cdba                ctimer_init
                0x000000000000cdff                ctimer_set
                0x000000000000ce32                ctimer_set_with_process
                0x000000000000cec9                ctimer_reset
                0x000000000000cf37                ctimer_restart
                0x000000000000cfa5                ctimer_stop
                0x000000000000d005                ctimer_expired
 .text          0x000000000000d077       0x39 build/cooja/mtype791.a(energest.o)
                0x000000000000d077                energest_init
                0x000000000000d087                energest_flush
                0x000000000000d097                energest_get_total_time
 .text          0x000000000000d0b0      0x527 build/cooja/mtype791.a(etimer.o)
                0x000000000000d305                etimer_request_poll
                0x000000000000d3b6                etimer_set
                0x000000000000d3ef                etimer_reset_with_new_interval
                0x000000000000d42e                etimer_reset
                0x000000000000d464                etimer_restart
                0x000000000000d49a                etimer_adjust
                0x000000000000d4c1                etimer_expired
                0x000000000000d4de                etimer_expiration_time
                0x000000000000d4fa                etimer_start_time
                0x000000000000d50e                etimer_pending
                0x000000000000d52b                etimer_next_expiration_time
                0x000000000000d553                etimer_stop
 .text          0x000000000000d5d7      0x4a3 build/cooja/mtype791.a(log.o)
                0x000000000000d5d7                log_6addr
                0x000000000000d63b                log_6addr_compact_snprint
                0x000000000000d6fb                log_6addr_compact
                0x000000000000d75f                log_lladdr
                0x000000000000d7e6                log_lladdr_compact
                0x000000000000d863                log_bytes
                0x000000000000d8b7                log_set_level
                0x000000000000d995                log_get_level
                0x000000000000da26                log_level_to_str
 .text          0x000000000000da7a      0x122 build/cooja/mtype791.a(rtimer.o)
                0x000000000000da7a                rtimer_init
                0x000000000000da99                rtimer_set
                0x000000000000db27                rtimer_run_next
 .text          0x000000000000db9c       0x36 build/cooja/mtype791.a(node-id.o)
                0x000000000000db9c                node_id_init
 .text          0x000000000000dbd2      0x5cb build/cooja/mtype791.a(process.o)
                0x000000000000dbd2                process_alloc_event
                0x000000000000dbf3                process_start
                0x000000000000ddf8                process_exit
                0x000000000000de20                process_init
                0x000000000000dfe8                process_run
                0x000000000000e02b                process_nevents
                0x000000000000e050                process_post
                0x000000000000e0fd                process_post_synch
                0x000000000000e143                process_poll
                0x000000000000e17f                process_is_running
 .text.__x86.get_pc_thunk.si
                0x000000000000e19d        0x4 build/cooja/mtype791.a(process.o)
                0x000000000000e19d                __x86.get_pc_thunk.si
 .text          0x000000000000e1a1       0xf6 build/cooja/mtype791.a(timer.o)
                0x000000000000e1a1                timer_set
                0x000000000000e1d0                timer_reset
                0x000000000000e207                timer_restart
                0x000000000000e22d                timer_expired
                0x000000000000e26b                timer_remaining
 .text          0x000000000000e297      0x311 build/cooja/mtype791.a(list.o)
                0x000000000000e297                list_init
                0x000000000000e2b0                list_head
                0x000000000000e2c4                list_copy
                0x000000000000e2de                list_tail
                0x000000000000e31e                list_add
                0x000000000000e374                list_push
                0x000000000000e3aa                list_chop
                0x000000000000e41e                list_pop
                0x000000000000e450                list_remove
                0x000000000000e4c2                list_length
                0x000000000000e4fa                list_insert
                0x000000000000e549                list_item_next
                0x000000000000e56a                list_contains
 .text          0x000000000000e5a8      0x566 build/cooja/mtype791.a(button-hal.o)
                0x000000000000e79c                button_hal_get_by_id
                0x000000000000e7e6                button_hal_get_by_index
                0x000000000000e820                button_hal_get_state
                0x000000000000e882                button_hal_init
 .text          0x000000000000eb0e      0x242 build/cooja/mtype791.a(serial-line.o)
                0x000000000000eb0e                serial_line_input_byte
                0x000000000000ed06                serial_line_init
 .text          0x000000000000ed50      0x1d6 build/cooja/mtype791.a(gpio-hal.o)
                0x000000000000ed50                gpio_hal_register_handler
                0x000000000000ed7e                gpio_hal_event_handler
                0x000000000000edeb                gpio_hal_init
                0x000000000000ee1a                gpio_hal_arch_port_toggle_pin
                0x000000000000ee65                gpio_hal_arch_port_toggle_pins
                0x000000000000eea2                gpio_hal_arch_no_port_toggle_pin
                0x000000000000eeef                gpio_hal_arch_no_port_toggle_pins
 .text          0x000000000000ef26      0x3a9 build/cooja/mtype791.a(queuebuf.o)
                0x000000000000ef3a                queuebuf_init
                0x000000000000ef76                queuebuf_numfree
                0x000000000000efa0                queuebuf_new_from_packetbuf
                0x000000000000f054                queuebuf_update_attr_from_packetbuf
                0x000000000000f098                queuebuf_update_from_packetbuf
                0x000000000000f0f7                queuebuf_free
                0x000000000000f155                queuebuf_to_packetbuf
                0x000000000000f1d2                queuebuf_dataptr
                0x000000000000f21e                queuebuf_datalen
                0x000000000000f24b                queuebuf_addr
                0x000000000000f28a                queuebuf_attr
                0x000000000000f2bf                queuebuf_debug_print
 .text          0x000000000000f2cf      0x4dd build/cooja/mtype791.a(packetbuf.o)
                0x000000000000f2cf                packetbuf_clear
                0x000000000000f305                packetbuf_copyfrom
                0x000000000000f365                packetbuf_copyto
                0x000000000000f403                packetbuf_hdralloc
                0x000000000000f493                packetbuf_hdrreduce
                0x000000000000f4e5                packetbuf_set_datalen
                0x000000000000f50a                packetbuf_dataptr
                0x000000000000f531                packetbuf_hdrptr
                0x000000000000f546                packetbuf_datalen
                0x000000000000f55c                packetbuf_hdrlen
                0x000000000000f57b                packetbuf_totlen
                0x000000000000f59b                packetbuf_remaininglen
                0x000000000000f5b8                packetbuf_attr_clear
                0x000000000000f61e                packetbuf_attr_copyto
                0x000000000000f664                packetbuf_attr_copyfrom
                0x000000000000f6aa                packetbuf_set_attr
                0x000000000000f6e0                packetbuf_attr
                0x000000000000f706                packetbuf_set_addr
                0x000000000000f74e                packetbuf_addr
                0x000000000000f778                packetbuf_holds_broadcast
 .text          0x000000000000f7ac      0x13c build/cooja/mtype791.a(netstack.o)
                0x000000000000f7ac                netstack_process_ip_callback
                0x000000000000f84d                netstack_ip_packet_processor_add
                0x000000000000f881                uip_ds6_ip_packet_processor_rm
                0x000000000000f8af                netstack_init
 .text          0x000000000000f8e8       0x75 build/cooja/mtype791.a(linkaddr.o)
                0x000000000000f8e8                linkaddr_copy
                0x000000000000f908                linkaddr_cmp
                0x000000000000f93b                linkaddr_set_node_addr
 .text          0x000000000000f95d      0x2ae build/cooja/mtype791.a(csma.o)
 .text          0x000000000000fc0b      0xa6f build/cooja/mtype791.a(csma-output.o)
                0x000000000001037d                csma_output_packet
                0x000000000001062c                csma_output_init
 .text          0x000000000001067a      0xe47 build/cooja/mtype791.a(uip-ds6.o)
                0x000000000001067a                uip_ds6_default_prefix
                0x000000000001068f                uip_ds6_set_default_prefix
                0x00000000000106c5                uip_ds6_init
                0x0000000000010960                uip_ds6_periodic
                0x0000000000010a08                uip_ds6_list_loop
                0x0000000000010ad7                uip_ds6_prefix_add
                0x0000000000010b9e                uip_ds6_prefix_rm
                0x0000000000010bbb                uip_ds6_prefix_lookup
                0x0000000000010c0e                uip_ds6_is_addr_onlink
                0x0000000000010c9b                uip_ds6_addr_add
                0x0000000000010ddd                uip_ds6_addr_rm
                0x0000000000010e9c                uip_ds6_addr_lookup
                0x0000000000010eec                uip_ds6_get_link_local
                0x0000000000010f8a                uip_ds6_get_global
                0x0000000000011028                uip_ds6_maddr_add
                0x00000000000110a4                uip_ds6_maddr_rm
                0x00000000000110c1                uip_ds6_maddr_lookup
                0x0000000000011114                uip_ds6_aaddr_add
                0x000000000001118d                uip_ds6_aaddr_rm
                0x00000000000111aa                uip_ds6_aaddr_lookup
                0x00000000000111fa                uip_ds6_select_src
                0x0000000000011368                uip_ds6_set_addr_iid
                0x000000000001139d                uip_ds6_set_lladdr_from_iid
                0x00000000000113d0                get_match_length
                0x000000000001146b                uip_ds6_compute_reachable_time
 .text          0x00000000000114c1      0x870 build/cooja/mtype791.a(tcpip.o)
                0x00000000000114e7                tcpip_output
                0x0000000000011596                udp_attach
                0x00000000000115b8                udp_new
                0x0000000000011612                udp_broadcast_new
                0x00000000000117b2                tcpip_input
                0x00000000000119a8                tcpip_ipv6_output
                0x0000000000011be4                tcpip_poll_udp
                0x0000000000011c14                tcpip_uipcall
 .text          0x0000000000011d31      0x453 build/cooja/mtype791.a(uip-ds6-route.o)
                0x0000000000011d93                uip_ds6_route_init
                0x0000000000011dcf                uip_ds6_route_count_nexthop_neighbors
                0x0000000000011de3                uip_ds6_route_nexthop
                0x0000000000011df7                uip_ds6_route_head
                0x0000000000011e0b                uip_ds6_route_next
                0x0000000000011e1f                uip_ds6_route_is_nexthop
                0x0000000000011e33                uip_ds6_route_num_routes
                0x0000000000011e47                uip_ds6_route_lookup
                0x0000000000011e5b                uip_ds6_route_add
                0x0000000000011e78                uip_ds6_route_rm
                0x0000000000011e88                uip_ds6_route_rm_by_nexthop
                0x0000000000011e98                uip_ds6_defrt_head
                0x0000000000011ec2                uip_ds6_defrt_add
                0x0000000000011f82                uip_ds6_defrt_rm
                0x0000000000011ffb                uip_ds6_defrt_lookup
                0x0000000000012072                uip_ds6_defrt_choose
                0x00000000000120f8                uip_ds6_defrt_periodic
 .text          0x0000000000012184      0x43e build/cooja/mtype791.a(uip-ds6-nbr.o)
                0x0000000000012184                uip_ds6_neighbors_init
                0x00000000000121ba                uip_ds6_nbr_add
                0x0000000000012254                uip_ds6_nbr_rm
                0x00000000000122b3                uip_ds6_nbr_update_ll
                0x00000000000123b0                uip_ds6_nbr_get_ipaddr
                0x00000000000123cf                uip_ds6_nbr_get_ll
                0x00000000000123fc                uip_ds6_nbr_num
                0x0000000000012456                uip_ds6_nbr_head
                0x0000000000012480                uip_ds6_nbr_next
                0x00000000000124ad                uip_ds6_nbr_lookup
                0x0000000000012514                uip_ds6_nbr_ll_lookup
                0x0000000000012541                uip_ds6_nbr_ipaddr_from_lladdr
                0x0000000000012574                uip_ds6_nbr_lladdr_from_ipaddr
                0x00000000000125b2                uip_ds6_link_callback
 .text          0x00000000000125c2     0x1520 build/cooja/mtype791.a(uip6.o)
                0x000000000001267b                uip_chksum
                0x0000000000012773                uip_icmp6chksum
                0x0000000000012792                uip_udpchksum
                0x00000000000127b1                uip_init
                0x0000000000012810                uip_remove_ext_hdr
                0x000000000001290b                uip_udp_new
                0x0000000000012c84                uip_process
                0x0000000000013972                uip_htons
                0x000000000001399e                uip_htonl
                0x00000000000139e8                uip_send
 .text          0x0000000000013ae2      0x7d4 build/cooja/mtype791.a(uip-nd6.o)
                0x000000000001428b                uip_nd6_init
 .text          0x00000000000142b6      0x44d build/cooja/mtype791.a(simple-udp.o)
                0x00000000000142f4                simple_udp_send
                0x0000000000014366                simple_udp_sendto
                0x00000000000143d1                simple_udp_sendto_port
                0x000000000001443a                simple_udp_register
 .text          0x0000000000014703     0x3370 build/cooja/mtype791.a(sicslowpan.o)
                0x0000000000014e01                netstack_sniffer_add
                0x0000000000014e1a                netstack_sniffer_remove
                0x0000000000017a32                sicslowpan_init
                0x0000000000017a5e                sicslowpan_get_last_rssi
 .text          0x0000000000017a73      0x51a build/cooja/mtype791.a(uiplib.o)
                0x0000000000017a73                uiplib_ip6addrconv
                0x0000000000017c39                uiplib_ip4addrconv
                0x0000000000017d06                uiplib_ipaddr_print
                0x0000000000017d6a                uiplib_ipaddr_snprint
 .text          0x0000000000017f8d      0x820 build/cooja/mtype791.a(rpl.o)
                0x0000000000017f8d                rpl_lollipop_greater_than
                0x0000000000017ff0                rpl_get_global_address
                0x0000000000018126                rpl_link_callback
                0x000000000001821f                rpl_has_joined
                0x0000000000018255                rpl_is_reachable
                0x00000000000182f8                rpl_reset_prefix
                0x00000000000183f2                rpl_set_prefix_from_addr
                0x00000000000185c1                rpl_set_prefix
                0x0000000000018774                rpl_set_leaf_only
                0x0000000000018797                rpl_get_leaf_only
 .text          0x00000000000187ad     0x205c build/cooja/mtype791.a(rpl-icmp6.o)
                0x000000000001890a                rpl_icmp6_update_nbr_table
                0x0000000000018b4b                rpl_icmp6_dis_output
                0x000000000001950e                rpl_icmp6_dio_output
                0x000000000001a050                rpl_icmp6_dao_output
                0x000000000001a688                rpl_icmp6_dao_ack_output
                0x000000000001a7a9                rpl_icmp6_init
 .text          0x000000000001a809      0x571 build/cooja/mtype791.a(rpl-dag-root.o)
                0x000000000001a809                rpl_dag_root_print_links
                0x000000000001ab72                rpl_dag_root_set_prefix
                0x000000000001abad                rpl_dag_root_start
                0x000000000001ad38                rpl_dag_root_is_root
 .text          0x000000000001ad7a       0x6b build/cooja/mtype791.a(watchdog.o)
                0x000000000001ad7a                watchdog_init
                0x000000000001ad8a                watchdog_start
                0x000000000001ad9a                watchdog_periodic
                0x000000000001adc5                watchdog_stop
                0x000000000001add5                watchdog_reboot
 .text          0x000000000001ade5       0x75 build/cooja/mtype791.a(int-master.o)
                0x000000000001ade5                int_master_enable
                0x000000000001adff                int_master_read_and_disable
                0x000000000001ae27                int_master_status_set
                0x000000000001ae40                int_master_is_enabled
 .text          0x000000000001ae5a      0x11d build/cooja/mtype791.a(stimer.o)
                0x000000000001ae5a                stimer_set
                0x000000000001ae89                stimer_reset
                0x000000000001aec0                stimer_restart
                0x000000000001aee6                stimer_expired
                0x000000000001af22                stimer_remaining
                0x000000000001af4e                stimer_elapsed
 .text          0x000000000001af77      0x1ec build/cooja/mtype791.a(memb.o)
                0x000000000001af77                memb_init
                0x000000000001afdb                memb_alloc
                0x000000000001b048                memb_free
                0x000000000001b0c9                memb_inmemb
                0x000000000001b112                memb_numfree
 .text          0x000000000001b163       0x31 build/cooja/mtype791.a(assert.o)
                0x000000000001b163                _xassert
 .text          0x000000000001b194      0x188 build/cooja/mtype791.a(ringbuf.o)
                0x000000000001b194                ringbuf_init
                0x000000000001b1d0                ringbuf_put
                0x000000000001b258                ringbuf_get
                0x000000000001b2cf                ringbuf_size
                0x000000000001b2eb                ringbuf_elements
 .text          0x000000000001b31c      0xb68 build/cooja/mtype791.a(nbr-table.o)
                0x000000000001b6be                nbr_table_count_entries
                0x000000000001b76b                nbr_table_gc_get_worst
                0x000000000001b7ab                nbr_table_can_accept_new
                0x000000000001b934                nbr_table_entry_is_allowed
                0x000000000001b9d4                nbr_table_register
                0x000000000001ba52                nbr_table_is_registered
                0x000000000001ba97                nbr_table_head
                0x000000000001bb04                nbr_table_next
                0x000000000001bb76                nbr_table_add_lladdr
                0x000000000001bcc5                nbr_table_get_from_lladdr
                0x000000000001bd22                nbr_table_remove
                0x000000000001bd6d                nbr_table_lock
                0x000000000001bd93                nbr_table_unlock
                0x000000000001bdb9                nbr_table_get_lladdr
                0x000000000001bdef                nbr_table_clear
                0x000000000001be34                nbr_table_key_head
                0x000000000001be5e                nbr_table_key_next
 .text          0x000000000001be84      0x450 build/cooja/mtype791.a(link-stats.o)
                0x000000000001be84                link_stats_from_lladdr
                0x000000000001beb1                link_stats_get_lladdr
                0x000000000001bede                link_stats_is_fresh
                0x000000000001bf2b                guess_etx_from_rssi
                0x000000000001bfb1                link_stats_packet_sent
                0x000000000001c0f5                link_stats_input_callback
                0x000000000001c229                link_stats_reset
                0x000000000001c28b                link_stats_init
 .text          0x000000000001c2d4      0x1a8 build/cooja/mtype791.a(mac-sequence.o)
                0x000000000001c2d4                mac_sequence_is_duplicate
                0x000000000001c394                mac_sequence_register_seqno
 .text          0x000000000001c47c       0x2d build/cooja/mtype791.a(mac.o)
                0x000000000001c47c                mac_call_sent_callback
 .text          0x000000000001c4a9      0x477 build/cooja/mtype791.a(framer-802154.o)
                0x000000000001c64c                framer_802154_setup_params
 .text          0x000000000001c920      0xc1a build/cooja/mtype791.a(frame802154.o)
                0x000000000001c95b                frame802154_get_pan_id
                0x000000000001c971                frame802154_set_pan_id
                0x000000000001c996                frame802154_has_panid
                0x000000000001cb4f                frame802154_check_dest_panid
                0x000000000001cbe1                frame802154_is_broadcast_addr
                0x000000000001cc38                frame802154_extract_linkaddr
                0x000000000001cec1                frame802154_hdrlen
                0x000000000001cf3e                frame802154_create_fcf
                0x000000000001d000                frame802154_create
                0x000000000001d18b                frame802154_parse_fcf
                0x000000000001d277                frame802154_parse
 .text          0x000000000001d53a       0x4e build/cooja/mtype791.a(csma-security.o)
                0x000000000001d53a                csma_security_create_frame
                0x000000000001d56b                csma_security_parse_frame
 .text          0x000000000001d588      0x5be build/cooja/mtype791.a(uipbuf.o)
                0x000000000001d588                uipbuf_clear
                0x000000000001d5bf                uipbuf_add_ext_hdr
                0x000000000001d65a                uipbuf_set_len
                0x000000000001d694                uipbuf_set_len_field
                0x000000000001d6ca                uipbuf_get_len_field
                0x000000000001d6f4                uipbuf_get_next_header
                0x000000000001d830                uipbuf_get_last_header
                0x000000000001d8b3                uipbuf_search_header
                0x000000000001d977                uipbuf_get_attr
                0x000000000001d9a8                uipbuf_set_attr
                0x000000000001d9e9                uipbuf_set_default_attr
                0x000000000001da2a                uipbuf_clear_attr
                0x000000000001da6a                uipbuf_set_attr_flag
                0x000000000001da96                uipbuf_clr_attr_flag
                0x000000000001dac8                uipbuf_is_attr_flag
                0x000000000001daf6                uipbuf_init
 .text          0x000000000001db46      0x8b7 build/cooja/mtype791.a(uip-icmp6.o)
                0x000000000001dbcb                uip_icmp6_input
                0x000000000001dc2c                uip_icmp6_register_input_handler
                0x000000000001dde0                uip_icmp6_error_output
                0x000000000001e122                uip_icmp6_send
                0x000000000001e350                uip_icmp6_echo_reply_callback_add
                0x000000000001e393                uip_icmp6_echo_reply_callback_rm
                0x000000000001e3c1                uip_icmp6_init
 .text          0x000000000001e3fd      0x772 build/cooja/mtype791.a(uip-sr.o)
                0x000000000001e3fd                uip_sr_num_nodes
                0x000000000001e4a9                uip_sr_get_node
                0x000000000001e510                uip_sr_is_addr_reachable
                0x000000000001e5cd                uip_sr_expire_parent
                0x000000000001e620                uip_sr_update_node
                0x000000000001e764                uip_sr_init
                0x000000000001e7aa                uip_sr_node_head
                0x000000000001e7d4                uip_sr_node_next
                0x000000000001e7fa                uip_sr_periodic
                0x000000000001e916                uip_sr_free_all
                0x000000000001e99b                uip_sr_link_snprint
 .text          0x000000000001eb6f      0x1a5 build/cooja/mtype791.a(uip-packetqueue)
                0x000000000001ebaf                uip_packetqueue_new
                0x000000000001ebc8                uip_packetqueue_alloc
                0x000000000001ec37                uip_packetqueue_free
                0x000000000001ec8f                uip_packetqueue_buf
                0x000000000001ecb6                uip_packetqueue_buflen
                0x000000000001ece1                uip_packetqueue_set_buflen
 .text          0x000000000001ed14      0x152 build/cooja/mtype791.a(uip-udp-packet.)
                0x000000000001ed14                uip_udp_packet_send
                0x000000000001ed8d                uip_udp_packet_sendto
 .text          0x000000000001ee66       0x8d build/cooja/mtype791.a(rpl-nbr-policy.)
                0x000000000001eeb2                rpl_nbr_gc_get_worst
 .text          0x000000000001eef3      0xdc1 build/cooja/mtype791.a(rpl-neighbor.o)
                0x000000000001ef8f                rpl_neighbor_snprint
                0x000000000001f277                rpl_neighbor_print_list
                0x000000000001f4c1                rpl_neighbor_count
                0x000000000001f5a4                rpl_neighbor_get_from_lladdr
                0x000000000001f5d1                rpl_neighbor_is_acceptable_parent
                0x000000000001f617                rpl_neighbor_get_link_metric
                0x000000000001f65d                rpl_neighbor_rank_via_nbr
                0x000000000001f6a3                rpl_neighbor_get_lladdr
                0x000000000001f6d0                rpl_neighbor_get_ipaddr
                0x000000000001f706                rpl_neighbor_get_link_stats
                0x000000000001f73c                rpl_neighbor_is_fresh
                0x000000000001f772                rpl_neighbor_is_parent
                0x000000000001f7a9                rpl_neighbor_set_preferred_parent
                0x000000000001f935                rpl_neighbor_remove_all
                0x000000000001f9e1                rpl_neighbor_get_from_ipaddr
                0x000000000001fb1b                rpl_neighbor_select_best
                0x000000000001fc82                rpl_neighbor_init
 .text          0x000000000001fcb4     0x1c61 build/cooja/mtype791.a(rpl-dag.o)
                0x000000000001fcb4                rpl_dag_state_to_str
                0x000000000001fd02                rpl_dag_get_root_ipaddr
                0x000000000001fd52                rpl_dag_leave
                0x000000000001fe96                rpl_dag_poison_and_leave
                0x000000000001fec2                rpl_dag_periodic
                0x0000000000020012                rpl_is_addr_in_our_dag
                0x0000000000020071                rpl_get_default_instance
                0x000000000002009b                rpl_get_any_dag
                0x0000000000020111                rpl_refresh_routes
                0x00000000000201e6                rpl_global_repair
                0x00000000000203b0                rpl_local_repair
                0x000000000002045b                rpl_dag_ready_to_advertise
                0x00000000000204b4                rpl_dag_update_state
                0x0000000000021323                rpl_process_dio
                0x0000000000021403                rpl_process_dis
                0x0000000000021498                rpl_process_dao
                0x000000000002157c                rpl_process_dao_ack
                0x0000000000021685                rpl_process_hbh
                0x00000000000216e5                rpl_dag_init_root
                0x00000000000218e3                rpl_dag_init
 .text          0x0000000000021915      0xf08 build/cooja/mtype791.a(rpl-timers.o)
                0x0000000000021915                rpl_timers_schedule_periodic_dis
                0x0000000000021abf                rpl_timers_dio_reset
                0x0000000000021c7c                rpl_timers_schedule_unicast_dio
                0x0000000000021e4f                rpl_timers_schedule_dao
                0x0000000000021f55                rpl_timers_schedule_dao_ack
                0x0000000000022024                rpl_timers_notify_dao_ack
                0x00000000000220aa                get_probing_delay
                0x00000000000220ef                get_probing_target
                0x0000000000022429                rpl_schedule_probing
                0x0000000000022475                rpl_schedule_probing_now
                0x000000000002250f                rpl_timers_unschedule_leaving
                0x0000000000022569                rpl_timers_schedule_leaving
                0x00000000000225ce                rpl_timers_init
                0x00000000000226c1                rpl_timers_stop_dag_timers
                0x000000000002277e                rpl_timers_unschedule_state_update
                0x00000000000227ba                rpl_timers_schedule_state_update
 .text          0x000000000002281d     0x14a6 build/cooja/mtype791.a(rpl-ext-header.)
                0x000000000002281d                rpl_ext_header_srh_get_next_hop
                0x0000000000022967                rpl_ext_header_srh_update
                0x00000000000233db                rpl_ext_header_hbh_update
                0x0000000000023a3d                rpl_ext_header_update
                0x0000000000023aec                rpl_ext_header_remove
 .text          0x0000000000023cc3      0x3e2 build/cooja/mtype791.a(rpl-mrhof.o)
 *fill*         0x00000000000240a5        0xb 
 .text          0x00000000000240b0       0x14 /usr/lib/i386-linux-gnu/libc_nonshared.a(stack_chk_fail_local.oS)
                0x00000000000240b0                __stack_chk_fail_local
 .text          0x00000000000240c4        0x0 /usr/lib/gcc/i686-linux-gnu/7/crtendS.o
 .text          0x00000000000240c4        0x0 /usr/lib/gcc/i686-linux-gnu/7/../../../i386-linux-gnu/crtn.o
 *(.gnu.warning)

.fini           0x00000000000240c4       0x14
 *(SORT_NONE(.fini))
 .fini          0x00000000000240c4        0xf /usr/lib/gcc/i686-linux-gnu/7/../../../i386-linux-gnu/crti.o
                0x00000000000240c4                _fini
 .fini          0x00000000000240d3        0x5 /usr/lib/gcc/i686-linux-gnu/7/../../../i386-linux-gnu/crtn.o
                [!provide]                        PROVIDE (__etext = .)
                [!provide]                        PROVIDE (_etext = .)
                [!provide]                        PROVIDE (etext = .)

.rodata         0x00000000000240d8     0x17bb
 *(.rodata .rodata.* .gnu.linkonce.r.*)
 .rodata        0x00000000000240d8       0x70 sensor-node.o
 .rodata        0x0000000000024148        0x6 build/cooja/mtype791.a(leds-arch.o)
                0x0000000000024148                leds_arch_leds
 .rodata        0x000000000002414e        0x4 build/cooja/mtype791.a(pir-sensor.o)
 .rodata        0x0000000000024152        0x6 build/cooja/mtype791.a(rs232.o)
 .rodata        0x0000000000024158        0xa build/cooja/mtype791.a(vib-sensor.o)
 *fill*         0x0000000000024162        0x2 
 .rodata        0x0000000000024164       0x27 build/cooja/mtype791.a(cfs-cooja.o)
 *fill*         0x000000000002418b        0x1 
 .rodata        0x000000000002418c       0x68 build/cooja/mtype791.a(cooja-radio.o)
 .rodata        0x00000000000241f4        0x8 build/cooja/mtype791.a(sensors.o)
 .rodata        0x00000000000241fc       0x14 build/cooja/mtype791.a(buttons.o)
                0x0000000000024208                button_hal_button_count
 .rodata        0x0000000000024210       0xf4 build/cooja/mtype791.a(contiki-main.o)
 .rodata        0x0000000000024304        0xf build/cooja/mtype791.a(ctimer.o)
 .rodata        0x0000000000024313        0xc build/cooja/mtype791.a(etimer.o)
 *fill*         0x000000000002431f        0x1 
 .rodata        0x0000000000024320       0xc4 build/cooja/mtype791.a(log.o)
 .rodata        0x00000000000243e4       0x13 build/cooja/mtype791.a(button-hal.o)
 .rodata        0x00000000000243f7        0xe build/cooja/mtype791.a(serial-line.o)
 *fill*         0x0000000000024405        0x3 
 .rodata        0x0000000000024408        0x8 build/cooja/mtype791.a(linkaddr.o)
                0x0000000000024408                linkaddr_null
 .rodata        0x0000000000024410        0x5 build/cooja/mtype791.a(csma.o)
 *fill*         0x0000000000024415        0x3 
 .rodata        0x0000000000024418       0x24 build/cooja/mtype791.a(csma-output.o)
 .rodata        0x000000000002443c        0xd build/cooja/mtype791.a(tcpip.o)
 *fill*         0x0000000000024449        0x3 
 .rodata        0x000000000002444c       0x4d build/cooja/mtype791.a(uip-ds6-route.o)
 .rodata        0x0000000000024499       0x13 build/cooja/mtype791.a(simple-udp.o)
 .rodata        0x00000000000244ac       0x1f build/cooja/mtype791.a(sicslowpan.o)
                0x00000000000244ac                unc_llconf
                0x00000000000244b0                unc_ctxconf
                0x00000000000244b4                unc_mxconf
                0x00000000000244b8                llprefix
 .rodata        0x00000000000244cb       0x2d build/cooja/mtype791.a(uiplib.o)
 .rodata        0x00000000000244f8       0xd4 build/cooja/mtype791.a(rpl.o)
 .rodata        0x00000000000245cc      0x587 build/cooja/mtype791.a(rpl-icmp6.o)
 *fill*         0x0000000000024b53        0x1 
 .rodata        0x0000000000024b54       0xc4 build/cooja/mtype791.a(rpl-dag-root.o)
 .rodata        0x0000000000024c18       0x25 build/cooja/mtype791.a(assert.o)
 .rodata        0x0000000000024c3d       0x44 build/cooja/mtype791.a(uip-sr.o)
 *fill*         0x0000000000024c81        0x3 
 .rodata        0x0000000000024c84      0x15a build/cooja/mtype791.a(rpl-neighbor.o)
 *fill*         0x0000000000024dde        0x2 
 .rodata        0x0000000000024de0      0x60c build/cooja/mtype791.a(rpl-dag.o)
 .rodata        0x00000000000253ec       0x89 build/cooja/mtype791.a(rpl-timers.o)
 *fill*         0x0000000000025475        0x3 
 .rodata        0x0000000000025478      0x3f6 build/cooja/mtype791.a(rpl-ext-header.)
 .rodata        0x000000000002586e       0x25 build/cooja/mtype791.a(rpl-mrhof.o)

.rodata1
 *(.rodata1)

.eh_frame_hdr   0x0000000000025894     0x166c
 *(.eh_frame_hdr)
 .eh_frame_hdr  0x0000000000025894     0x166c sensor-node.o
                0x0000000000025894                __GNU_EH_FRAME_HDR
 *(.eh_frame_entry .eh_frame_entry.*)

.eh_frame       0x0000000000026f00     0x60e8
 *(.eh_frame)
 .eh_frame      0x0000000000026f00       0x3c /usr/lib/gcc/i686-linux-gnu/7/../../../i386-linux-gnu/crti.o
                                         0x40 (size before relaxing)
 .eh_frame      0x0000000000026f3c       0x14 /usr/lib/gcc/i686-linux-gnu/7/../../../i386-linux-gnu/crti.o
                                         0x2c (size before relaxing)
 .eh_frame      0x0000000000026f50       0x24 sensor-node.o
                                         0x50 (size before relaxing)
 .eh_frame      0x0000000000026f74      0x1ac build/cooja/mtype791.o
                                        0x1ec (size before relaxing)
 .eh_frame      0x0000000000027120       0x48 build/cooja/mtype791.a(simEnvChange.o)
                                         0x74 (size before relaxing)
 .eh_frame      0x0000000000027168       0x6c build/cooja/mtype791.a(cooja_mt.o)
                                         0x98 (size before relaxing)
 .eh_frame      0x00000000000271d4       0x88 build/cooja/mtype791.a(cooja_mtarch.o)
                                         0xc8 (size before relaxing)
 .eh_frame      0x000000000002725c       0xe4 build/cooja/mtype791.a(rtimer-arch.o)
                                        0x110 (size before relaxing)
 .eh_frame      0x0000000000027340      0x160 build/cooja/mtype791.a(beep.o)
                                        0x18c (size before relaxing)
 .eh_frame      0x00000000000274a0       0x88 build/cooja/mtype791.a(leds-arch.o)
                                         0xc8 (size before relaxing)
 .eh_frame      0x0000000000027528       0x44 build/cooja/mtype791.a(moteid.o)
                                         0x70 (size before relaxing)
 .eh_frame      0x000000000002756c       0xa4 build/cooja/mtype791.a(pir-sensor.o)
                                         0xe4 (size before relaxing)
 .eh_frame      0x0000000000027610      0x110 build/cooja/mtype791.a(rs232.o)
                                        0x150 (size before relaxing)
 .eh_frame      0x0000000000027720       0xa4 build/cooja/mtype791.a(vib-sensor.o)
                                         0xe4 (size before relaxing)
 .eh_frame      0x00000000000277c4       0xc0 build/cooja/mtype791.a(clock.o)
                                         0xec (size before relaxing)
 .eh_frame      0x0000000000027884      0x130 build/cooja/mtype791.a(cooja-log.o)
                                        0x170 (size before relaxing)
 .eh_frame      0x00000000000279b4      0x16c build/cooja/mtype791.a(cfs-cooja.o)
                                        0x1ac (size before relaxing)
 .eh_frame      0x0000000000027b20      0x354 build/cooja/mtype791.a(cooja-radio.o)
                                        0x394 (size before relaxing)
 .eh_frame      0x0000000000027e74       0xa8 build/cooja/mtype791.a(eeprom.o)
                                         0xe8 (size before relaxing)
 .eh_frame      0x0000000000027f1c       0x48 build/cooja/mtype791.a(random.o)
                                         0x74 (size before relaxing)
 .eh_frame      0x0000000000027f64       0xd0 build/cooja/mtype791.a(sensors.o)
                                        0x110 (size before relaxing)
 .eh_frame      0x0000000000028034      0x140 build/cooja/mtype791.a(leds.o)
                                        0x180 (size before relaxing)
 .eh_frame      0x0000000000028174      0x228 build/cooja/mtype791.a(gpio-hal-arch.o)
                                        0x27c (size before relaxing)
 .eh_frame      0x000000000002839c       0xa4 build/cooja/mtype791.a(buttons.o)
                                         0xe4 (size before relaxing)
 .eh_frame      0x0000000000028440       0x38 build/cooja/mtype791.a(contiki-main.o)
                                         0x64 (size before relaxing)
 .eh_frame      0x0000000000028478       0x48 build/cooja/mtype791.a(autostart.o)
                                         0x74 (size before relaxing)
 .eh_frame      0x00000000000284c0      0x11c build/cooja/mtype791.a(ctimer.o)
                                        0x15c (size before relaxing)
 .eh_frame      0x00000000000285dc       0x60 build/cooja/mtype791.a(energest.o)
                                         0x8c (size before relaxing)
 .eh_frame      0x000000000002863c      0x204 build/cooja/mtype791.a(etimer.o)
                                        0x244 (size before relaxing)
 .eh_frame      0x0000000000028840      0x144 build/cooja/mtype791.a(log.o)
                                        0x184 (size before relaxing)
 .eh_frame      0x0000000000028984       0x6c build/cooja/mtype791.a(rtimer.o)
                                         0xc0 (size before relaxing)
 .eh_frame      0x00000000000289f0       0x20 build/cooja/mtype791.a(node-id.o)
                                         0x4c (size before relaxing)
 .eh_frame      0x0000000000028a10      0x1ec build/cooja/mtype791.a(process.o)
                                        0x22c (size before relaxing)
 .eh_frame      0x0000000000028bfc       0xb4 build/cooja/mtype791.a(timer.o)
                                         0xe0 (size before relaxing)
 .eh_frame      0x0000000000028cb0      0x1a0 build/cooja/mtype791.a(list.o)
                                        0x1cc (size before relaxing)
 .eh_frame      0x0000000000028e50      0x188 build/cooja/mtype791.a(button-hal.o)
                                        0x1c8 (size before relaxing)
 .eh_frame      0x0000000000028fd8       0x6c build/cooja/mtype791.a(serial-line.o)
                                         0x98 (size before relaxing)
 .eh_frame      0x0000000000029044       0xfc build/cooja/mtype791.a(gpio-hal.o)
                                        0x13c (size before relaxing)
 .eh_frame      0x0000000000029140      0x1c0 build/cooja/mtype791.a(queuebuf.o)
                                        0x200 (size before relaxing)
 .eh_frame      0x0000000000029300      0x2b0 build/cooja/mtype791.a(packetbuf.o)
                                        0x2f0 (size before relaxing)
 .eh_frame      0x00000000000295b0       0x90 build/cooja/mtype791.a(netstack.o)
                                         0xd0 (size before relaxing)
 .eh_frame      0x0000000000029640       0x64 build/cooja/mtype791.a(linkaddr.o)
                                         0x90 (size before relaxing)
 .eh_frame      0x00000000000296a4       0xf0 build/cooja/mtype791.a(csma.o)
                                        0x130 (size before relaxing)
 .eh_frame      0x0000000000029794      0x1f8 build/cooja/mtype791.a(csma-output.o)
                                        0x238 (size before relaxing)
 .eh_frame      0x000000000002998c      0x364 build/cooja/mtype791.a(uip-ds6.o)
                                        0x3a4 (size before relaxing)
 .eh_frame      0x0000000000029cf0      0x270 build/cooja/mtype791.a(tcpip.o)
                                        0x2b0 (size before relaxing)
 .eh_frame      0x0000000000029f60      0x260 build/cooja/mtype791.a(uip-ds6-route.o)
                                        0x2a0 (size before relaxing)
 .eh_frame      0x000000000002a1c0      0x1e8 build/cooja/mtype791.a(uip-ds6-nbr.o)
                                        0x228 (size before relaxing)
 .eh_frame      0x000000000002a3a8      0x20c build/cooja/mtype791.a(uip6.o)
                                        0x24c (size before relaxing)
 .eh_frame      0x000000000002a5b4       0x8c build/cooja/mtype791.a(uip-nd6.o)
                                         0xe0 (size before relaxing)
 .eh_frame      0x000000000002a640       0xe8 build/cooja/mtype791.a(simple-udp.o)
                                        0x128 (size before relaxing)
 .eh_frame      0x000000000002a728      0x354 build/cooja/mtype791.a(sicslowpan.o)
                                        0x3a8 (size before relaxing)
 .eh_frame      0x000000000002aa7c       0x9c build/cooja/mtype791.a(uiplib.o)
                                         0xdc (size before relaxing)
 .eh_frame      0x000000000002ab18      0x1fc build/cooja/mtype791.a(rpl.o)
                                        0x23c (size before relaxing)
 .eh_frame      0x000000000002ad14      0x204 build/cooja/mtype791.a(rpl-icmp6.o)
                                        0x244 (size before relaxing)
 .eh_frame      0x000000000002af18       0xb0 build/cooja/mtype791.a(rpl-dag-root.o)
                                         0xf0 (size before relaxing)
 .eh_frame      0x000000000002afc8       0xa4 build/cooja/mtype791.a(watchdog.o)
                                         0xd0 (size before relaxing)
 .eh_frame      0x000000000002b06c       0x80 build/cooja/mtype791.a(int-master.o)
                                         0xac (size before relaxing)
 .eh_frame      0x000000000002b0ec       0xd8 build/cooja/mtype791.a(stimer.o)
                                        0x104 (size before relaxing)
 .eh_frame      0x000000000002b1c4       0xa4 build/cooja/mtype791.a(memb.o)
                                         0xe4 (size before relaxing)
 .eh_frame      0x000000000002b268       0x24 build/cooja/mtype791.a(assert.o)
                                         0x50 (size before relaxing)
 .eh_frame      0x000000000002b28c       0xa0 build/cooja/mtype791.a(ringbuf.o)
                                         0xcc (size before relaxing)
 .eh_frame      0x000000000002b32c      0x428 build/cooja/mtype791.a(nbr-table.o)
                                        0x468 (size before relaxing)
 .eh_frame      0x000000000002b754      0x140 build/cooja/mtype791.a(link-stats.o)
                                        0x180 (size before relaxing)
 .eh_frame      0x000000000002b894       0x50 build/cooja/mtype791.a(mac-sequence.o)
                                         0x7c (size before relaxing)
 .eh_frame      0x000000000002b8e4       0x20 build/cooja/mtype791.a(mac.o)
                                         0x4c (size before relaxing)
 .eh_frame      0x000000000002b904       0xb4 build/cooja/mtype791.a(framer-802154.o)
                                         0xf4 (size before relaxing)
 .eh_frame      0x000000000002b9b8      0x1b0 build/cooja/mtype791.a(frame802154.o)
                                        0x1f0 (size before relaxing)
 .eh_frame      0x000000000002bb68       0x44 build/cooja/mtype791.a(csma-security.o)
                                         0x84 (size before relaxing)
 .eh_frame      0x000000000002bbac      0x204 build/cooja/mtype791.a(uipbuf.o)
                                        0x230 (size before relaxing)
 .eh_frame      0x000000000002bdb0      0x170 build/cooja/mtype791.a(uip-icmp6.o)
                                        0x1b0 (size before relaxing)
 .eh_frame      0x000000000002bf20      0x1ac build/cooja/mtype791.a(uip-sr.o)
                                        0x1ec (size before relaxing)
 .eh_frame      0x000000000002c0cc       0xec build/cooja/mtype791.a(uip-packetqueue)
                                        0x12c (size before relaxing)
 .eh_frame      0x000000000002c1b8       0x44 build/cooja/mtype791.a(uip-udp-packet.)
                                         0x84 (size before relaxing)
 .eh_frame      0x000000000002c1fc       0x48 build/cooja/mtype791.a(rpl-nbr-policy.)
                                         0x88 (size before relaxing)
 .eh_frame      0x000000000002c244      0x2f8 build/cooja/mtype791.a(rpl-neighbor.o)
                                        0x34c (size before relaxing)
 .eh_frame      0x000000000002c53c      0x3c0 build/cooja/mtype791.a(rpl-dag.o)
                                        0x414 (size before relaxing)
 .eh_frame      0x000000000002c8fc      0x418 build/cooja/mtype791.a(rpl-timers.o)
                                        0x458 (size before relaxing)
 .eh_frame      0x000000000002cd14      0x160 build/cooja/mtype791.a(rpl-ext-header.)
                                        0x1a0 (size before relaxing)
 .eh_frame      0x000000000002ce74      0x154 build/cooja/mtype791.a(rpl-mrhof.o)
                                        0x194 (size before relaxing)
 .eh_frame      0x000000000002cfc8       0x1c /usr/lib/i386-linux-gnu/libc_nonshared.a(stack_chk_fail_local.oS)
                                         0x48 (size before relaxing)
 .eh_frame      0x000000000002cfe4        0x4 /usr/lib/gcc/i686-linux-gnu/7/crtendS.o
 *(.eh_frame.*)

.gcc_except_table
 *(.gcc_except_table .gcc_except_table.*)

.gnu_extab
 *(.gnu_extab*)

.exception_ranges
 *(.exception_ranges .exception_ranges*)
                0x000000000002ec18                . = DATA_SEGMENT_ALIGN (CONSTANT (MAXPAGESIZE), CONSTANT (COMMONPAGESIZE))

.eh_frame
 *(.eh_frame)
 *(.eh_frame.*)

.gnu_extab
 *(.gnu_extab)

.gcc_except_table
 *(.gcc_except_table .gcc_except_table.*)

.exception_ranges
 *(.exception_ranges .exception_ranges*)

.tdata
 *(.tdata .tdata.* .gnu.linkonce.td.*)

.tbss
 *(.tbss .tbss.* .gnu.linkonce.tb.*)
 *(.tcommon)

.preinit_array
 *(.preinit_array)

.init_array     0x000000000002ec18        0x4
 *(SORT_BY_INIT_PRIORITY(.init_array.*) SORT_BY_INIT_PRIORITY(.ctors.*))
 *(.init_array EXCLUDE_FILE(*crtend?.o *crtend.o *crtbegin?.o *crtbegin.o) .ctors)
 .init_array    0x000000000002ec18        0x4 /usr/lib/gcc/i686-linux-gnu/7/crtbeginS.o

.fini_array     0x000000000002ec1c        0x4
 *(SORT_BY_INIT_PRIORITY(.fini_array.*) SORT_BY_INIT_PRIORITY(.dtors.*))
 *(.fini_array EXCLUDE_FILE(*crtend?.o *crtend.o *crtbegin?.o *crtbegin.o) .dtors)
 .fini_array    0x000000000002ec1c        0x4 /usr/lib/gcc/i686-linux-gnu/7/crtbeginS.o

.ctors
 *crtbegin.o(.ctors)
 *crtbegin?.o(.ctors)
 *(EXCLUDE_FILE(*crtend?.o *crtend.o) .ctors)
 *(SORT_BY_NAME(.ctors.*))
 *(.ctors)

.dtors
 *crtbegin.o(.dtors)
 *crtbegin?.o(.dtors)
 *(EXCLUDE_FILE(*crtend?.o *crtend.o) .dtors)
 *(SORT_BY_NAME(.dtors.*))
 *(.dtors)

.jcr
 *(.jcr)

.data.rel.ro    0x000000000002ec20      0x198
 *(.data.rel.ro.local* .gnu.linkonce.d.rel.ro.local.*)
 .data.rel.ro.local
                0x000000000002ec20        0x8 sensor-node.o
                0x000000000002ec20                autostart_processes
 .data.rel.ro.local
                0x000000000002ec28        0x8 build/cooja/mtype791.a(beep.o)
                0x000000000002ec28                beep_interface
 .data.rel.ro.local
                0x000000000002ec30        0x8 build/cooja/mtype791.a(leds-arch.o)
                0x000000000002ec30                leds_interface
 .data.rel.ro.local
                0x000000000002ec38        0x8 build/cooja/mtype791.a(moteid.o)
                0x000000000002ec38                moteid_interface
 .data.rel.ro.local
                0x000000000002ec40       0x18 build/cooja/mtype791.a(pir-sensor.o)
                0x000000000002ec40                pir_interface
                0x000000000002ec48                pir_sensor
 .data.rel.ro.local
                0x000000000002ec58        0x8 build/cooja/mtype791.a(rs232.o)
                0x000000000002ec58                rs232_interface
 .data.rel.ro.local
                0x000000000002ec60       0x18 build/cooja/mtype791.a(vib-sensor.o)
                0x000000000002ec60                vib_interface
                0x000000000002ec68                vib_sensor
 .data.rel.ro.local
                0x000000000002ec78        0x8 build/cooja/mtype791.a(clock.o)
                0x000000000002ec78                clock_interface
 .data.rel.ro.local
                0x000000000002ec80        0x8 build/cooja/mtype791.a(cooja-log.o)
                0x000000000002ec80                simlog_interface
 .data.rel.ro.local
                0x000000000002ec88        0x8 build/cooja/mtype791.a(cfs-cooja.o)
                0x000000000002ec88                cfs_interface
 *fill*         0x000000000002ec90       0x10 
 .data.rel.ro.local
                0x000000000002eca0       0x58 build/cooja/mtype791.a(cooja-radio.o)
                0x000000000002eca0                radio_interface
                0x000000000002ecc0                cooja_radio_driver
 .data.rel.ro.local
                0x000000000002ecf8        0x8 build/cooja/mtype791.a(eeprom.o)
                0x000000000002ecf8                eeprom_interface
 .data.rel.ro.local
                0x000000000002ed00       0x18 build/cooja/mtype791.a(buttons.o)
                0x000000000002ed00                button_interface
                0x000000000002ed08                button_sensor
 .data.rel.ro.local
                0x000000000002ed18       0x1c build/cooja/mtype791.a(csma.o)
                0x000000000002ed18                csma_driver
 .data.rel.ro.local
                0x000000000002ed34       0x10 build/cooja/mtype791.a(sicslowpan.o)
                0x000000000002ed34                sicslowpan_driver
 .data.rel.ro.local
                0x000000000002ed44        0xc build/cooja/mtype791.a(framer-802154.o)
                0x000000000002ed44                framer_802154
 *(.data.rel.ro .data.rel.ro.* .gnu.linkonce.d.rel.ro.*)
 .data.rel.ro   0x000000000002ed50        0x0 /usr/lib/gcc/i686-linux-gnu/7/../../../i386-linux-gnu/crti.o
 *fill*         0x000000000002ed50       0x10 
 .data.rel.ro   0x000000000002ed60       0x54 build/cooja/mtype791.a(rpl.o)
                0x000000000002ed60                rpl_lite_driver
 .data.rel.ro   0x000000000002edb4        0x4 build/cooja/mtype791.a(rpl-dag.o)

.dynamic        0x000000000002edb8       0xf0
 *(.dynamic)
 .dynamic       0x000000000002edb8       0xf0 /usr/lib/gcc/i686-linux-gnu/7/../../../i386-linux-gnu/crti.o
                0x000000000002edb8                _DYNAMIC

.got            0x000000000002eea8      0x14c
 *(.got)
 .got           0x000000000002eea8      0x14c /usr/lib/gcc/i686-linux-gnu/7/../../../i386-linux-gnu/crti.o
 *(.igot)
                0x000000000002eff4                . = DATA_SEGMENT_RELRO_END (., (SIZEOF (.got.plt) >= 0xc)?0xc:0x0)

.got.plt        0x000000000002f000      0x4bc
 *(.got.plt)
 .got.plt       0x000000000002f000      0x4bc /usr/lib/gcc/i686-linux-gnu/7/../../../i386-linux-gnu/crti.o
                0x000000000002f000                _GLOBAL_OFFSET_TABLE_
 *(.igot.plt)

.data           0x000000000002f4c0      0x384
 *(.data .data.* .gnu.linkonce.d.*)
 .data          0x000000000002f4c0        0x0 /usr/lib/gcc/i686-linux-gnu/7/../../../i386-linux-gnu/crti.o
 .data          0x000000000002f4c0        0x0 /usr/lib/gcc/i686-linux-gnu/7/crtbeginS.o
 .data.rel.local
                0x000000000002f4c0        0x4 /usr/lib/gcc/i686-linux-gnu/7/crtbeginS.o
                0x000000000002f4c0                __dso_handle
 .data          0x000000000002f4c4        0x0 sensor-node.o
 .data.rel.local
                0x000000000002f4c4       0x10 sensor-node.o
                0x000000000002f4c4                sensor_node
 .data          0x000000000002f4d4        0x0 build/cooja/mtype791.o
 *fill*         0x000000000002f4d4        0xc 
 .data.rel      0x000000000002f4e0       0x44 build/cooja/mtype791.o
                0x000000000002f4e0                simInterfaces
                0x000000000002f514                sensors
 .data          0x000000000002f524        0x0 build/cooja/mtype791.a(simEnvChange.o)
 .data          0x000000000002f524        0x0 build/cooja/mtype791.a(cooja_mt.o)
 .data          0x000000000002f524        0x0 build/cooja/mtype791.a(cooja_mtarch.o)
 .data          0x000000000002f524        0x0 build/cooja/mtype791.a(rtimer-arch.o)
 .data          0x000000000002f524        0x0 build/cooja/mtype791.a(beep.o)
 .data          0x000000000002f524        0x0 build/cooja/mtype791.a(leds-arch.o)
 .data          0x000000000002f524        0x0 build/cooja/mtype791.a(moteid.o)
 .data          0x000000000002f524        0x0 build/cooja/mtype791.a(pir-sensor.o)
 .data          0x000000000002f524        0x0 build/cooja/mtype791.a(rs232.o)
 .data          0x000000000002f524        0x0 build/cooja/mtype791.a(vib-sensor.o)
 .data          0x000000000002f524        0x0 build/cooja/mtype791.a(clock.o)
 .data          0x000000000002f524        0x0 build/cooja/mtype791.a(cooja-log.o)
 .data          0x000000000002f524        0x0 build/cooja/mtype791.a(cfs-cooja.o)
 .data          0x000000000002f524       0x1c build/cooja/mtype791.a(cooja-radio.o)
                0x000000000002f524                simRadioHWOn
                0x000000000002f528                simSignalStrength
                0x000000000002f52c                simLastSignalStrength
                0x000000000002f530                simPower
                0x000000000002f534                simRadioChannel
                0x000000000002f538                simLQI
 .data.rel.local
                0x000000000002f540       0x10 build/cooja/mtype791.a(cooja-radio.o)
                0x000000000002f540                cooja_radio_process
 .data          0x000000000002f550        0x0 build/cooja/mtype791.a(eeprom.o)
 .data          0x000000000002f550        0x0 build/cooja/mtype791.a(random.o)
 .data          0x000000000002f550        0x0 build/cooja/mtype791.a(sensors.o)
 .data.rel.local
                0x000000000002f550       0x10 build/cooja/mtype791.a(sensors.o)
                0x000000000002f550                sensors_process
 .data          0x000000000002f560        0x0 build/cooja/mtype791.a(leds.o)
 .data          0x000000000002f560        0x0 build/cooja/mtype791.a(gpio-hal-arch.o)
 .data          0x000000000002f560        0x1 build/cooja/mtype791.a(buttons.o)
                0x000000000002f560                simButtonIsActive
 *fill*         0x000000000002f561       0x1f 
 .data.rel.local
                0x000000000002f580       0x58 build/cooja/mtype791.a(buttons.o)
                0x000000000002f5d0                button_hal_buttons
 .data          0x000000000002f5d8        0x0 build/cooja/mtype791.a(contiki-main.o)
 .data          0x000000000002f5d8        0x0 build/cooja/mtype791.a(autostart.o)
 .data          0x000000000002f5d8        0x0 build/cooja/mtype791.a(ctimer.o)
 .data.rel.local
                0x000000000002f5d8       0x14 build/cooja/mtype791.a(ctimer.o)
                0x000000000002f5dc                ctimer_process
 .data          0x000000000002f5ec        0x0 build/cooja/mtype791.a(energest.o)
 .data          0x000000000002f5ec        0x0 build/cooja/mtype791.a(etimer.o)
 .data.rel.local
                0x000000000002f5ec       0x10 build/cooja/mtype791.a(etimer.o)
                0x000000000002f5ec                etimer_process
 .data          0x000000000002f5fc        0x8 build/cooja/mtype791.a(log.o)
                0x000000000002f5fc                curr_log_level_rpl
                0x000000000002f600                curr_log_level_main
 *fill*         0x000000000002f604       0x1c 
 .data.rel.local
                0x000000000002f620       0x9c build/cooja/mtype791.a(log.o)
                0x000000000002f620                all_modules
 .data          0x000000000002f6bc        0x0 build/cooja/mtype791.a(rtimer.o)
 .data          0x000000000002f6bc        0x0 build/cooja/mtype791.a(node-id.o)
 .data          0x000000000002f6bc        0x0 build/cooja/mtype791.a(process.o)
 .data          0x000000000002f6bc        0x0 build/cooja/mtype791.a(timer.o)
 .data          0x000000000002f6bc        0x0 build/cooja/mtype791.a(list.o)
 .data          0x000000000002f6bc        0x0 build/cooja/mtype791.a(button-hal.o)
 .data.rel.local
                0x000000000002f6bc       0x10 build/cooja/mtype791.a(button-hal.o)
                0x000000000002f6bc                button_hal_process
 .data          0x000000000002f6cc        0x0 build/cooja/mtype791.a(serial-line.o)
 .data.rel.local
                0x000000000002f6cc       0x10 build/cooja/mtype791.a(serial-line.o)
                0x000000000002f6cc                serial_line_process
 .data          0x000000000002f6dc        0x0 build/cooja/mtype791.a(gpio-hal.o)
 .data.rel.local
                0x000000000002f6dc        0x4 build/cooja/mtype791.a(gpio-hal.o)
 .data          0x000000000002f6e0        0x0 build/cooja/mtype791.a(queuebuf.o)
 .data.rel.local
                0x000000000002f6e0       0x18 build/cooja/mtype791.a(queuebuf.o)
 .data          0x000000000002f6f8        0x0 build/cooja/mtype791.a(packetbuf.o)
 .data.rel.local
                0x000000000002f6f8        0x4 build/cooja/mtype791.a(packetbuf.o)
 .data          0x000000000002f6fc        0x0 build/cooja/mtype791.a(netstack.o)
 .data.rel.local
                0x000000000002f6fc        0x4 build/cooja/mtype791.a(netstack.o)
 .data          0x000000000002f700        0x0 build/cooja/mtype791.a(linkaddr.o)
 .data          0x000000000002f700        0x0 build/cooja/mtype791.a(csma.o)
 .data          0x000000000002f700        0x0 build/cooja/mtype791.a(csma-output.o)
 .data.rel.local
                0x000000000002f700       0x28 build/cooja/mtype791.a(csma-output.o)
 .data          0x000000000002f728        0x0 build/cooja/mtype791.a(uip-ds6.o)
 .data          0x000000000002f728        0x0 build/cooja/mtype791.a(tcpip.o)
 .data.rel.local
                0x000000000002f728       0x10 build/cooja/mtype791.a(tcpip.o)
                0x000000000002f728                tcpip_process
 .data          0x000000000002f738        0x0 build/cooja/mtype791.a(uip-ds6-route.o)
 .data.rel.local
                0x000000000002f738       0x10 build/cooja/mtype791.a(uip-ds6-route.o)
 .data          0x000000000002f748        0x0 build/cooja/mtype791.a(uip-ds6-nbr.o)
 .data.rel.local
                0x000000000002f748       0x14 build/cooja/mtype791.a(uip-ds6-nbr.o)
 .data          0x000000000002f75c        0x0 build/cooja/mtype791.a(uip6.o)
 .data          0x000000000002f75c        0x0 build/cooja/mtype791.a(uip-nd6.o)
 .data.rel.local
                0x000000000002f75c        0xc build/cooja/mtype791.a(uip-nd6.o)
 .data          0x000000000002f768        0x0 build/cooja/mtype791.a(simple-udp.o)
 .data.rel.local
                0x000000000002f768       0x10 build/cooja/mtype791.a(simple-udp.o)
                0x000000000002f768                simple_udp_process
 .data          0x000000000002f778        0x0 build/cooja/mtype791.a(sicslowpan.o)
 .data          0x000000000002f778        0x0 build/cooja/mtype791.a(uiplib.o)
 .data          0x000000000002f778        0x0 build/cooja/mtype791.a(rpl.o)
 .data          0x000000000002f778        0x0 build/cooja/mtype791.a(rpl-icmp6.o)
 .data.rel.local
                0x000000000002f778       0x30 build/cooja/mtype791.a(rpl-icmp6.o)
 .data          0x000000000002f7a8        0x0 build/cooja/mtype791.a(rpl-dag-root.o)
 .data          0x000000000002f7a8        0x0 build/cooja/mtype791.a(watchdog.o)
 .data          0x000000000002f7a8        0x0 build/cooja/mtype791.a(int-master.o)
 .data          0x000000000002f7a8        0x0 build/cooja/mtype791.a(stimer.o)
 .data          0x000000000002f7a8        0x0 build/cooja/mtype791.a(memb.o)
 .data          0x000000000002f7a8        0x0 build/cooja/mtype791.a(assert.o)
 .data          0x000000000002f7a8        0x0 build/cooja/mtype791.a(ringbuf.o)
 .data          0x000000000002f7a8        0x0 build/cooja/mtype791.a(nbr-table.o)
 .data.rel.local
                0x000000000002f7a8       0x10 build/cooja/mtype791.a(nbr-table.o)
 .data          0x000000000002f7b8        0x0 build/cooja/mtype791.a(link-stats.o)
 .data.rel.local
                0x000000000002f7b8       0x14 build/cooja/mtype791.a(link-stats.o)
 .data          0x000000000002f7cc        0x0 build/cooja/mtype791.a(mac-sequence.o)
 .data          0x000000000002f7cc        0x0 build/cooja/mtype791.a(mac.o)
 .data          0x000000000002f7cc        0x0 build/cooja/mtype791.a(framer-802154.o)
 .data          0x000000000002f7cc        0x2 build/cooja/mtype791.a(frame802154.o)
 .data          0x000000000002f7ce        0x0 build/cooja/mtype791.a(csma-security.o)
 .data          0x000000000002f7ce        0x0 build/cooja/mtype791.a(uipbuf.o)
 .data          0x000000000002f7ce        0x0 build/cooja/mtype791.a(uip-icmp6.o)
 *fill*         0x000000000002f7ce        0x2 
 .data.rel.local
                0x000000000002f7d0       0x20 build/cooja/mtype791.a(uip-icmp6.o)
 .data          0x000000000002f7f0        0x0 build/cooja/mtype791.a(uip-sr.o)
 .data.rel.local
                0x000000000002f7f0       0x10 build/cooja/mtype791.a(uip-sr.o)
 .data          0x000000000002f800        0x0 build/cooja/mtype791.a(uip-packetqueue)
 .data.rel.local
                0x000000000002f800        0xc build/cooja/mtype791.a(uip-packetqueue)
 .data          0x000000000002f80c        0x0 build/cooja/mtype791.a(uip-udp-packet.)
 .data          0x000000000002f80c        0x0 build/cooja/mtype791.a(rpl-nbr-policy.)
 .data          0x000000000002f80c        0x0 build/cooja/mtype791.a(rpl-neighbor.o)
 .data.rel.local
                0x000000000002f80c       0x14 build/cooja/mtype791.a(rpl-neighbor.o)
                0x000000000002f81c                rpl_neighbors
 .data          0x000000000002f820        0x0 build/cooja/mtype791.a(rpl-dag.o)
 .data          0x000000000002f820        0x0 build/cooja/mtype791.a(rpl-timers.o)
 .data          0x000000000002f820        0x0 build/cooja/mtype791.a(rpl-ext-header.)
 .data          0x000000000002f820        0x0 build/cooja/mtype791.a(rpl-mrhof.o)
 .data.rel.local
                0x000000000002f820       0x24 build/cooja/mtype791.a(rpl-mrhof.o)
                0x000000000002f820                rpl_mrhof
 .data          0x000000000002f844        0x0 /usr/lib/i386-linux-gnu/libc_nonshared.a(stack_chk_fail_local.oS)
 .data          0x000000000002f844        0x0 /usr/lib/gcc/i686-linux-gnu/7/crtendS.o
 .data          0x000000000002f844        0x0 /usr/lib/gcc/i686-linux-gnu/7/../../../i386-linux-gnu/crtn.o

.tm_clone_table
                0x000000000002f844        0x0
 .tm_clone_table
                0x000000000002f844        0x0 /usr/lib/gcc/i686-linux-gnu/7/crtbeginS.o
 .tm_clone_table
                0x000000000002f844        0x0 /usr/lib/gcc/i686-linux-gnu/7/crtendS.o

.data1
 *(.data1)
                0x000000000002f844                _edata = .
                [!provide]                        PROVIDE (edata = .)
                0x000000000002f844                . = .
                0x000000000002f844                __bss_start = .

.bss            0x000000000002f860    0x13d04
 *(.dynbss)
 .dynbss        0x000000000002f860        0x0 /usr/lib/gcc/i686-linux-gnu/7/../../../i386-linux-gnu/crti.o
 *(.bss .bss.* .gnu.linkonce.b.*)
 .bss           0x000000000002f860        0x0 /usr/lib/gcc/i686-linux-gnu/7/../../../i386-linux-gnu/crti.o
 .bss           0x000000000002f860        0x1 /usr/lib/gcc/i686-linux-gnu/7/crtbeginS.o
 *fill*         0x000000000002f861       0x1f 
 .bss           0x000000000002f880       0x60 sensor-node.o
 .bss           0x000000000002f8e0     0x2040 build/cooja/mtype791.o
 .bss           0x0000000000031920        0x1 build/cooja/mtype791.a(simEnvChange.o)
                0x0000000000031920                simDontFallAsleep
 *fill*         0x0000000000031921        0x3 
 .bss           0x0000000000031924        0x4 build/cooja/mtype791.a(cooja_mt.o)
 .bss           0x0000000000031928        0x4 build/cooja/mtype791.a(cooja_mtarch.o)
 .bss           0x000000000003192c        0x0 build/cooja/mtype791.a(rtimer-arch.o)
 .bss           0x000000000003192c        0x0 build/cooja/mtype791.a(beep.o)
 .bss           0x000000000003192c        0x1 build/cooja/mtype791.a(leds-arch.o)
                0x000000000003192c                simLedsValue
 .bss           0x000000000003192d        0x0 build/cooja/mtype791.a(moteid.o)
 .bss           0x000000000003192d        0x1 build/cooja/mtype791.a(pir-sensor.o)
                0x000000000003192d                simPirValue
 *fill*         0x000000000003192e        0x2 
 .bss           0x0000000000031930        0x4 build/cooja/mtype791.a(rs232.o)
 .bss           0x0000000000031934        0x1 build/cooja/mtype791.a(vib-sensor.o)
                0x0000000000031934                simVibValue
 .bss           0x0000000000031935        0x0 build/cooja/mtype791.a(clock.o)
 *fill*         0x0000000000031935        0xb 
 .bss           0x0000000000031940     0x2020 build/cooja/mtype791.a(cooja-log.o)
 .bss           0x0000000000033960      0xfc0 build/cooja/mtype791.a(cfs-cooja.o)
                0x0000000000033960                simCFSData
                0x0000000000034900                simCFSSize
                0x0000000000034904                simCFSChanged
                0x0000000000034908                simCFSRead
                0x000000000003490c                simCFSWritten
 .bss           0x0000000000034920       0x24 build/cooja/mtype791.a(cooja-radio.o)
                0x0000000000034920                simReceiving
                0x0000000000034924                simInSize
                0x0000000000034928                simLastPacketTimestamp
                0x0000000000034930                simOutSize
 .bss           0x0000000000034944        0xc build/cooja/mtype791.a(eeprom.o)
                0x0000000000034944                simEEPROMChanged
                0x0000000000034948                simEEPROMRead
                0x000000000003494c                simEEPROMWritten
 .bss           0x0000000000034950        0x0 build/cooja/mtype791.a(random.o)
 .bss           0x0000000000034950        0xc build/cooja/mtype791.a(sensors.o)
 .bss           0x000000000003495c        0x0 build/cooja/mtype791.a(leds.o)
 .bss           0x000000000003495c       0x24 build/cooja/mtype791.a(gpio-hal-arch.o)
 .bss           0x0000000000034980        0x0 build/cooja/mtype791.a(buttons.o)
 .bss           0x0000000000034980        0x0 build/cooja/mtype791.a(contiki-main.o)
 .bss           0x0000000000034980        0x0 build/cooja/mtype791.a(autostart.o)
 .bss           0x0000000000034980        0x5 build/cooja/mtype791.a(ctimer.o)
 .bss           0x0000000000034985        0x0 build/cooja/mtype791.a(energest.o)
 *fill*         0x0000000000034985        0x3 
 .bss           0x0000000000034988        0x8 build/cooja/mtype791.a(etimer.o)
 .bss           0x0000000000034990       0x28 build/cooja/mtype791.a(log.o)
                0x0000000000034990                curr_log_level_tcpip
                0x0000000000034994                curr_log_level_ipv6
                0x0000000000034998                curr_log_level_6lowpan
                0x000000000003499c                curr_log_level_nullnet
                0x00000000000349a0                curr_log_level_mac
                0x00000000000349a4                curr_log_level_framer
                0x00000000000349a8                curr_log_level_6top
                0x00000000000349ac                curr_log_level_coap
                0x00000000000349b0                curr_log_level_snmp
                0x00000000000349b4                curr_log_level_lwm2m
 .bss           0x00000000000349b8        0x4 build/cooja/mtype791.a(rtimer.o)
 .bss           0x00000000000349bc        0x2 build/cooja/mtype791.a(node-id.o)
                0x00000000000349bc                node_id
 *fill*         0x00000000000349be        0x2 
 .bss           0x00000000000349c0      0x1a1 build/cooja/mtype791.a(process.o)
                0x00000000000349c0                process_list
                0x00000000000349c4                process_current
 .bss           0x0000000000034b61        0x0 build/cooja/mtype791.a(timer.o)
 .bss           0x0000000000034b61        0x0 build/cooja/mtype791.a(list.o)
 *fill*         0x0000000000034b61        0x3 
 .bss           0x0000000000034b64       0x10 build/cooja/mtype791.a(button-hal.o)
 *fill*         0x0000000000034b74        0xc 
 .bss           0x0000000000034b80      0x140 build/cooja/mtype791.a(serial-line.o)
 .bss           0x0000000000034cc0        0x4 build/cooja/mtype791.a(gpio-hal.o)
 *fill*         0x0000000000034cc4       0x1c 
 .bss           0x0000000000034ce0     0x2c80 build/cooja/mtype791.a(queuebuf.o)
 .bss           0x0000000000037960       0xa0 build/cooja/mtype791.a(packetbuf.o)
 .bss           0x0000000000037a00        0x4 build/cooja/mtype791.a(netstack.o)
 .bss           0x0000000000037a04        0x0 build/cooja/mtype791.a(linkaddr.o)
 .bss           0x0000000000037a04        0x0 build/cooja/mtype791.a(csma.o)
 *fill*         0x0000000000037a04       0x1c 
 .bss           0x0000000000037a20      0x726 build/cooja/mtype791.a(csma-output.o)
 *fill*         0x0000000000038146        0x2 
 .bss           0x0000000000038148       0x30 build/cooja/mtype791.a(uip-ds6.o)
 .bss           0x0000000000038178       0x10 build/cooja/mtype791.a(tcpip.o)
 *fill*         0x0000000000038188       0x18 
 .bss           0x00000000000381a0       0x60 build/cooja/mtype791.a(uip-ds6-route.o)
 .bss           0x0000000000038200     0x1c20 build/cooja/mtype791.a(uip-ds6-nbr.o)
 .bss           0x0000000000039e20        0x8 build/cooja/mtype791.a(uip6.o)
                0x0000000000039e20                uip_ext_bitmap
                0x0000000000039e22                uip_ext_len
                0x0000000000039e24                uip_last_proto
 .bss           0x0000000000039e28       0x10 build/cooja/mtype791.a(uip-nd6.o)
 *fill*         0x0000000000039e38        0x8 
 .bss           0x0000000000039e40      0x520 build/cooja/mtype791.a(simple-udp.o)
 .bss           0x000000000003a360      0x724 build/cooja/mtype791.a(sicslowpan.o)
 .bss           0x000000000003aa84        0x0 build/cooja/mtype791.a(uiplib.o)
 .bss           0x000000000003aa84        0x1 build/cooja/mtype791.a(rpl.o)
 .bss           0x000000000003aa85        0x0 build/cooja/mtype791.a(rpl-icmp6.o)
 *fill*         0x000000000003aa85        0x3 
 .bss           0x000000000003aa88       0x11 build/cooja/mtype791.a(rpl-dag-root.o)
 .bss           0x000000000003aa99        0x0 build/cooja/mtype791.a(watchdog.o)
 *fill*         0x000000000003aa99        0x3 
 .bss           0x000000000003aa9c        0x4 build/cooja/mtype791.a(int-master.o)
 .bss           0x000000000003aaa0        0x0 build/cooja/mtype791.a(stimer.o)
 .bss           0x000000000003aaa0        0x0 build/cooja/mtype791.a(memb.o)
 .bss           0x000000000003aaa0        0x0 build/cooja/mtype791.a(assert.o)
 .bss           0x000000000003aaa0        0x0 build/cooja/mtype791.a(ringbuf.o)
 .bss           0x000000000003aaa0     0x1214 build/cooja/mtype791.a(nbr-table.o)
 *fill*         0x000000000003bcb4        0xc 
 .bss           0x000000000003bcc0      0xe10 build/cooja/mtype791.a(link-stats.o)
 *fill*         0x000000000003cad0       0x10 
 .bss           0x000000000003cae0      0x100 build/cooja/mtype791.a(mac-sequence.o)
 .bss           0x000000000003cbe0        0x0 build/cooja/mtype791.a(mac.o)
 .bss           0x000000000003cbe0        0x2 build/cooja/mtype791.a(framer-802154.o)
 .bss           0x000000000003cbe2        0x0 build/cooja/mtype791.a(frame802154.o)
 .bss           0x000000000003cbe2        0x0 build/cooja/mtype791.a(csma-security.o)
 *fill*         0x000000000003cbe2        0x2 
 .bss           0x000000000003cbe4       0x20 build/cooja/mtype791.a(uipbuf.o)
 .bss           0x000000000003cc04       0x18 build/cooja/mtype791.a(uip-icmp6.o)
 *fill*         0x000000000003cc1c        0x4 
 .bss           0x000000000003cc20     0x1d80 build/cooja/mtype791.a(uip-sr.o)
 .bss           0x000000000003e9a0      0xa78 build/cooja/mtype791.a(uip-packetqueue)
 .bss           0x000000000003f418        0x0 build/cooja/mtype791.a(uip-udp-packet.)
 .bss           0x000000000003f418        0x0 build/cooja/mtype791.a(rpl-nbr-policy.)
 *fill*         0x000000000003f418        0x8 
 .bss           0x000000000003f420      0x960 build/cooja/mtype791.a(rpl-neighbor.o)
 .bss           0x000000000003fd80        0x0 build/cooja/mtype791.a(rpl-dag.o)
 .bss           0x000000000003fd80       0x40 build/cooja/mtype791.a(rpl-timers.o)
 .bss           0x000000000003fdc0        0x0 build/cooja/mtype791.a(rpl-ext-header.)
 .bss           0x000000000003fdc0        0x0 build/cooja/mtype791.a(rpl-mrhof.o)
 .bss           0x000000000003fdc0        0x0 /usr/lib/i386-linux-gnu/libc_nonshared.a(stack_chk_fail_local.oS)
 .bss           0x000000000003fdc0        0x0 /usr/lib/gcc/i686-linux-gnu/7/crtendS.o
 .bss           0x000000000003fdc0        0x0 /usr/lib/gcc/i686-linux-gnu/7/../../../i386-linux-gnu/crtn.o
 *(COMMON)
 COMMON         0x000000000003fdc0        0x8 build/cooja/mtype791.o
                0x000000000003fdc0                referenceVar
                0x000000000003fdc4                sensors_flags
 COMMON         0x000000000003fdc8        0xc build/cooja/mtype791.a(simEnvChange.o)
                0x000000000003fdc8                simEtimerPending
                0x000000000003fdcc                simProcessRunValue
                0x000000000003fdd0                simEtimerNextExpirationTime
 *fill*         0x000000000003fdd4        0x4 
 COMMON         0x000000000003fdd8       0x18 build/cooja/mtype791.a(rtimer-arch.o)
                0x000000000003fdd8                simRtimerPending
                0x000000000003fde0                simRtimerCurrentTicks
                0x000000000003fde8                simRtimerNextExpirationTime
 COMMON         0x000000000003fdf0        0x1 build/cooja/mtype791.a(beep.o)
                0x000000000003fdf0                simBeeped
 *fill*         0x000000000003fdf1        0x3 
 COMMON         0x000000000003fdf4        0xc build/cooja/mtype791.a(moteid.o)
                0x000000000003fdf4                simRandomSeed
                0x000000000003fdf8                simMoteIDChanged
                0x000000000003fdfc                simMoteID
 COMMON         0x000000000003fe00        0x2 build/cooja/mtype791.a(pir-sensor.o)
                0x000000000003fe00                simPirIsActive
                0x000000000003fe01                simPirChanged
 *fill*         0x000000000003fe02       0x1e 
 COMMON         0x000000000003fe20      0x820 build/cooja/mtype791.a(rs232.o)
                0x000000000003fe20                simSerialReceivingFlag
                0x000000000003fe24                simSerialReceivingLength
                0x000000000003fe40                simSerialReceivingData
 COMMON         0x0000000000040640        0x2 build/cooja/mtype791.a(vib-sensor.o)
                0x0000000000040640                simVibChanged
                0x0000000000040641                simVibIsActive
 *fill*         0x0000000000040642        0x2 
 COMMON         0x0000000000040644        0x4 build/cooja/mtype791.a(clock.o)
                0x0000000000040644                simCurrentTime
 *fill*         0x0000000000040648       0x18 
 COMMON         0x0000000000040660     0x2020 build/cooja/mtype791.a(cooja-log.o)
                0x0000000000040660                simLoggedLength
                0x0000000000040664                simLoggedFlag
                0x0000000000040680                simLoggedData