Archive member included to satisfy reference by file (symbol)

build/cooja/mtype440.a(simEnvChange.o)
                              build/cooja/mtype440.o (simDontFallAsleep)
build/cooja/mtype440.a(cooja_mt.o)
                              build/cooja/mtype440.o (cooja_mt_start)
build/cooja/mtype440.a(cooja_mtarch.o)
                              build/cooja/mtype440.a(cooja_mt.o) (cooja_mtarch_start)
build/cooja/mtype440.a(rtimer-arch.o)
                              build/cooja/mtype440.o (rtimer_arch_check)
build/cooja/mtype440.a(beep.o)
                              build/cooja/mtype440.o (beep_interface)
build/cooja/mtype440.a(leds-arch.o)
                              build/cooja/mtype440.o (leds_interface)
build/cooja/mtype440.a(moteid.o)
                              build/cooja/mtype440.o (moteid_interface)
build/cooja/mtype440.a(pir-sensor.o)
                              build/cooja/mtype440.o (pir_interface)
build/cooja/mtype440.a(rs232.o)
                              build/cooja/mtype440.o (rs232_interface)
build/cooja/mtype440.a(vib-sensor.o)
                              build/cooja/mtype440.o (vib_interface)
build/cooja/mtype440.a(clock.o)
                              build/cooja/mtype440.o (clock_interface)
build/cooja/mtype440.a(cooja-log.o)
                              build/cooja/mtype440.o (simlog_interface)
build/cooja/mtype440.a(cfs-cooja.o)
                              build/cooja/mtype440.o (cfs_interface)
build/cooja/mtype440.a(cooja-radio.o)
                              build/cooja/mtype440.o (radio_interface)
build/cooja/mtype440.a(eeprom.o)
                              build/cooja/mtype440.o (eeprom_interface)
build/cooja/mtype440.a(random.o)
                              build/cooja/mtype440.a(moteid.o) (random_init)
build/cooja/mtype440.a(sensors.o)
                              build/cooja/mtype440.a(pir-sensor.o) (sensors_changed)
build/cooja/mtype440.a(leds.o)
                              build/cooja/mtype440.a(leds-arch.o) (leds_get)
build/cooja/mtype440.a(gpio-hal-arch.o)
                              build/cooja/mtype440.a(leds-arch.o) (gpio_hal_arch_register_pin_callback)
build/cooja/mtype440.a(buttons.o)
                              build/cooja/mtype440.o (button_interface)
build/cooja/mtype440.a(res-battery.o)
                              coap-server.o (res_battery)
build/cooja/mtype440.a(res-temperature)
                              coap-server.o (res_temperature)
build/cooja/mtype440.a(coap-engine.o)
                              coap-server.o (coap_activate_resource)
build/cooja/mtype440.a(coap-observe.o)
                              build/cooja/mtype440.a(coap-engine.o) (coap_remove_observer_by_mid)
build/cooja/mtype440.a(coap-transactio)
                              build/cooja/mtype440.a(coap-engine.o) (coap_send_transaction)
build/cooja/mtype440.a(coap-res-well-k)
                              build/cooja/mtype440.a(coap-engine.o) (res_well_known_core)
build/cooja/mtype440.a(coap.o)
                              build/cooja/mtype440.a(coap-engine.o) (coap_status_code)
build/cooja/mtype440.a(coap-uip.o)
                              build/cooja/mtype440.a(coap-observe.o) (coap_endpoint_copy)
build/cooja/mtype440.a(coap-timer.o)
                              build/cooja/mtype440.a(coap-transactio) (coap_timer_stop)
build/cooja/mtype440.a(contiki-main.o)
                              build/cooja/mtype440.o (main)
build/cooja/mtype440.a(autostart.o)
                              build/cooja/mtype440.a(contiki-main.o) (autostart_start)
build/cooja/mtype440.a(ctimer.o)
                              build/cooja/mtype440.a(contiki-main.o) (ctimer_init)
build/cooja/mtype440.a(energest.o)
                              build/cooja/mtype440.a(contiki-main.o) (energest_init)
build/cooja/mtype440.a(etimer.o)
                              build/cooja/mtype440.a(contiki-main.o) (etimer_process)
build/cooja/mtype440.a(log.o)
                              build/cooja/mtype440.a(contiki-main.o) (curr_log_level_main)
build/cooja/mtype440.a(rtimer.o)
                              build/cooja/mtype440.a(contiki-main.o) (rtimer_init)
build/cooja/mtype440.a(node-id.o)
                              build/cooja/mtype440.a(contiki-main.o) (node_id)
build/cooja/mtype440.a(process.o)
                              coap-server.o (process_current)
build/cooja/mtype440.a(timer.o)
                              build/cooja/mtype440.a(etimer.o) (timer_set)
build/cooja/mtype440.a(list.o)
                              build/cooja/mtype440.a(coap-engine.o) (list_init)
build/cooja/mtype440.a(memb.o)
                              build/cooja/mtype440.a(coap-observe.o) (memb_alloc)
build/cooja/mtype440.a(button-hal.o)
                              build/cooja/mtype440.o (button_hal_init)
build/cooja/mtype440.a(serial-line.o)
                              build/cooja/mtype440.a(rs232.o) (serial_line_input_byte)
build/cooja/mtype440.a(gpio-hal.o)
[...]
Memory Configuration

Name             Origin             Length             Attributes
*default*        0x0000000000000000 0xffffffffffffffff

Linker script and memory map

LOAD /usr/lib/gcc/i686-linux-gnu/7/../../../i386-linux-gnu/crti.o
LOAD /usr/lib/gcc/i686-linux-gnu/7/crtbeginS.o
LOAD coap-server.o
LOAD build/cooja/mtype440.o
LOAD build/cooja/obj/virtual-sensor.o
LOAD build/cooja/mtype440.a
LOAD /usr/lib/gcc/i686-linux-gnu/7/libgcc.a
LOAD /usr/lib/gcc/i686-linux-gnu/7/libgcc_s.so
START GROUP
LOAD /usr/lib/gcc/i686-linux-gnu/7/libgcc_s.so.1
LOAD /usr/lib/gcc/i686-linux-gnu/7/libgcc.a
END GROUP
LOAD /usr/lib/gcc/i686-linux-gnu/7/../../../i386-linux-gnu/libc.so
START GROUP
LOAD /lib/i386-linux-gnu/libc.so.6
LOAD /usr/lib/i386-linux-gnu/libc_nonshared.a
LOAD /lib/i386-linux-gnu/ld-linux.so.2
END GROUP
LOAD /usr/lib/gcc/i686-linux-gnu/7/libgcc.a
LOAD /usr/lib/gcc/i686-linux-gnu/7/libgcc_s.so
START GROUP
LOAD /usr/lib/gcc/i686-linux-gnu/7/libgcc_s.so.1
LOAD /usr/lib/gcc/i686-linux-gnu/7/libgcc.a
END GROUP
LOAD /usr/lib/gcc/i686-linux-gnu/7/crtendS.o
LOAD /usr/lib/gcc/i686-linux-gnu/7/../../../i386-linux-gnu/crtn.o
                0x0000000000000114                . = (SEGMENT_START ("text-segment", 0x0) + SIZEOF_HEADERS)

.note.gnu.build-id
                0x0000000000000114       0x24
 *(.note.gnu.build-id)
 .note.gnu.build-id
                0x0000000000000114       0x24 /usr/lib/gcc/i686-linux-gnu/7/../../../i386-linux-gnu/crti.o

.hash
 *(.hash)

.gnu.hash       0x0000000000000138     0x15a0
 *(.gnu.hash)
 .gnu.hash      0x0000000000000138     0x15a0 /usr/lib/gcc/i686-linux-gnu/7/../../../i386-linux-gnu/crti.o

.dynsym         0x00000000000016d8     0x2ef0
 *(.dynsym)
 .dynsym        0x00000000000016d8     0x2ef0 /usr/lib/gcc/i686-linux-gnu/7/../../../i386-linux-gnu/crti.o

.dynstr         0x00000000000045c8     0x369e
 *(.dynstr)
 .dynstr        0x00000000000045c8     0x369e /usr/lib/gcc/i686-linux-gnu/7/../../../i386-linux-gnu/crti.o

.gnu.version    0x0000000000007c66      0x5de
 *(.gnu.version)
 .gnu.version   0x0000000000007c66      0x5de /usr/lib/gcc/i686-linux-gnu/7/../../../i386-linux-gnu/crti.o

.gnu.version_d  0x0000000000008244        0x0
 *(.gnu.version_d)
 .gnu.version_d
                0x0000000000008244        0x0 /usr/lib/gcc/i686-linux-gnu/7/../../../i386-linux-gnu/crti.o

.gnu.version_r  0x0000000000008244       0x40
 *(.gnu.version_r)
 .gnu.version_r
                0x0000000000008244       0x40 /usr/lib/gcc/i686-linux-gnu/7/../../../i386-linux-gnu/crti.o

.rel.dyn        0x0000000000008284      0xf10
 *(.rel.init)
 .rel.init      0x0000000000008284        0x0 /usr/lib/gcc/i686-linux-gnu/7/../../../i386-linux-gnu/crti.o
 *(.rel.text .rel.text.* .rel.gnu.linkonce.t.*)
 .rel.text      0x0000000000008284      0x568 /usr/lib/gcc/i686-linux-gnu/7/../../../i386-linux-gnu/crti.o
 *(.rel.fini)
 .rel.fini      0x00000000000087ec        0x0 /usr/lib/gcc/i686-linux-gnu/7/../../../i386-linux-gnu/crti.o
 *(.rel.rodata .rel.rodata.* .rel.gnu.linkonce.r.*)
 *(.rel.data.rel.ro .rel.data.rel.ro.* .rel.gnu.linkonce.d.rel.ro.*)
 .rel.data.rel.ro.local
                0x00000000000087ec      0x220 /usr/lib/gcc/i686-linux-gnu/7/../../../i386-linux-gnu/crti.o
 .rel.data.rel.ro
                0x0000000000008a0c       0xb0 /usr/lib/gcc/i686-linux-gnu/7/../../../i386-linux-gnu/crti.o
 *(.rel.data .rel.data.* .rel.gnu.linkonce.d.*)
 .rel.data.rel.local
                0x0000000000008abc      0x390 /usr/lib/gcc/i686-linux-gnu/7/../../../i386-linux-gnu/crti.o
 .rel.data.rel  0x0000000000008e4c       0x78 /usr/lib/gcc/i686-linux-gnu/7/../../../i386-linux-gnu/crti.o
 *(.rel.tdata .rel.tdata.* .rel.gnu.linkonce.td.*)
 *(.rel.tbss .rel.tbss.* .rel.gnu.linkonce.tb.*)
 *(.rel.ctors)
 *(.rel.dtors)
 *(.rel.got)
 .rel.got       0x0000000000008ec4      0x2c0 /usr/lib/gcc/i686-linux-gnu/7/../../../i386-linux-gnu/crti.o
 *(.rel.bss .rel.bss.* .rel.gnu.linkonce.b.*)
 *(.rel.ifunc)
 .rel.ifunc     0x0000000000009184        0x0 /usr/lib/gcc/i686-linux-gnu/7/../../../i386-linux-gnu/crti.o
 .rel.fini_array
                0x0000000000009184        0x8 /usr/lib/gcc/i686-linux-gnu/7/../../../i386-linux-gnu/crti.o
 .rel.init_array
                0x000000000000918c        0x8 /usr/lib/gcc/i686-linux-gnu/7/../../../i386-linux-gnu/crti.o

.rel.plt        0x0000000000009194      0xa98
 *(.rel.plt)
 .rel.plt       0x0000000000009194      0xa98 /usr/lib/gcc/i686-linux-gnu/7/../../../i386-linux-gnu/crti.o
 *(.rel.iplt)

.init           0x0000000000009c2c       0x23
 *(SORT_NONE(.init))
 .init          0x0000000000009c2c       0x1e /usr/lib/gcc/i686-linux-gnu/7/../../../i386-linux-gnu/crti.o
                0x0000000000009c2c                _init
 .init          0x0000000000009c4a        0x5 /usr/lib/gcc/i686-linux-gnu/7/../../../i386-linux-gnu/crtn.o

.plt            0x0000000000009c50     0x1540
 *(.plt)
 .plt           0x0000000000009c50     0x1540 /usr/lib/gcc/i686-linux-gnu/7/../../../i386-linux-gnu/crti.o
 *(.iplt)

.plt.got        0x000000000000b190       0x18
 *(.plt.got)
 .plt.got       0x000000000000b190       0x18 /usr/lib/gcc/i686-linux-gnu/7/../../../i386-linux-gnu/crti.o

.plt.sec
 *(.plt.sec)

.text           0x000000000000b1b0    0x1c794
 *(.text.unlikely .text.*_unlikely .text.unlikely.*)
 *(.text.exit .text.exit.*)
 *(.text.startup .text.startup.*)
 *(.text.hot .text.hot.*)
 *(.text .stub .text.* .gnu.linkonce.t.*)
 .text          0x000000000000b1b0        0x0 /usr/lib/gcc/i686-linux-gnu/7/../../../i386-linux-gnu/crti.o
 .gnu.linkonce.t.__x86.get_pc_thunk.bx
                0x000000000000b1b0        0x4 /usr/lib/gcc/i686-linux-gnu/7/../../../i386-linux-gnu/crti.o
                0x000000000000b1b0                __x86.get_pc_thunk.bx
 *fill*         0x000000000000b1b4        0xc 
 .text          0x000000000000b1c0       0xe9 /usr/lib/gcc/i686-linux-gnu/7/crtbeginS.o
 .text.__x86.get_pc_thunk.dx
                0x000000000000b2a9        0x4 /usr/lib/gcc/i686-linux-gnu/7/crtbeginS.o
                0x000000000000b2a9                __x86.get_pc_thunk.dx
 .text          0x000000000000b2ad      0x10b coap-server.o
 .text          0x000000000000b3b8      0x36b build/cooja/mtype440.o
                0x000000000000b46a                platform_init_stage_one
                0x000000000000b48d                platform_init_stage_two
                0x000000000000b4b0                platform_init_stage_three
                0x000000000000b4d3                platform_main_loop
                0x000000000000b579                Java_org_contikios_cooja_corecomm_Lib2_init
                0x000000000000b5c7                Java_org_contikios_cooja_corecomm_Lib2_getMemory
                0x000000000000b607                Java_org_contikios_cooja_corecomm_Lib2_setMemory
                0x000000000000b678                Java_org_contikios_cooja_corecomm_Lib2_tick
                0x000000000000b702                Java_org_contikios_cooja_corecomm_Lib2_setReferenceAddress
 .text.__x86.get_pc_thunk.ax
                0x000000000000b723        0x4 build/cooja/mtype440.o
                0x000000000000b723                __x86.get_pc_thunk.ax
 .text          0x000000000000b727       0xbc build/cooja/obj/virtual-sensor.o
                0x000000000000b727                random_value
                0x000000000000b761                read_temperature
                0x000000000000b7a0                read_humidity
 .text          0x000000000000b7e3       0x8d build/cooja/mtype440.a(simEnvChange.o)
                0x000000000000b7e3                doActionsBeforeTick
                0x000000000000b829                doActionsAfterTick
 .text          0x000000000000b870       0xb6 build/cooja/mtype440.a(cooja_mt.o)
                0x000000000000b870                cooja_mt_start
                0x000000000000b8aa                cooja_mt_exec
                0x000000000000b8f1                cooja_mt_yield
 .text          0x000000000000b926       0xf2 build/cooja/mtype440.a(cooja_mtarch.o)
                0x000000000000b926                cooja_mtarch_start
                0x000000000000b9aa                cooja_sw
                0x000000000000b9d8                cooja_mtarch_exec
                0x000000000000ba03                cooja_mtarch_yield
 .text          0x000000000000ba18      0x127 build/cooja/mtype440.a(rtimer-arch.o)
                0x000000000000ba18                rtimer_arch_init
                0x000000000000ba47                rtimer_arch_schedule
                0x000000000000ba89                rtimer_arch_next
                0x000000000000baa3                rtimer_arch_pending
                0x000000000000baba                rtimer_arch_check
                0x000000000000bb25                rtimer_arch_now
 .text.__x86.get_pc_thunk.cx
                0x000000000000bb3f        0x4 build/cooja/mtype440.a(rtimer-arch.o)
                0x000000000000bb3f                __x86.get_pc_thunk.cx
 .text          0x000000000000bb43      0x101 build/cooja/mtype440.a(beep.o)
                0x000000000000bb43                beep_alarm
                0x000000000000bb5c                beep_beep
                0x000000000000bb75                beep
                0x000000000000bb8e                beep_down
                0x000000000000bba7                beep_on
                0x000000000000bbc0                beep_off
                0x000000000000bbd9                beep_spinup
                0x000000000000bbf2                beep_quick
                0x000000000000bc0b                beep_long
 .text          0x000000000000bc44       0x9f build/cooja/mtype440.a(leds-arch.o)
                0x000000000000bc68                leds_arch_init
 .text          0x000000000000bce3       0x56 build/cooja/mtype440.a(moteid.o)
 .text          0x000000000000bd39      0x101 build/cooja/mtype440.a(pir-sensor.o)
 .text          0x000000000000be3a      0x1cc build/cooja/mtype440.a(rs232.o)
                0x000000000000be3a                rs232_init
                0x000000000000be4a                rs232_set_speed
                0x000000000000be63                rs232_set_input
                0x000000000000be7c                rs232_send
                0x000000000000beb2                rs232_print
                0x000000000000bee0                slip_arch_writeb
 .text          0x000000000000c006      0x101 build/cooja/mtype440.a(vib-sensor.o)
 .text          0x000000000000c107       0x7a build/cooja/mtype440.a(clock.o)
                0x000000000000c107                clock_init
                0x000000000000c117                clock_time
                0x000000000000c12e                clock_seconds
                0x000000000000c151                clock_delay
 .text          0x000000000000c181      0x2b5 build/cooja/mtype440.a(cooja-log.o)
                0x000000000000c181                simlog_char
                0x000000000000c1e5                simlog
                0x000000000000c27f                log_message
                0x000000000000c2ce                log_set_putchar_with_slip
                0x000000000000c2e7                log_putchar
                0x000000000000c372                log_puts
                0x000000000000c3a4                log_printf
 .text          0x000000000000c436      0x36c build/cooja/mtype440.a(cfs-cooja.o)
                0x000000000000c436                cfs_open
                0x000000000000c4ae                cfs_close
                0x000000000000c4c5                cfs_read
                0x000000000000c579                cfs_write
                0x000000000000c677                cfs_seek
                0x000000000000c714                cfs_remove
                0x000000000000c74a                cfs_opendir
                0x000000000000c75e                cfs_readdir
                0x000000000000c772                cfs_closedir
 .text          0x000000000000c7a2      0x785 build/cooja/mtype440.a(cooja-radio.o)
                0x000000000000c810                radio_set_channel
                0x000000000000c829                radio_set_txpower
                0x000000000000c84c                radio_signal_strength_last
                0x000000000000c861                radio_signal_strength_current
                0x000000000000c876                radio_LQI
 .text          0x000000000000cf27      0x130 build/cooja/mtype440.a(eeprom.o)
                0x000000000000cf27                eeprom_init
                0x000000000000cf37                eeprom_read
                0x000000000000cfb7                eeprom_write
 .text          0x000000000000d057       0x4e build/cooja/mtype440.a(random.o)
                0x000000000000d057                random_init
                0x000000000000d087                random_rand
 .text          0x000000000000d0a5      0x332 build/cooja/mtype440.a(sensors.o)
                0x000000000000d0ec                sensors_first
                0x000000000000d103                sensors_next
                0x000000000000d12e                sensors_changed
                0x000000000000d17b                sensors_find
 .text          0x000000000000d3d7      0x3fc build/cooja/mtype440.a(leds.o)
                0x000000000000d3d7                leds_init
                0x000000000000d42f                leds_single_on
                0x000000000000d4a7                leds_single_off
                0x000000000000d51f                leds_single_toggle
                0x000000000000d563                leds_on
                0x000000000000d5fb                leds_off
                0x000000000000d693                leds_toggle
                0x000000000000d6f9                leds_set
                0x000000000000d72f                leds_get
 .text          0x000000000000d7d3      0x401 build/cooja/mtype440.a(gpio-hal-arch.o)
                0x000000000000d7d3                gpio_hal_arch_register_pin_callback
                0x000000000000d854                gpio_hal_arch_init
                0x000000000000d8ae                gpio_hal_arch_no_port_interrupt_enable
                0x000000000000d8e8                gpio_hal_arch_no_port_interrupt_disable
                0x000000000000d922                gpio_hal_arch_no_port_pin_cfg_set
                0x000000000000d951                gpio_hal_arch_no_port_pin_cfg_get
                0x000000000000d981                gpio_hal_arch_no_port_pin_set_input
                0x000000000000d99d                gpio_hal_arch_no_port_pin_set_output
                0x000000000000d9b9                gpio_hal_arch_no_port_set_pin
                0x000000000000d9e4                gpio_hal_arch_no_port_clear_pin
                0x000000000000da0f                gpio_hal_arch_no_port_read_pin
                0x000000000000da41                gpio_hal_arch_no_port_write_pin
                0x000000000000da75                gpio_hal_arch_no_port_set_pins
                0x000000000000dac6                gpio_hal_arch_no_port_clear_pins
                0x000000000000db17                gpio_hal_arch_no_port_read_pins
                0x000000000000db6a                gpio_hal_arch_no_port_write_pins
 .text          0x000000000000dbd4       0xc6 build/cooja/mtype440.a(buttons.o)
 .text          0x000000000000dc9a      0x15c build/cooja/mtype440.a(res-battery.o)
 .text          0x000000000000ddf6       0xfa build/cooja/mtype440.a(res-temperature)
 .text          0x000000000000def0      0xd4f build/cooja/mtype440.a(coap-engine.o)
                0x000000000000dfc1                coap_add_handler
                0x000000000000dfef                coap_remove_handler
                0x000000000000e01d                coap_call_handlers
                0x000000000000e144                coap_receive
                0x000000000000e7be                coap_engine_init
                0x000000000000e831                coap_activate_resource
                0x000000000000e8ee                coap_get_first_resource
                0x000000000000e918                coap_get_next_resource
 .text          0x000000000000ec3f      0xa13 build/cooja/mtype440.a(coap-observe.o)
                0x000000000000ed7a                coap_remove_observer
                0x000000000000edbc                coap_remove_observer_by_client
                0x000000000000ee34                coap_remove_observer_by_token
                0x000000000000eed7                coap_remove_observer_by_uri
                0x000000000000ef8e                coap_remove_observer_by_mid
                0x000000000000f01a                coap_notify_observers
                0x000000000000f03d                coap_notify_observers_sub
                0x000000000000f4ae                coap_observe_handler
                0x000000000000f5d9                coap_has_observers
 .text          0x000000000000f652      0x334 build/cooja/mtype440.a(coap-transactio)
                0x000000000000f6e0                coap_new_transaction
                0x000000000000f758                coap_send_transaction
                0x000000000000f8ca                coap_clear_transaction
                0x000000000000f924                coap_get_transaction_by_mid
 .text          0x000000000000f986      0x2ed build/cooja/mtype440.a(coap-res-well-k)
 .text          0x000000000000fc73     0x1f9f build/cooja/mtype440.a(coap.o)
                0x000000000001026e                coap_init_connection
                0x0000000000010293                coap_get_mid
                0x00000000000102ba                coap_init_message
                0x0000000000010313                coap_serialize_message
                0x00000000000109aa                coap_parse_message
                0x00000000000110c6                coap_get_query_variable
                0x0000000000011112                coap_get_post_variable
                0x0000000000011160                coap_set_status_code
                0x000000000001118f                coap_set_token
                0x00000000000111e6                coap_get_header_content_format
                0x0000000000011221                coap_set_header_content_format
                0x000000000001124e                coap_get_header_accept
                0x0000000000011289                coap_set_header_accept
                0x00000000000112b6                coap_get_header_max_age
                0x00000000000112f1                coap_set_header_max_age
                0x000000000001131b                coap_get_header_etag
                0x0000000000011357                coap_set_header_etag
                0x00000000000113be                coap_get_header_if_match
                0x00000000000113fa                coap_set_header_if_match
                0x0000000000011461                coap_get_header_if_none_match
                0x0000000000011485                coap_set_header_if_none_match
                0x00000000000114a6                coap_get_header_proxy_uri
                0x00000000000114de                coap_set_header_proxy_uri
                0x000000000001152b                coap_get_header_uri_host
                0x0000000000011563                coap_set_header_uri_host
                0x00000000000115b0                coap_get_header_uri_path
                0x00000000000115e8                coap_set_header_uri_path
                0x0000000000011646                coap_get_header_uri_query
                0x0000000000011684                coap_set_header_uri_query
                0x00000000000116eb                coap_get_header_location_path
                0x0000000000011723                coap_set_header_location_path
                0x00000000000117cb                coap_get_header_location_query
                0x0000000000011803                coap_set_header_location_query
                0x0000000000011861                coap_get_header_observe
                0x000000000001189a                coap_set_header_observe
                0x00000000000118c4                coap_get_header_block2
                0x000000000001193a                coap_set_header_block2
                0x00000000000119bb                coap_get_header_block1
                0x0000000000011a3a                coap_set_header_block1
                0x0000000000011abf                coap_get_header_size2
                0x0000000000011af9                coap_set_header_size2
                0x0000000000011b26                coap_get_header_size1
                0x0000000000011b60                coap_set_header_size1
                0x0000000000011b8d                coap_get_payload
                0x0000000000011bd1                coap_set_payload
 .text          0x0000000000011c12      0x84c build/cooja/mtype440.a(coap-uip.o)
                0x0000000000011c12                coap_endpoint_log
                0x0000000000011caf                coap_endpoint_print
                0x0000000000011d4c                coap_endpoint_snprint
                0x0000000000011e95                coap_endpoint_copy
                0x0000000000011edc                coap_endpoint_cmp
                0x000000000001200d                coap_endpoint_parse
                0x000000000001221e                coap_endpoint_is_secure
                0x0000000000012237                coap_endpoint_is_connected
                0x000000000001227b                coap_endpoint_connect
                0x00000000000122a1                coap_endpoint_disconnect
                0x00000000000122b1                coap_databuf
                0x00000000000122c8                coap_transport_init
                0x000000000001233e                coap_sendto
 .text          0x000000000001245e      0x3ad build/cooja/mtype440.a(coap-timer.o)
                0x0000000000012583                coap_timer_stop
                0x00000000000125be                coap_timer_set
                0x000000000001260b                coap_timer_reset
                0x0000000000012658                coap_timer_time_to_next_expiration
                0x00000000000126d5                coap_timer_run
                0x00000000000127b7                coap_timer_init
 .text          0x000000000001280b      0x3c6 build/cooja/mtype440.a(contiki-main.o)
                0x000000000001280b                main
 .text          0x0000000000012bd1       0xb0 build/cooja/mtype440.a(autostart.o)
                0x0000000000012bd1                autostart_start
                0x0000000000012c2a                autostart_exit
 .text          0x0000000000012c81      0x400 build/cooja/mtype440.a(ctimer.o)
                0x0000000000012dc4                ctimer_init
                0x0000000000012e09                ctimer_set
                0x0000000000012e3c                ctimer_set_with_process
                0x0000000000012ed3                ctimer_reset
                0x0000000000012f41                ctimer_restart
                0x0000000000012faf                ctimer_stop
                0x000000000001300f                ctimer_expired
 .text          0x0000000000013081       0x39 build/cooja/mtype440.a(energest.o)
                0x0000000000013081                energest_init
                0x0000000000013091                energest_flush
                0x00000000000130a1                energest_get_total_time
 .text          0x00000000000130ba      0x527 build/cooja/mtype440.a(etimer.o)
                0x000000000001330f                etimer_request_poll
                0x00000000000133c0                etimer_set
                0x00000000000133f9                etimer_reset_with_new_interval
                0x0000000000013438                etimer_reset
                0x000000000001346e                etimer_restart
                0x00000000000134a4                etimer_adjust
                0x00000000000134cb                etimer_expired
                0x00000000000134e8                etimer_expiration_time
                0x0000000000013504                etimer_start_time
                0x0000000000013518                etimer_pending
                0x0000000000013535                etimer_next_expiration_time
                0x000000000001355d                etimer_stop
 .text          0x00000000000135e1      0x4a3 build/cooja/mtype440.a(log.o)
                0x00000000000135e1                log_6addr
                0x0000000000013645                log_6addr_compact_snprint
                0x0000000000013705                log_6addr_compact
                0x0000000000013769                log_lladdr
                0x00000000000137f0                log_lladdr_compact
                0x000000000001386d                log_bytes
                0x00000000000138c1                log_set_level
                0x000000000001399f                log_get_level
                0x0000000000013a30                log_level_to_str
 .text          0x0000000000013a84      0x122 build/cooja/mtype440.a(rtimer.o)
                0x0000000000013a84                rtimer_init
                0x0000000000013aa3                rtimer_set
                0x0000000000013b31                rtimer_run_next
 .text          0x0000000000013ba6       0x36 build/cooja/mtype440.a(node-id.o)
                0x0000000000013ba6                node_id_init
 .text          0x0000000000013bdc      0x5cb build/cooja/mtype440.a(process.o)
                0x0000000000013bdc                process_alloc_event
                0x0000000000013bfd                process_start
                0x0000000000013e02                process_exit
                0x0000000000013e2a                process_init
                0x0000000000013ff2                process_run
                0x0000000000014035                process_nevents
                0x000000000001405a                process_post
                0x0000000000014107                process_post_synch
                0x000000000001414d                process_poll
                0x0000000000014189                process_is_running
 .text.__x86.get_pc_thunk.si
                0x00000000000141a7        0x4 build/cooja/mtype440.a(process.o)
                0x00000000000141a7                __x86.get_pc_thunk.si
 .text          0x00000000000141ab       0xf6 build/cooja/mtype440.a(timer.o)
                0x00000000000141ab                timer_set
                0x00000000000141da                timer_reset
                0x0000000000014211                timer_restart
                0x0000000000014237                timer_expired
                0x0000000000014275                timer_remaining
 .text          0x00000000000142a1      0x311 build/cooja/mtype440.a(list.o)
                0x00000000000142a1                list_init
                0x00000000000142ba                list_head
                0x00000000000142ce                list_copy
                0x00000000000142e8                list_tail
                0x0000000000014328                list_add
                0x000000000001437e                list_push
                0x00000000000143b4                list_chop
                0x0000000000014428                list_pop
                0x000000000001445a                list_remove
                0x00000000000144cc                list_length
                0x0000000000014504                list_insert
                0x0000000000014553                list_item_next
                0x0000000000014574                list_contains
 .text          0x00000000000145b2      0x1ec build/cooja/mtype440.a(memb.o)
                0x00000000000145b2                memb_init
                0x0000000000014616                memb_alloc
                0x0000000000014683                memb_free
                0x0000000000014704                memb_inmemb
                0x000000000001474d                memb_numfree
 .text          0x000000000001479e      0x566 build/cooja/mtype440.a(button-hal.o)
                0x0000000000014992                button_hal_get_by_id
                0x00000000000149dc                button_hal_get_by_index
                0x0000000000014a16                button_hal_get_state
                0x0000000000014a78                button_hal_init
 .text          0x0000000000014d04      0x242 build/cooja/mtype440.a(serial-line.o)
                0x0000000000014d04                serial_line_input_byte
                0x0000000000014efc                serial_line_init
 .text          0x0000000000014f46      0x1d6 build/cooja/mtype440.a(gpio-hal.o)
                0x0000000000014f46                gpio_hal_register_handler
                0x0000000000014f74                gpio_hal_event_handler
                0x0000000000014fe1                gpio_hal_init
                0x0000000000015010                gpio_hal_arch_port_toggle_pin
                0x000000000001505b                gpio_hal_arch_port_toggle_pins
                0x0000000000015098                gpio_hal_arch_no_port_toggle_pin
                0x00000000000150e5                gpio_hal_arch_no_port_toggle_pins
 .text          0x000000000001511c      0x3a9 build/cooja/mtype440.a(queuebuf.o)
                0x0000000000015130                queuebuf_init
                0x000000000001516c                queuebuf_numfree
                0x0000000000015196                queuebuf_new_from_packetbuf
                0x000000000001524a                queuebuf_update_attr_from_packetbuf
                0x000000000001528e                queuebuf_update_from_packetbuf
                0x00000000000152ed                queuebuf_free
                0x000000000001534b                queuebuf_to_packetbuf
                0x00000000000153c8                queuebuf_dataptr
                0x0000000000015414                queuebuf_datalen
                0x0000000000015441                queuebuf_addr
                0x0000000000015480                queuebuf_attr
                0x00000000000154b5                queuebuf_debug_print
 .text          0x00000000000154c5      0x4dd build/cooja/mtype440.a(packetbuf.o)
                0x00000000000154c5                packetbuf_clear
                0x00000000000154fb                packetbuf_copyfrom
                0x000000000001555b                packetbuf_copyto
                0x00000000000155f9                packetbuf_hdralloc
                0x0000000000015689                packetbuf_hdrreduce
                0x00000000000156db                packetbuf_set_datalen
                0x0000000000015700                packetbuf_dataptr
                0x0000000000015727                packetbuf_hdrptr
                0x000000000001573c                packetbuf_datalen
                0x0000000000015752                packetbuf_hdrlen
                0x0000000000015771                packetbuf_totlen
                0x0000000000015791                packetbuf_remaininglen
                0x00000000000157ae                packetbuf_attr_clear
                0x0000000000015814                packetbuf_attr_copyto
                0x000000000001585a                packetbuf_attr_copyfrom
                0x00000000000158a0                packetbuf_set_attr
                0x00000000000158d6                packetbuf_attr
                0x00000000000158fc                packetbuf_set_addr
                0x0000000000015944                packetbuf_addr
                0x000000000001596e                packetbuf_holds_broadcast
 .text          0x00000000000159a2      0x13c build/cooja/mtype440.a(netstack.o)
                0x00000000000159a2                netstack_process_ip_callback
                0x0000000000015a43                netstack_ip_packet_processor_add
                0x0000000000015a77                uip_ds6_ip_packet_processor_rm
                0x0000000000015aa5                netstack_init
 .text          0x0000000000015ade       0x75 build/cooja/mtype440.a(linkaddr.o)
                0x0000000000015ade                linkaddr_copy
                0x0000000000015afe                linkaddr_cmp
                0x0000000000015b31                linkaddr_set_node_addr
 .text          0x0000000000015b53      0x2ae build/cooja/mtype440.a(csma.o)
 .text          0x0000000000015e01      0xa6f build/cooja/mtype440.a(csma-output.o)
                0x0000000000016573                csma_output_packet
                0x0000000000016822                csma_output_init
 .text          0x0000000000016870      0xe47 build/cooja/mtype440.a(uip-ds6.o)
                0x0000000000016870                uip_ds6_default_prefix
                0x0000000000016885                uip_ds6_set_default_prefix
                0x00000000000168bb                uip_ds6_init
                0x0000000000016b56                uip_ds6_periodic
                0x0000000000016bfe                uip_ds6_list_loop
                0x0000000000016ccd                uip_ds6_prefix_add
                0x0000000000016d94                uip_ds6_prefix_rm
                0x0000000000016db1                uip_ds6_prefix_lookup
                0x0000000000016e04                uip_ds6_is_addr_onlink
                0x0000000000016e91                uip_ds6_addr_add
                0x0000000000016fd3                uip_ds6_addr_rm
                0x0000000000017092                uip_ds6_addr_lookup
                0x00000000000170e2                uip_ds6_get_link_local
                0x0000000000017180                uip_ds6_get_global
                0x000000000001721e                uip_ds6_maddr_add
                0x000000000001729a                uip_ds6_maddr_rm
                0x00000000000172b7                uip_ds6_maddr_lookup
                0x000000000001730a                uip_ds6_aaddr_add
                0x0000000000017383                uip_ds6_aaddr_rm
                0x00000000000173a0                uip_ds6_aaddr_lookup
                0x00000000000173f0                uip_ds6_select_src
                0x000000000001755e                uip_ds6_set_addr_iid
                0x0000000000017593                uip_ds6_set_lladdr_from_iid
                0x00000000000175c6                get_match_length
                0x0000000000017661                uip_ds6_compute_reachable_time
 .text          0x00000000000176b7      0x870 build/cooja/mtype440.a(tcpip.o)
                0x00000000000176dd                tcpip_output
                0x000000000001778c                udp_attach
                0x00000000000177ae                udp_new
                0x0000000000017808                udp_broadcast_new
                0x00000000000179a8                tcpip_input
                0x0000000000017b9e                tcpip_ipv6_output
                0x0000000000017dda                tcpip_poll_udp
                0x0000000000017e0a                tcpip_uipcall
 .text          0x0000000000017f27      0x152 build/cooja/mtype440.a(uip-udp-packet.)
                0x0000000000017f27                uip_udp_packet_send
                0x0000000000017fa0                uip_udp_packet_sendto
 .text          0x0000000000018079      0x453 build/cooja/mtype440.a(uip-ds6-route.o)
                0x00000000000180db                uip_ds6_route_init
                0x0000000000018117                uip_ds6_route_count_nexthop_neighbors
                0x000000000001812b                uip_ds6_route_nexthop
                0x000000000001813f                uip_ds6_route_head
                0x0000000000018153                uip_ds6_route_next
                0x0000000000018167                uip_ds6_route_is_nexthop
                0x000000000001817b                uip_ds6_route_num_routes
                0x000000000001818f                uip_ds6_route_lookup
                0x00000000000181a3                uip_ds6_route_add
                0x00000000000181c0                uip_ds6_route_rm
                0x00000000000181d0                uip_ds6_route_rm_by_nexthop
                0x00000000000181e0                uip_ds6_defrt_head
                0x000000000001820a                uip_ds6_defrt_add
                0x00000000000182ca                uip_ds6_defrt_rm
                0x0000000000018343                uip_ds6_defrt_lookup
                0x00000000000183ba                uip_ds6_defrt_choose
                0x0000000000018440                uip_ds6_defrt_periodic
 .text          0x00000000000184cc      0x43e build/cooja/mtype440.a(uip-ds6-nbr.o)
                0x00000000000184cc                uip_ds6_neighbors_init
                0x0000000000018502                uip_ds6_nbr_add
                0x000000000001859c                uip_ds6_nbr_rm
                0x00000000000185fb                uip_ds6_nbr_update_ll
                0x00000000000186f8                uip_ds6_nbr_get_ipaddr
                0x0000000000018717                uip_ds6_nbr_get_ll
                0x0000000000018744                uip_ds6_nbr_num
                0x000000000001879e                uip_ds6_nbr_head
                0x00000000000187c8                uip_ds6_nbr_next
                0x00000000000187f5                uip_ds6_nbr_lookup
                0x000000000001885c                uip_ds6_nbr_ll_lookup
                0x0000000000018889                uip_ds6_nbr_ipaddr_from_lladdr
                0x00000000000188bc                uip_ds6_nbr_lladdr_from_ipaddr
                0x00000000000188fa                uip_ds6_link_callback
 .text          0x000000000001890a     0x1520 build/cooja/mtype440.a(uip6.o)
                0x00000000000189c3                uip_chksum
                0x0000000000018abb                uip_icmp6chksum
                0x0000000000018ada                uip_udpchksum
                0x0000000000018af9                uip_init
                0x0000000000018b58                uip_remove_ext_hdr
                0x0000000000018c53                uip_udp_new
                0x0000000000018fcc                uip_process
                0x0000000000019cba                uip_htons
                0x0000000000019ce6                uip_htonl
                0x0000000000019d30                uip_send
 .text          0x0000000000019e2a      0x7d4 build/cooja/mtype440.a(uip-nd6.o)
                0x000000000001a5d3                uip_nd6_init
 .text          0x000000000001a5fe     0x3370 build/cooja/mtype440.a(sicslowpan.o)
                0x000000000001acfc                netstack_sniffer_add
                0x000000000001ad15                netstack_sniffer_remove
                0x000000000001d92d                sicslowpan_init
                0x000000000001d959                sicslowpan_get_last_rssi
 .text          0x000000000001d96e      0x51a build/cooja/mtype440.a(uiplib.o)
                0x000000000001d96e                uiplib_ip6addrconv
                0x000000000001db34                uiplib_ip4addrconv
                0x000000000001dc01                uiplib_ipaddr_print
                0x000000000001dc65                uiplib_ipaddr_snprint
 .text          0x000000000001de88      0x610 build/cooja/mtype440.a(rpl.o)
                0x000000000001de88                rpl_lollipop_greater_than
                0x000000000001deeb                rpl_get_global_address
                0x000000000001e021                rpl_link_callback
                0x000000000001e084                rpl_has_joined
                0x000000000001e0ba                rpl_is_reachable
                0x000000000001e15d                rpl_reset_prefix
                0x000000000001e1d9                rpl_set_prefix_from_addr
                0x000000000001e2eb                rpl_set_prefix
                0x000000000001e45f                rpl_set_leaf_only
                0x000000000001e482                rpl_get_leaf_only
 .text          0x000000000001e498     0x1491 build/cooja/mtype440.a(rpl-icmp6.o)
                0x000000000001e5f5                rpl_icmp6_update_nbr_table
                0x000000000001e6a7                rpl_icmp6_dis_output
                0x000000000001ecbc                rpl_icmp6_dio_output
                0x000000000001f515                rpl_icmp6_dao_output
                0x000000000001f842                rpl_icmp6_dao_ack_output
                0x000000000001f8c9                rpl_icmp6_init
 .text          0x000000000001f929      0x2e4 build/cooja/mtype440.a(rpl-dag-root.o)
                0x000000000001f929                rpl_dag_root_print_links
                0x000000000001fa82                rpl_dag_root_set_prefix
                0x000000000001fabd                rpl_dag_root_start
                0x000000000001fbcb                rpl_dag_root_is_root
 .text          0x000000000001fc0d       0x6b build/cooja/mtype440.a(watchdog.o)
                0x000000000001fc0d                watchdog_init
                0x000000000001fc1d                watchdog_start
                0x000000000001fc2d                watchdog_periodic
                0x000000000001fc58                watchdog_stop
                0x000000000001fc68                watchdog_reboot
 .text          0x000000000001fc78       0x75 build/cooja/mtype440.a(int-master.o)
                0x000000000001fc78                int_master_enable
                0x000000000001fc92                int_master_read_and_disable
                0x000000000001fcba                int_master_status_set
                0x000000000001fcd3                int_master_is_enabled
 .text          0x000000000001fced      0x2bc build/cooja/mtype440.a(coap-timer-defa)
 .text          0x000000000001ffa9      0x11d build/cooja/mtype440.a(stimer.o)
                0x000000000001ffa9                stimer_set
                0x000000000001ffd8                stimer_reset
                0x000000000002000f                stimer_restart
                0x0000000000020035                stimer_expired
                0x0000000000020071                stimer_remaining
                0x000000000002009d                stimer_elapsed
 .text          0x00000000000200c6       0x31 build/cooja/mtype440.a(assert.o)
                0x00000000000200c6                _xassert
 .text          0x00000000000200f7      0x188 build/cooja/mtype440.a(ringbuf.o)
                0x00000000000200f7                ringbuf_init
                0x0000000000020133                ringbuf_put
                0x00000000000201bb                ringbuf_get
                0x0000000000020232                ringbuf_size
                0x000000000002024e                ringbuf_elements
 .text          0x000000000002027f      0xb68 build/cooja/mtype440.a(nbr-table.o)
                0x0000000000020621                nbr_table_count_entries
                0x00000000000206ce                nbr_table_gc_get_worst
                0x000000000002070e                nbr_table_can_accept_new
                0x0000000000020897                nbr_table_entry_is_allowed
                0x0000000000020937                nbr_table_register
                0x00000000000209b5                nbr_table_is_registered
                0x00000000000209fa                nbr_table_head
                0x0000000000020a67                nbr_table_next
                0x0000000000020ad9                nbr_table_add_lladdr
                0x0000000000020c28                nbr_table_get_from_lladdr
                0x0000000000020c85                nbr_table_remove
                0x0000000000020cd0                nbr_table_lock
                0x0000000000020cf6                nbr_table_unlock
                0x0000000000020d1c                nbr_table_get_lladdr
                0x0000000000020d52                nbr_table_clear
                0x0000000000020d97                nbr_table_key_head
                0x0000000000020dc1                nbr_table_key_next
 .text          0x0000000000020de7      0x450 build/cooja/mtype440.a(link-stats.o)
                0x0000000000020de7                link_stats_from_lladdr
                0x0000000000020e14                link_stats_get_lladdr
                0x0000000000020e41                link_stats_is_fresh
                0x0000000000020e8e                guess_etx_from_rssi
                0x0000000000020f14                link_stats_packet_sent
                0x0000000000021058                link_stats_input_callback
                0x000000000002118c                link_stats_reset
                0x00000000000211ee                link_stats_init
 .text          0x0000000000021237      0x1a8 build/cooja/mtype440.a(mac-sequence.o)
                0x0000000000021237                mac_sequence_is_duplicate
                0x00000000000212f7                mac_sequence_register_seqno
 .text          0x00000000000213df       0x2d build/cooja/mtype440.a(mac.o)
                0x00000000000213df                mac_call_sent_callback
 .text          0x000000000002140c      0x477 build/cooja/mtype440.a(framer-802154.o)
                0x00000000000215af                framer_802154_setup_params
 .text          0x0000000000021883      0xc1a build/cooja/mtype440.a(frame802154.o)
                0x00000000000218be                frame802154_get_pan_id
                0x00000000000218d4                frame802154_set_pan_id
                0x00000000000218f9                frame802154_has_panid
                0x0000000000021ab2                frame802154_check_dest_panid
                0x0000000000021b44                frame802154_is_broadcast_addr
                0x0000000000021b9b                frame802154_extract_linkaddr
                0x0000000000021e24                frame802154_hdrlen
                0x0000000000021ea1                frame802154_create_fcf
                0x0000000000021f63                frame802154_create
                0x00000000000220ee                frame802154_parse_fcf
                0x00000000000221da                frame802154_parse
 .text          0x000000000002249d       0x4e build/cooja/mtype440.a(csma-security.o)
                0x000000000002249d                csma_security_create_frame
                0x00000000000224ce                csma_security_parse_frame
 .text          0x00000000000224eb      0x5be build/cooja/mtype440.a(uipbuf.o)
                0x00000000000224eb                uipbuf_clear
                0x0000000000022522                uipbuf_add_ext_hdr
                0x00000000000225bd                uipbuf_set_len
                0x00000000000225f7                uipbuf_set_len_field
                0x000000000002262d                uipbuf_get_len_field
                0x0000000000022657                uipbuf_get_next_header
                0x0000000000022793                uipbuf_get_last_header
                0x0000000000022816                uipbuf_search_header
                0x00000000000228da                uipbuf_get_attr
                0x000000000002290b                uipbuf_set_attr
                0x000000000002294c                uipbuf_set_default_attr
                0x000000000002298d                uipbuf_clear_attr
                0x00000000000229cd                uipbuf_set_attr_flag
                0x00000000000229f9                uipbuf_clr_attr_flag
                0x0000000000022a2b                uipbuf_is_attr_flag
                0x0000000000022a59                uipbuf_init
 .text          0x0000000000022aa9      0x8b7 build/cooja/mtype440.a(uip-icmp6.o)
                0x0000000000022b2e                uip_icmp6_input
                0x0000000000022b8f                uip_icmp6_register_input_handler
                0x0000000000022d43                uip_icmp6_error_output
                0x0000000000023085                uip_icmp6_send
                0x00000000000232b3                uip_icmp6_echo_reply_callback_add
                0x00000000000232f6                uip_icmp6_echo_reply_callback_rm
                0x0000000000023324                uip_icmp6_init
 .text          0x0000000000023360      0x772 build/cooja/mtype440.a(uip-sr.o)
                0x0000000000023360                uip_sr_num_nodes
                0x000000000002340c                uip_sr_get_node
                0x0000000000023473                uip_sr_is_addr_reachable
                0x0000000000023530                uip_sr_expire_parent
                0x0000000000023583                uip_sr_update_node
                0x00000000000236c7                uip_sr_init
                0x000000000002370d                uip_sr_node_head
                0x0000000000023737                uip_sr_node_next
                0x000000000002375d                uip_sr_periodic
                0x0000000000023879                uip_sr_free_all
                0x00000000000238fe                uip_sr_link_snprint
 .text          0x0000000000023ad2      0x1a5 build/cooja/mtype440.a(uip-packetqueue)
                0x0000000000023b12                uip_packetqueue_new
                0x0000000000023b2b                uip_packetqueue_alloc
                0x0000000000023b9a                uip_packetqueue_free
                0x0000000000023bf2                uip_packetqueue_buf
                0x0000000000023c19                uip_packetqueue_buflen
                0x0000000000023c44                uip_packetqueue_set_buflen
 .text          0x0000000000023c77       0x8d build/cooja/mtype440.a(rpl-nbr-policy.)
                0x0000000000023cc3                rpl_nbr_gc_get_worst
 .text          0x0000000000023d04      0xaad build/cooja/mtype440.a(rpl-neighbor.o)
                0x0000000000023da0                rpl_neighbor_snprint
                0x0000000000024088                rpl_neighbor_print_list
                0x000000000002415b                rpl_neighbor_count
                0x000000000002423e                rpl_neighbor_get_from_lladdr
                0x000000000002426b                rpl_neighbor_is_acceptable_parent
                0x00000000000242b1                rpl_neighbor_get_link_metric
                0x00000000000242f7                rpl_neighbor_rank_via_nbr
                0x000000000002433d                rpl_neighbor_get_lladdr
                0x000000000002436a                rpl_neighbor_get_ipaddr
                0x00000000000243a0                rpl_neighbor_get_link_stats
                0x00000000000243d6                rpl_neighbor_is_fresh
                0x000000000002440c                rpl_neighbor_is_parent
                0x0000000000024443                rpl_neighbor_set_preferred_parent
                0x00000000000244fd                rpl_neighbor_remove_all
                0x000000000002456a                rpl_neighbor_get_from_ipaddr
                0x00000000000246a4                rpl_neighbor_select_best
                0x000000000002477f                rpl_neighbor_init
 .text          0x00000000000247b1     0x11f4 build/cooja/mtype440.a(rpl-dag.o)
                0x00000000000247b1                rpl_dag_state_to_str
                0x00000000000247ff                rpl_dag_get_root_ipaddr
                0x000000000002484f                rpl_dag_leave
                0x0000000000024905                rpl_dag_poison_and_leave
                0x0000000000024931                rpl_dag_periodic
                0x00000000000249f6                rpl_is_addr_in_our_dag
                0x0000000000024a55                rpl_get_default_instance
                0x0000000000024a7f                rpl_get_any_dag
                0x0000000000024af5                rpl_refresh_routes
                0x0000000000024b58                rpl_global_repair
                0x0000000000024c29                rpl_local_repair
                0x0000000000024c8e                rpl_dag_ready_to_advertise
                0x0000000000024ce7                rpl_dag_update_state
                0x0000000000025563                rpl_process_dio
                0x00000000000255fe                rpl_process_dis
                0x0000000000025654                rpl_process_dao
                0x00000000000256f5                rpl_process_dao_ack
                0x00000000000257b1                rpl_process_hbh
                0x0000000000025811                rpl_dag_init_root
                0x0000000000025973                rpl_dag_init
 .text          0x00000000000259a5      0xd8d build/cooja/mtype440.a(rpl-timers.o)
                0x00000000000259a5                rpl_timers_schedule_periodic_dis
                0x0000000000025b4f                rpl_timers_dio_reset
                0x0000000000025cc7                rpl_timers_schedule_unicast_dio
                0x0000000000025e9a                rpl_timers_schedule_dao
                0x0000000000025fa0                rpl_timers_schedule_dao_ack
                0x000000000002606f                rpl_timers_notify_dao_ack
                0x00000000000260f5                get_probing_delay
                0x000000000002613a                get_probing_target
                0x000000000002636f                rpl_schedule_probing
                0x00000000000263bb                rpl_schedule_probing_now
                0x0000000000026455                rpl_timers_unschedule_leaving
                0x00000000000264af                rpl_timers_schedule_leaving
                0x0000000000026514                rpl_timers_init
                0x00000000000265d6                rpl_timers_stop_dag_timers
                0x0000000000026693                rpl_timers_unschedule_state_update
                0x00000000000266cf                rpl_timers_schedule_state_update
 .text          0x0000000000026732      0xd42 build/cooja/mtype440.a(rpl-ext-header.)
                0x0000000000026732                rpl_ext_header_srh_get_next_hop
                0x000000000002683d                rpl_ext_header_srh_update
                0x0000000000026e6f                rpl_ext_header_hbh_update
                0x00000000000271ee                rpl_ext_header_update
                0x000000000002729d                rpl_ext_header_remove
 .text          0x0000000000027474      0x39b build/cooja/mtype440.a(rpl-mrhof.o)
 *fill*         0x000000000002780f        0x1 
 .text          0x0000000000027810      0x116 /usr/lib/gcc/i686-linux-gnu/7/libgcc.a(_udivdi3.o)
                0x0000000000027810                __udivdi3
 *fill*         0x0000000000027926        0xa 
 .text          0x0000000000027930       0x14 /usr/lib/i386-linux-gnu/libc_nonshared.a(stack_chk_fail_local.oS)
                0x0000000000027930                __stack_chk_fail_local
 .text          0x0000000000027944        0x0 /usr/lib/gcc/i686-linux-gnu/7/crtendS.o
 .text          0x0000000000027944        0x0 /usr/lib/gcc/i686-linux-gnu/7/../../../i386-linux-gnu/crtn.o
 *(.gnu.warning)

.fini           0x0000000000027944       0x14
 *(SORT_NONE(.fini))
 .fini          0x0000000000027944        0xf /usr/lib/gcc/i686-linux-gnu/7/../../../i386-linux-gnu/crti.o
                0x0000000000027944                _fini
 .fini          0x0000000000027953        0x5 /usr/lib/gcc/i686-linux-gnu/7/../../../i386-linux-gnu/crtn.o
                [!provide]                        PROVIDE (__etext = .)
                [!provide]                        PROVIDE (_etext = .)
                [!provide]                        PROVIDE (etext = .)

.rodata         0x0000000000027958      0x907
 *(.rodata .rodata.* .gnu.linkonce.r.*)
 .rodata        0x0000000000027958       0x5c coap-server.o
 .rodata        0x00000000000279b4       0x10 build/cooja/obj/virtual-sensor.o
 .rodata        0x00000000000279c4        0x6 build/cooja/mtype440.a(leds-arch.o)
                0x00000000000279c4                leds_arch_leds
 .rodata        0x00000000000279ca        0x4 build/cooja/mtype440.a(pir-sensor.o)
 .rodata        0x00000000000279ce        0x6 build/cooja/mtype440.a(rs232.o)
 .rodata        0x00000000000279d4        0xa build/cooja/mtype440.a(vib-sensor.o)
 *fill*         0x00000000000279de        0x2 
 .rodata        0x00000000000279e0       0x27 build/cooja/mtype440.a(cfs-cooja.o)
 *fill*         0x0000000000027a07        0x1 
 .rodata        0x0000000000027a08       0x68 build/cooja/mtype440.a(cooja-radio.o)
 .rodata        0x0000000000027a70        0x8 build/cooja/mtype440.a(sensors.o)
 .rodata        0x0000000000027a78       0x14 build/cooja/mtype440.a(buttons.o)
                0x0000000000027a84                button_hal_button_count
 *fill*         0x0000000000027a8c        0x4 
 .rodata        0x0000000000027a90       0x70 build/cooja/mtype440.a(res-battery.o)
 .rodata        0x0000000000027b00       0x73 build/cooja/mtype440.a(res-temperature)
 .rodata        0x0000000000027b73       0x41 build/cooja/mtype440.a(coap-engine.o)
 .rodata        0x0000000000027bb4       0x11 build/cooja/mtype440.a(coap-observe.o)
 .rodata        0x0000000000027bc5       0x19 build/cooja/mtype440.a(coap-res-well-k)
 *fill*         0x0000000000027bde        0x2 
 .rodata        0x0000000000027be0      0x1ac build/cooja/mtype440.a(coap.o)
 .rodata        0x0000000000027d8c       0x35 build/cooja/mtype440.a(coap-uip.o)
 *fill*         0x0000000000027dc1        0x3 
 .rodata        0x0000000000027dc4       0xf4 build/cooja/mtype440.a(contiki-main.o)
 .rodata        0x0000000000027eb8        0xf build/cooja/mtype440.a(ctimer.o)
 .rodata        0x0000000000027ec7        0xc build/cooja/mtype440.a(etimer.o)
 *fill*         0x0000000000027ed3        0x1 
 .rodata        0x0000000000027ed4       0xc4 build/cooja/mtype440.a(log.o)
 .rodata        0x0000000000027f98       0x13 build/cooja/mtype440.a(button-hal.o)
 .rodata        0x0000000000027fab        0xe build/cooja/mtype440.a(serial-line.o)
 *fill*         0x0000000000027fb9        0x3 
 .rodata        0x0000000000027fbc        0x8 build/cooja/mtype440.a(linkaddr.o)
                0x0000000000027fbc                linkaddr_null
 .rodata        0x0000000000027fc4        0x5 build/cooja/mtype440.a(csma.o)
 *fill*         0x0000000000027fc9        0x3 
 .rodata        0x0000000000027fcc       0x24 build/cooja/mtype440.a(csma-output.o)
 .rodata        0x0000000000027ff0        0xd build/cooja/mtype440.a(tcpip.o)
 *fill*         0x0000000000027ffd        0x3 
 .rodata        0x0000000000028000       0x4d build/cooja/mtype440.a(uip-ds6-route.o)
 *fill*         0x000000000002804d        0x3 
 .rodata        0x0000000000028050       0x1f build/cooja/mtype440.a(sicslowpan.o)
                0x0000000000028050                unc_llconf
                0x0000000000028054                unc_ctxconf
                0x0000000000028058                unc_mxconf
                0x000000000002805c                llprefix
 .rodata        0x000000000002806f       0x2d build/cooja/mtype440.a(uiplib.o)
 .rodata        0x000000000002809c        0x9 build/cooja/mtype440.a(rpl.o)
 .rodata        0x00000000000280a5       0x13 build/cooja/mtype440.a(coap-timer-defa)
 .rodata        0x00000000000280b8       0x25 build/cooja/mtype440.a(assert.o)
 .rodata        0x00000000000280dd       0x44 build/cooja/mtype440.a(uip-sr.o)
 *fill*         0x0000000000028121        0x3 
 .rodata        0x0000000000028124       0x58 build/cooja/mtype440.a(rpl-neighbor.o)
 .rodata        0x000000000002817c       0xd7 build/cooja/mtype440.a(rpl-dag.o)
 .rodata        0x0000000000028253        0xc build/cooja/mtype440.a(rpl-timers.o)

.rodata1
 *(.rodata1)

.eh_frame_hdr   0x0000000000028260     0x1a54
 *(.eh_frame_hdr)
 .eh_frame_hdr  0x0000000000028260     0x1a54 coap-server.o
                0x0000000000028260                __GNU_EH_FRAME_HDR
 *(.eh_frame_entry .eh_frame_entry.*)

.eh_frame       0x0000000000029cb4     0x71e0
 *(.eh_frame)
 .eh_frame      0x0000000000029cb4       0x3c /usr/lib/gcc/i686-linux-gnu/7/../../../i386-linux-gnu/crti.o
                                         0x40 (size before relaxing)
 .eh_frame      0x0000000000029cf0       0x14 /usr/lib/gcc/i686-linux-gnu/7/../../../i386-linux-gnu/crti.o
                                         0x2c (size before relaxing)
 .eh_frame      0x0000000000029d04       0x24 coap-server.o
                                         0x50 (size before relaxing)
 .eh_frame      0x0000000000029d28      0x1ac build/cooja/mtype440.o
                                        0x1ec (size before relaxing)
 .eh_frame      0x0000000000029ed4       0x64 build/cooja/obj/virtual-sensor.o
                                         0xa4 (size before relaxing)
 .eh_frame      0x0000000000029f38       0x48 build/cooja/mtype440.a(simEnvChange.o)
                                         0x74 (size before relaxing)
 .eh_frame      0x0000000000029f80       0x6c build/cooja/mtype440.a(cooja_mt.o)
                                         0x98 (size before relaxing)
 .eh_frame      0x0000000000029fec       0x88 build/cooja/mtype440.a(cooja_mtarch.o)
                                         0xc8 (size before relaxing)
 .eh_frame      0x000000000002a074       0xe4 build/cooja/mtype440.a(rtimer-arch.o)
                                        0x110 (size before relaxing)
 .eh_frame      0x000000000002a158      0x160 build/cooja/mtype440.a(beep.o)
                                        0x18c (size before relaxing)
 .eh_frame      0x000000000002a2b8       0x88 build/cooja/mtype440.a(leds-arch.o)
                                         0xc8 (size before relaxing)
 .eh_frame      0x000000000002a340       0x44 build/cooja/mtype440.a(moteid.o)
                                         0x70 (size before relaxing)
 .eh_frame      0x000000000002a384       0xa4 build/cooja/mtype440.a(pir-sensor.o)
                                         0xe4 (size before relaxing)
 .eh_frame      0x000000000002a428      0x110 build/cooja/mtype440.a(rs232.o)
                                        0x150 (size before relaxing)
 .eh_frame      0x000000000002a538       0xa4 build/cooja/mtype440.a(vib-sensor.o)
                                         0xe4 (size before relaxing)
 .eh_frame      0x000000000002a5dc       0xc0 build/cooja/mtype440.a(clock.o)
                                         0xec (size before relaxing)
 .eh_frame      0x000000000002a69c      0x130 build/cooja/mtype440.a(cooja-log.o)
                                        0x170 (size before relaxing)
 .eh_frame      0x000000000002a7cc      0x16c build/cooja/mtype440.a(cfs-cooja.o)
                                        0x1ac (size before relaxing)
 .eh_frame      0x000000000002a938      0x354 build/cooja/mtype440.a(cooja-radio.o)
                                        0x394 (size before relaxing)
 .eh_frame      0x000000000002ac8c       0xa8 build/cooja/mtype440.a(eeprom.o)
                                         0xe8 (size before relaxing)
 .eh_frame      0x000000000002ad34       0x48 build/cooja/mtype440.a(random.o)
                                         0x74 (size before relaxing)
 .eh_frame      0x000000000002ad7c       0xd0 build/cooja/mtype440.a(sensors.o)
                                        0x110 (size before relaxing)
 .eh_frame      0x000000000002ae4c      0x140 build/cooja/mtype440.a(leds.o)
                                        0x180 (size before relaxing)
 .eh_frame      0x000000000002af8c      0x228 build/cooja/mtype440.a(gpio-hal-arch.o)
                                        0x27c (size before relaxing)
 .eh_frame      0x000000000002b1b4       0xa4 build/cooja/mtype440.a(buttons.o)
                                         0xe4 (size before relaxing)
 .eh_frame      0x000000000002b258       0x24 build/cooja/mtype440.a(res-battery.o)
                                         0x50 (size before relaxing)
 .eh_frame      0x000000000002b27c       0x48 build/cooja/mtype440.a(res-temperature)
                                         0x88 (size before relaxing)
 .eh_frame      0x000000000002b2c4      0x24c build/cooja/mtype440.a(coap-engine.o)
                                        0x28c (size before relaxing)
 .eh_frame      0x000000000002b510      0x1b4 build/cooja/mtype440.a(coap-observe.o)
                                        0x1f4 (size before relaxing)
 .eh_frame      0x000000000002b6c4      0x110 build/cooja/mtype440.a(coap-transactio)
                                        0x150 (size before relaxing)
 .eh_frame      0x000000000002b7d4       0x2c build/cooja/mtype440.a(coap-res-well-k)
                                         0x58 (size before relaxing)
 .eh_frame      0x000000000002b800      0x72c build/cooja/mtype440.a(coap.o)
                                        0x76c (size before relaxing)
 .eh_frame      0x000000000002bf2c      0x278 build/cooja/mtype440.a(coap-uip.o)
                                        0x2b8 (size before relaxing)
 .eh_frame      0x000000000002c1a4      0x128 build/cooja/mtype440.a(coap-timer.o)
                                        0x168 (size before relaxing)
 .eh_frame      0x000000000002c2cc       0x38 build/cooja/mtype440.a(contiki-main.o)
                                         0x64 (size before relaxing)
 .eh_frame      0x000000000002c304       0x48 build/cooja/mtype440.a(autostart.o)
                                         0x74 (size before relaxing)
 .eh_frame      0x000000000002c34c      0x11c build/cooja/mtype440.a(ctimer.o)
                                        0x15c (size before relaxing)
 .eh_frame      0x000000000002c468       0x60 build/cooja/mtype440.a(energest.o)
                                         0x8c (size before relaxing)
 .eh_frame      0x000000000002c4c8      0x204 build/cooja/mtype440.a(etimer.o)
                                        0x244 (size before relaxing)
 .eh_frame      0x000000000002c6cc      0x144 build/cooja/mtype440.a(log.o)
                                        0x184 (size before relaxing)
 .eh_frame      0x000000000002c810       0x6c build/cooja/mtype440.a(rtimer.o)
                                         0xc0 (size before relaxing)
 .eh_frame      0x000000000002c87c       0x20 build/cooja/mtype440.a(node-id.o)
                                         0x4c (size before relaxing)
 .eh_frame      0x000000000002c89c      0x1ec build/cooja/mtype440.a(process.o)
                                        0x22c (size before relaxing)
 .eh_frame      0x000000000002ca88       0xb4 build/cooja/mtype440.a(timer.o)
                                         0xe0 (size before relaxing)
 .eh_frame      0x000000000002cb3c      0x1a0 build/cooja/mtype440.a(list.o)
                                        0x1cc (size before relaxing)
 .eh_frame      0x000000000002ccdc       0xa4 build/cooja/mtype440.a(memb.o)
                                         0xe4 (size before relaxing)
 .eh_frame      0x000000000002cd80      0x188 build/cooja/mtype440.a(button-hal.o)
                                        0x1c8 (size before relaxing)
 .eh_frame      0x000000000002cf08       0x6c build/cooja/mtype440.a(serial-line.o)
                                         0x98 (size before relaxing)
 .eh_frame      0x000000000002cf74       0xfc build/cooja/mtype440.a(gpio-hal.o)
                                        0x13c (size before relaxing)
 .eh_frame      0x000000000002d070      0x1c0 build/cooja/mtype440.a(queuebuf.o)
                                        0x200 (size before relaxing)
 .eh_frame      0x000000000002d230      0x2b0 build/cooja/mtype440.a(packetbuf.o)
                                        0x2f0 (size before relaxing)
 .eh_frame      0x000000000002d4e0       0x90 build/cooja/mtype440.a(netstack.o)
                                         0xd0 (size before relaxing)
 .eh_frame      0x000000000002d570       0x64 build/cooja/mtype440.a(linkaddr.o)
                                         0x90 (size before relaxing)
 .eh_frame      0x000000000002d5d4       0xf0 build/cooja/mtype440.a(csma.o)
                                        0x130 (size before relaxing)
 .eh_frame      0x000000000002d6c4      0x1f8 build/cooja/mtype440.a(csma-output.o)
                                        0x238 (size before relaxing)
 .eh_frame      0x000000000002d8bc      0x364 build/cooja/mtype440.a(uip-ds6.o)
                                        0x3a4 (size before relaxing)
 .eh_frame      0x000000000002dc20      0x270 build/cooja/mtype440.a(tcpip.o)
                                        0x2b0 (size before relaxing)
 .eh_frame      0x000000000002de90       0x44 build/cooja/mtype440.a(uip-udp-packet.)
                                         0x84 (size before relaxing)
 .eh_frame      0x000000000002ded4      0x260 build/cooja/mtype440.a(uip-ds6-route.o)
                                        0x2a0 (size before relaxing)
 .eh_frame      0x000000000002e134      0x1e8 build/cooja/mtype440.a(uip-ds6-nbr.o)
                                        0x228 (size before relaxing)
 .eh_frame      0x000000000002e31c      0x20c build/cooja/mtype440.a(uip6.o)
                                        0x24c (size before relaxing)
 .eh_frame      0x000000000002e528       0x8c build/cooja/mtype440.a(uip-nd6.o)
                                         0xe0 (size before relaxing)
 .eh_frame      0x000000000002e5b4      0x354 build/cooja/mtype440.a(sicslowpan.o)
                                        0x3a8 (size before relaxing)
 .eh_frame      0x000000000002e908       0x9c build/cooja/mtype440.a(uiplib.o)
                                         0xdc (size before relaxing)
 .eh_frame      0x000000000002e9a4      0x1fc build/cooja/mtype440.a(rpl.o)
                                        0x23c (size before relaxing)
 .eh_frame      0x000000000002eba0      0x1f0 build/cooja/mtype440.a(rpl-icmp6.o)
                                        0x230 (size before relaxing)
 .eh_frame      0x000000000002ed90       0xb0 build/cooja/mtype440.a(rpl-dag-root.o)
                                         0xf0 (size before relaxing)
 .eh_frame      0x000000000002ee40       0xa4 build/cooja/mtype440.a(watchdog.o)
                                         0xd0 (size before relaxing)
 .eh_frame      0x000000000002eee4       0x80 build/cooja/mtype440.a(int-master.o)
                                         0xac (size before relaxing)
 .eh_frame      0x000000000002ef64       0xc4 build/cooja/mtype440.a(coap-timer-defa)
                                        0x104 (size before relaxing)
 .eh_frame      0x000000000002f028       0xd8 build/cooja/mtype440.a(stimer.o)
                                        0x104 (size before relaxing)
 .eh_frame      0x000000000002f100       0x24 build/cooja/mtype440.a(assert.o)
                                         0x50 (size before relaxing)
 .eh_frame      0x000000000002f124       0xa0 build/cooja/mtype440.a(ringbuf.o)
                                         0xcc (size before relaxing)
 .eh_frame      0x000000000002f1c4      0x428 build/cooja/mtype440.a(nbr-table.o)
                                        0x468 (size before relaxing)
 .eh_frame      0x000000000002f5ec      0x140 build/cooja/mtype440.a(link-stats.o)
                                        0x180 (size before relaxing)
 .eh_frame      0x000000000002f72c       0x50 build/cooja/mtype440.a(mac-sequence.o)
                                         0x7c (size before relaxing)
 .eh_frame      0x000000000002f77c       0x20 build/cooja/mtype440.a(mac.o)
                                         0x4c (size before relaxing)
 .eh_frame      0x000000000002f79c       0xb4 build/cooja/mtype440.a(framer-802154.o)
                                         0xf4 (size before relaxing)
 .eh_frame      0x000000000002f850      0x1b0 build/cooja/mtype440.a(frame802154.o)
                                        0x1f0 (size before relaxing)
 .eh_frame      0x000000000002fa00       0x44 build/cooja/mtype440.a(csma-security.o)
                                         0x84 (size before relaxing)
 .eh_frame      0x000000000002fa44      0x204 build/cooja/mtype440.a(uipbuf.o)
                                        0x230 (size before relaxing)
 .eh_frame      0x000000000002fc48      0x170 build/cooja/mtype440.a(uip-icmp6.o)
                                        0x1b0 (size before relaxing)
 .eh_frame      0x000000000002fdb8      0x1ac build/cooja/mtype440.a(uip-sr.o)
                                        0x1ec (size before relaxing)
 .eh_frame      0x000000000002ff64       0xec build/cooja/mtype440.a(uip-packetqueue)
                                        0x12c (size before relaxing)
 .eh_frame      0x0000000000030050       0x48 build/cooja/mtype440.a(rpl-nbr-policy.)
                                         0x88 (size before relaxing)
 .eh_frame      0x0000000000030098      0x2ec build/cooja/mtype440.a(rpl-neighbor.o)
                                        0x340 (size before relaxing)
 .eh_frame      0x0000000000030384      0x3c0 build/cooja/mtype440.a(rpl-dag.o)
                                        0x414 (size before relaxing)
 .eh_frame      0x0000000000030744      0x418 build/cooja/mtype440.a(rpl-timers.o)
                                        0x458 (size before relaxing)
 .eh_frame      0x0000000000030b5c      0x144 build/cooja/mtype440.a(rpl-ext-header.)
                                        0x184 (size before relaxing)
 .eh_frame      0x0000000000030ca0      0x150 build/cooja/mtype440.a(rpl-mrhof.o)
                                        0x190 (size before relaxing)
 .eh_frame      0x0000000000030df0       0x84 /usr/lib/gcc/i686-linux-gnu/7/libgcc.a(_udivdi3.o)
                                         0x9c (size before relaxing)
 .eh_frame      0x0000000000030e74       0x1c /usr/lib/i386-linux-gnu/libc_nonshared.a(stack_chk_fail_local.oS)
                                         0x48 (size before relaxing)
 .eh_frame      0x0000000000030e90        0x4 /usr/lib/gcc/i686-linux-gnu/7/crtendS.o
 *(.eh_frame.*)

.gcc_except_table
 *(.gcc_except_table .gcc_except_table.*)

.gnu_extab
 *(.gnu_extab*)

.exception_ranges
 *(.exception_ranges .exception_ranges*)
                0x0000000000032bf8                . = DATA_SEGMENT_ALIGN (CONSTANT (MAXPAGESIZE), CONSTANT (COMMONPAGESIZE))

.eh_frame
 *(.eh_frame)
 *(.eh_frame.*)

.gnu_extab
 *(.gnu_extab)

.gcc_except_table
 *(.gcc_except_table .gcc_except_table.*)

.exception_ranges
 *(.exception_ranges .exception_ranges*)

.tdata
 *(.tdata .tdata.* .gnu.linkonce.td.*)

.tbss
 *(.tbss .tbss.* .gnu.linkonce.tb.*)
 *(.tcommon)

.preinit_array
 *(.preinit_array)

.init_array     0x0000000000032bf8        0x4
 *(SORT_BY_INIT_PRIORITY(.init_array.*) SORT_BY_INIT_PRIORITY(.ctors.*))
 *(.init_array EXCLUDE_FILE(*crtend?.o *crtend.o *crtbegin?.o *crtbegin.o) .ctors)
 .init_array    0x0000000000032bf8        0x4 /usr/lib/gcc/i686-linux-gnu/7/crtbeginS.o

.fini_array     0x0000000000032bfc        0x4
 *(SORT_BY_INIT_PRIORITY(.fini_array.*) SORT_BY_INIT_PRIORITY(.dtors.*))
 *(.fini_array EXCLUDE_FILE(*crtend?.o *crtend.o *crtbegin?.o *crtbegin.o) .dtors)
 .fini_array    0x0000000000032bfc        0x4 /usr/lib/gcc/i686-linux-gnu/7/crtbeginS.o

.ctors
 *crtbegin.o(.ctors)
 *crtbegin?.o(.ctors)
 *(EXCLUDE_FILE(*crtend?.o *crtend.o) .ctors)
 *(SORT_BY_NAME(.ctors.*))
 *(.ctors)

.dtors
 *crtbegin.o(.dtors)
 *crtbegin?.o(.dtors)
 *(EXCLUDE_FILE(*crtend?.o *crtend.o) .dtors)
 *(SORT_BY_NAME(.dtors.*))
 *(.dtors)

.jcr
 *(.jcr)

.data.rel.ro    0x0000000000032c00      0x198
 *(.data.rel.ro.local* .gnu.linkonce.d.rel.ro.local.*)
 .data.rel.ro.local
                0x0000000000032c00        0x8 coap-server.o
                0x0000000000032c00                autostart_processes
 .data.rel.ro.local
                0x0000000000032c08        0x8 build/cooja/mtype440.a(beep.o)
                0x0000000000032c08                beep_interface
 .data.rel.ro.local
                0x0000000000032c10        0x8 build/cooja/mtype440.a(leds-arch.o)
                0x0000000000032c10                leds_interface
 .data.rel.ro.local
                0x0000000000032c18        0x8 build/cooja/mtype440.a(moteid.o)
                0x0000000000032c18                moteid_interface
 .data.rel.ro.local
                0x0000000000032c20       0x18 build/cooja/mtype440.a(pir-sensor.o)
                0x0000000000032c20                pir_interface
                0x0000000000032c28                pir_sensor
 .data.rel.ro.local
                0x0000000000032c38        0x8 build/cooja/mtype440.a(rs232.o)
                0x0000000000032c38                rs232_interface
 .data.rel.ro.local
                0x0000000000032c40       0x18 build/cooja/mtype440.a(vib-sensor.o)
                0x0000000000032c40                vib_interface
                0x0000000000032c48                vib_sensor
 .data.rel.ro.local
                0x0000000000032c58        0x8 build/cooja/mtype440.a(clock.o)
                0x0000000000032c58                clock_interface
 .data.rel.ro.local
                0x0000000000032c60        0x8 build/cooja/mtype440.a(cooja-log.o)
                0x0000000000032c60                simlog_interface
 .data.rel.ro.local
                0x0000000000032c68        0x8 build/cooja/mtype440.a(cfs-cooja.o)
                0x0000000000032c68                cfs_interface
 *fill*         0x0000000000032c70       0x10 
 .data.rel.ro.local
                0x0000000000032c80       0x58 build/cooja/mtype440.a(cooja-radio.o)
                0x0000000000032c80                radio_interface
                0x0000000000032ca0                cooja_radio_driver
 .data.rel.ro.local
                0x0000000000032cd8        0x8 build/cooja/mtype440.a(eeprom.o)
                0x0000000000032cd8                eeprom_interface
 .data.rel.ro.local
                0x0000000000032ce0       0x18 build/cooja/mtype440.a(buttons.o)
                0x0000000000032ce0                button_interface
                0x0000000000032ce8                button_sensor
 .data.rel.ro.local
                0x0000000000032cf8       0x1c build/cooja/mtype440.a(csma.o)
                0x0000000000032cf8                csma_driver
 .data.rel.ro.local
                0x0000000000032d14       0x10 build/cooja/mtype440.a(sicslowpan.o)
                0x0000000000032d14                sicslowpan_driver
 .data.rel.ro.local
                0x0000000000032d24        0xc build/cooja/mtype440.a(coap-timer-defa)
                0x0000000000032d24                coap_timer_default_driver
 .data.rel.ro.local
                0x0000000000032d30        0xc build/cooja/mtype440.a(framer-802154.o)
                0x0000000000032d30                framer_802154
 *(.data.rel.ro .data.rel.ro.* .gnu.linkonce.d.rel.ro.*)
 .data.rel.ro   0x0000000000032d3c        0x0 /usr/lib/gcc/i686-linux-gnu/7/../../../i386-linux-gnu/crti.o
 *fill*         0x0000000000032d3c        0x4 
 .data.rel.ro   0x0000000000032d40       0x54 build/cooja/mtype440.a(rpl.o)
                0x0000000000032d40                rpl_lite_driver
 .data.rel.ro   0x0000000000032d94        0x4 build/cooja/mtype440.a(rpl-dag.o)

.dynamic        0x0000000000032d98       0xf0
 *(.dynamic)
 .dynamic       0x0000000000032d98       0xf0 /usr/lib/gcc/i686-linux-gnu/7/../../../i386-linux-gnu/crti.o
                0x0000000000032d98                _DYNAMIC

.got            0x0000000000032e88      0x160
 *(.got)
 .got           0x0000000000032e88      0x160 /usr/lib/gcc/i686-linux-gnu/7/../../../i386-linux-gnu/crti.o
 *(.igot)
                0x0000000000032ff4                . = DATA_SEGMENT_RELRO_END (., (SIZEOF (.got.plt) >= 0xc)?0xc:0x0)

.got.plt        0x0000000000033000      0x558
 *(.got.plt)
 .got.plt       0x0000000000033000      0x558 /usr/lib/gcc/i686-linux-gnu/7/../../../i386-linux-gnu/crti.o
                0x0000000000033000                _GLOBAL_OFFSET_TABLE_
 *(.igot.plt)

.data           0x0000000000033560      0x484
 *(.data .data.* .gnu.linkonce.d.*)
 .data          0x0000000000033560        0x0 /usr/lib/gcc/i686-linux-gnu/7/../../../i386-linux-gnu/crti.o
 .data          0x0000000000033560        0x0 /usr/lib/gcc/i686-linux-gnu/7/crtbeginS.o
 .data.rel.local
                0x0000000000033560        0x4 /usr/lib/gcc/i686-linux-gnu/7/crtbeginS.o
                0x0000000000033560                __dso_handle
 .data          0x0000000000033564        0x0 coap-server.o
 .data.rel.local
                0x0000000000033564       0x10 coap-server.o
                0x0000000000033564                coap_server
 .data          0x0000000000033574        0x0 build/cooja/mtype440.o
 *fill*         0x0000000000033574        0xc 
 .data.rel      0x0000000000033580       0x44 build/cooja/mtype440.o
                0x0000000000033580                simInterfaces
                0x00000000000335b4                sensors
 .data          0x00000000000335c4        0x0 build/cooja/obj/virtual-sensor.o
 .data          0x00000000000335c4        0x0 build/cooja/mtype440.a(simEnvChange.o)
 .data          0x00000000000335c4        0x0 build/cooja/mtype440.a(cooja_mt.o)
 .data          0x00000000000335c4        0x0 build/cooja/mtype440.a(cooja_mtarch.o)
 .data          0x00000000000335c4        0x0 build/cooja/mtype440.a(rtimer-arch.o)
 .data          0x00000000000335c4        0x0 build/cooja/mtype440.a(beep.o)
 .data          0x00000000000335c4        0x0 build/cooja/mtype440.a(leds-arch.o)
 .data          0x00000000000335c4        0x0 build/cooja/mtype440.a(moteid.o)
 .data          0x00000000000335c4        0x0 build/cooja/mtype440.a(pir-sensor.o)
 .data          0x00000000000335c4        0x0 build/cooja/mtype440.a(rs232.o)
 .data          0x00000000000335c4        0x0 build/cooja/mtype440.a(vib-sensor.o)
 .data          0x00000000000335c4        0x0 build/cooja/mtype440.a(clock.o)
 .data          0x00000000000335c4        0x0 build/cooja/mtype440.a(cooja-log.o)
 .data          0x00000000000335c4        0x0 build/cooja/mtype440.a(cfs-cooja.o)
 .data          0x00000000000335c4       0x1c build/cooja/mtype440.a(cooja-radio.o)
                0x00000000000335c4                simRadioHWOn
                0x00000000000335c8                simSignalStrength
                0x00000000000335cc                simLastSignalStrength
                0x00000000000335d0                simPower
                0x00000000000335d4                simRadioChannel
                0x00000000000335d8                simLQI
 .data.rel.local
                0x00000000000335e0       0x10 build/cooja/mtype440.a(cooja-radio.o)
                0x00000000000335e0                cooja_radio_process
 .data          0x00000000000335f0        0x0 build/cooja/mtype440.a(eeprom.o)
 .data          0x00000000000335f0        0x0 build/cooja/mtype440.a(random.o)
 .data          0x00000000000335f0        0x0 build/cooja/mtype440.a(sensors.o)
 .data.rel.local
                0x00000000000335f0       0x10 build/cooja/mtype440.a(sensors.o)
                0x00000000000335f0                sensors_process
 .data          0x0000000000033600        0x0 build/cooja/mtype440.a(leds.o)
 .data          0x0000000000033600        0x0 build/cooja/mtype440.a(gpio-hal-arch.o)
 .data          0x0000000000033600        0x1 build/cooja/mtype440.a(buttons.o)
                0x0000000000033600                simButtonIsActive
 *fill*         0x0000000000033601       0x1f 
 .data.rel.local
                0x0000000000033620       0x58 build/cooja/mtype440.a(buttons.o)
                0x0000000000033670                button_hal_buttons
 .data          0x0000000000033678        0x0 build/cooja/mtype440.a(res-battery.o)
 *fill*         0x0000000000033678        0x8 
 .data.rel.local
                0x0000000000033680       0x24 build/cooja/mtype440.a(res-battery.o)
                0x0000000000033680                res_battery
 .data          0x00000000000336a4        0x0 build/cooja/mtype440.a(res-temperature)
 *fill*         0x00000000000336a4       0x1c 
 .data.rel.local
                0x00000000000336c0       0x44 build/cooja/mtype440.a(res-temperature)
                0x00000000000336e0                res_temperature
 .data          0x0000000000033704        0x0 build/cooja/mtype440.a(coap-engine.o)
 .data.rel.local
                0x0000000000033704        0x8 build/cooja/mtype440.a(coap-engine.o)
 .data          0x000000000003370c        0x0 build/cooja/mtype440.a(coap-observe.o)
 .data.rel.local
                0x000000000003370c       0x10 build/cooja/mtype440.a(coap-observe.o)
 .data          0x000000000003371c        0x0 build/cooja/mtype440.a(coap-transactio)
 .data.rel.local
                0x000000000003371c       0x10 build/cooja/mtype440.a(coap-transactio)
 .data          0x000000000003372c        0x0 build/cooja/mtype440.a(coap-res-well-k)
 *fill*         0x000000000003372c       0x14 
 .data.rel.local
                0x0000000000033740       0x24 build/cooja/mtype440.a(coap-res-well-k)
                0x0000000000033740                res_well_known_core
 .data          0x0000000000033764        0x0 build/cooja/mtype440.a(coap.o)
 .data.rel.local
                0x0000000000033764        0x4 build/cooja/mtype440.a(coap.o)
                0x0000000000033764                coap_error_message
 .data          0x0000000000033768        0x0 build/cooja/mtype440.a(coap-uip.o)
 .data.rel.local
                0x0000000000033768       0x10 build/cooja/mtype440.a(coap-uip.o)
                0x0000000000033768                coap_engine
 .data          0x0000000000033778        0x0 build/cooja/mtype440.a(coap-timer.o)
 .data.rel.local
                0x0000000000033778        0x4 build/cooja/mtype440.a(coap-timer.o)
 .data          0x000000000003377c        0x0 build/cooja/mtype440.a(contiki-main.o)
 .data          0x000000000003377c        0x0 build/cooja/mtype440.a(autostart.o)
 .data          0x000000000003377c        0x0 build/cooja/mtype440.a(ctimer.o)
 .data.rel.local
                0x000000000003377c       0x14 build/cooja/mtype440.a(ctimer.o)
                0x0000000000033780                ctimer_process
 .data          0x0000000000033790        0x0 build/cooja/mtype440.a(energest.o)
 .data          0x0000000000033790        0x0 build/cooja/mtype440.a(etimer.o)
 .data.rel.local
                0x0000000000033790       0x10 build/cooja/mtype440.a(etimer.o)
                0x0000000000033790                etimer_process
 .data          0x00000000000337a0        0x4 build/cooja/mtype440.a(log.o)
                0x00000000000337a0                curr_log_level_main
 *fill*         0x00000000000337a4       0x1c 
 .data.rel.local
                0x00000000000337c0       0x9c build/cooja/mtype440.a(log.o)
                0x00000000000337c0                all_modules
 .data          0x000000000003385c        0x0 build/cooja/mtype440.a(rtimer.o)
 .data          0x000000000003385c        0x0 build/cooja/mtype440.a(node-id.o)
 .data          0x000000000003385c        0x0 build/cooja/mtype440.a(process.o)
 .data          0x000000000003385c        0x0 build/cooja/mtype440.a(timer.o)
 .data          0x000000000003385c        0x0 build/cooja/mtype440.a(list.o)
 .data          0x000000000003385c        0x0 build/cooja/mtype440.a(memb.o)
 .data          0x000000000003385c        0x0 build/cooja/mtype440.a(button-hal.o)
 .data.rel.local
                0x000000000003385c       0x10 build/cooja/mtype440.a(button-hal.o)
                0x000000000003385c                button_hal_process
 .data          0x000000000003386c        0x0 build/cooja/mtype440.a(serial-line.o)
 .data.rel.local
                0x000000000003386c       0x10 build/cooja/mtype440.a(serial-line.o)
                0x000000000003386c                serial_line_process
 .data          0x000000000003387c        0x0 build/cooja/mtype440.a(gpio-hal.o)
 .data.rel.local
                0x000000000003387c        0x4 build/cooja/mtype440.a(gpio-hal.o)
 .data          0x0000000000033880        0x0 build/cooja/mtype440.a(queuebuf.o)
 .data.rel.local
                0x0000000000033880       0x18 build/cooja/mtype440.a(queuebuf.o)
 .data          0x0000000000033898        0x0 build/cooja/mtype440.a(packetbuf.o)
 .data.rel.local
                0x0000000000033898        0x4 build/cooja/mtype440.a(packetbuf.o)
 .data          0x000000000003389c        0x0 build/cooja/mtype440.a(netstack.o)
 .data.rel.local
                0x000000000003389c        0x4 build/cooja/mtype440.a(netstack.o)
 .data          0x00000000000338a0        0x0 build/cooja/mtype440.a(linkaddr.o)
 .data          0x00000000000338a0        0x0 build/cooja/mtype440.a(csma.o)
 .data          0x00000000000338a0        0x0 build/cooja/mtype440.a(csma-output.o)
 .data.rel.local
                0x00000000000338a0       0x28 build/cooja/mtype440.a(csma-output.o)
 .data          0x00000000000338c8        0x0 build/cooja/mtype440.a(uip-ds6.o)
 .data          0x00000000000338c8        0x0 build/cooja/mtype440.a(tcpip.o)
 .data.rel.local
                0x00000000000338c8       0x10 build/cooja/mtype440.a(tcpip.o)
                0x00000000000338c8                tcpip_process
 .data          0x00000000000338d8        0x0 build/cooja/mtype440.a(uip-udp-packet.)
 .data          0x00000000000338d8        0x0 build/cooja/mtype440.a(uip-ds6-route.o)
 .data.rel.local
                0x00000000000338d8       0x10 build/cooja/mtype440.a(uip-ds6-route.o)
 .data          0x00000000000338e8        0x0 build/cooja/mtype440.a(uip-ds6-nbr.o)
 .data.rel.local
                0x00000000000338e8       0x14 build/cooja/mtype440.a(uip-ds6-nbr.o)
 .data          0x00000000000338fc        0x0 build/cooja/mtype440.a(uip6.o)
 .data          0x00000000000338fc        0x0 build/cooja/mtype440.a(uip-nd6.o)
 .data.rel.local
                0x00000000000338fc        0xc build/cooja/mtype440.a(uip-nd6.o)
 .data          0x0000000000033908        0x0 build/cooja/mtype440.a(sicslowpan.o)
 .data          0x0000000000033908        0x0 build/cooja/mtype440.a(uiplib.o)
 .data          0x0000000000033908        0x0 build/cooja/mtype440.a(rpl.o)
 .data          0x0000000000033908        0x0 build/cooja/mtype440.a(rpl-icmp6.o)
 .data.rel.local
                0x0000000000033908       0x30 build/cooja/mtype440.a(rpl-icmp6.o)
 .data          0x0000000000033938        0x0 build/cooja/mtype440.a(rpl-dag-root.o)
 .data          0x0000000000033938        0x0 build/cooja/mtype440.a(watchdog.o)
 .data          0x0000000000033938        0x0 build/cooja/mtype440.a(int-master.o)
 .data          0x0000000000033938        0x0 build/cooja/mtype440.a(coap-timer-defa)
 .data.rel.local
                0x0000000000033938       0x10 build/cooja/mtype440.a(coap-timer-defa)
                0x0000000000033938                coap_timer_process
 .data          0x0000000000033948        0x0 build/cooja/mtype440.a(stimer.o)
 .data          0x0000000000033948        0x0 build/cooja/mtype440.a(assert.o)
 .data          0x0000000000033948        0x0 build/cooja/mtype440.a(ringbuf.o)
 .data          0x0000000000033948        0x0 build/cooja/mtype440.a(nbr-table.o)
 .data.rel.local
                0x0000000000033948       0x10 build/cooja/mtype440.a(nbr-table.o)
 .data          0x0000000000033958        0x0 build/cooja/mtype440.a(link-stats.o)
 .data.rel.local
                0x0000000000033958       0x14 build/cooja/mtype440.a(link-stats.o)
 .data          0x000000000003396c        0x0 build/cooja/mtype440.a(mac-sequence.o)
 .data          0x000000000003396c        0x0 build/cooja/mtype440.a(mac.o)
 .data          0x000000000003396c        0x0 build/cooja/mtype440.a(framer-802154.o)
 .data          0x000000000003396c        0x2 build/cooja/mtype440.a(frame802154.o)
 .data          0x000000000003396e        0x0 build/cooja/mtype440.a(csma-security.o)
 .data          0x000000000003396e        0x0 build/cooja/mtype440.a(uipbuf.o)
 .data          0x000000000003396e        0x0 build/cooja/mtype440.a(uip-icmp6.o)
 *fill*         0x000000000003396e        0x2 
 .data.rel.local
                0x0000000000033970       0x20 build/cooja/mtype440.a(uip-icmp6.o)
 .data          0x0000000000033990        0x0 build/cooja/mtype440.a(uip-sr.o)
 .data.rel.local
                0x0000000000033990       0x10 build/cooja/mtype440.a(uip-sr.o)
 .data          0x00000000000339a0        0x0 build/cooja/mtype440.a(uip-packetqueue)
 .data.rel.local
                0x00000000000339a0        0xc build/cooja/mtype440.a(uip-packetqueue)
 .data          0x00000000000339ac        0x0 build/cooja/mtype440.a(rpl-nbr-policy.)
 .data          0x00000000000339ac        0x0 build/cooja/mtype440.a(rpl-neighbor.o)
 .data.rel.local
                0x00000000000339ac       0x14 build/cooja/mtype440.a(rpl-neighbor.o)
                0x00000000000339bc                rpl_neighbors
 .data          0x00000000000339c0        0x0 build/cooja/mtype440.a(rpl-dag.o)
 .data          0x00000000000339c0        0x0 build/cooja/mtype440.a(rpl-timers.o)
 .data          0x00000000000339c0        0x0 build/cooja/mtype440.a(rpl-ext-header.)
 .data          0x00000000000339c0        0x0 build/cooja/mtype440.a(rpl-mrhof.o)
 .data.rel.local
                0x00000000000339c0       0x24 build/cooja/mtype440.a(rpl-mrhof.o)
                0x00000000000339c0                rpl_mrhof
 .data          0x00000000000339e4        0x0 /usr/lib/gcc/i686-linux-gnu/7/libgcc.a(_udivdi3.o)
 .data          0x00000000000339e4        0x0 /usr/lib/i386-linux-gnu/libc_nonshared.a(stack_chk_fail_local.oS)
 .data          0x00000000000339e4        0x0 /usr/lib/gcc/i686-linux-gnu/7/crtendS.o
 .data          0x00000000000339e4        0x0 /usr/lib/gcc/i686-linux-gnu/7/../../../i386-linux-gnu/crtn.o

.tm_clone_table
                0x00000000000339e4        0x0
 .tm_clone_table
                0x00000000000339e4        0x0 /usr/lib/gcc/i686-linux-gnu/7/crtbeginS.o
 .tm_clone_table
                0x00000000000339e4        0x0 /usr/lib/gcc/i686-linux-gnu/7/crtendS.o

.data1
 *(.data1)
                0x00000000000339e4                _edata = .
                [!provide]                        PROVIDE (edata = .)
                0x00000000000339e4                . = .
                0x00000000000339e4                __bss_start = .

.bss            0x0000000000033a00    0x13dc4
 *(.dynbss)
 .dynbss        0x0000000000033a00        0x0 /usr/lib/gcc/i686-linux-gnu/7/../../../i386-linux-gnu/crti.o
 *(.bss .bss.* .gnu.linkonce.b.*)
 .bss           0x0000000000033a00        0x0 /usr/lib/gcc/i686-linux-gnu/7/../../../i386-linux-gnu/crti.o
 .bss           0x0000000000033a00        0x1 /usr/lib/gcc/i686-linux-gnu/7/crtbeginS.o
 .bss           0x0000000000033a01        0x0 coap-server.o
 *fill*         0x0000000000033a01       0x1f 
 .bss           0x0000000000033a20     0x2040 build/cooja/mtype440.o
 .bss           0x0000000000035a60        0x0 build/cooja/obj/virtual-sensor.o
 .bss           0x0000000000035a60        0x1 build/cooja/mtype440.a(simEnvChange.o)
                0x0000000000035a60                simDontFallAsleep
 *fill*         0x0000000000035a61        0x3 
 .bss           0x0000000000035a64        0x4 build/cooja/mtype440.a(cooja_mt.o)
 .bss           0x0000000000035a68        0x4 build/cooja/mtype440.a(cooja_mtarch.o)